Using default tag: latest
latest: Pulling from battlecode/battlecode-2018
Digest: sha256:1a2169ed8a700b9102dd2b4a0de3c3f318f8c696ea9ad9f5acae0b85109a1978
Status: Image is up to date for battlecode/battlecode-2018:latest
Total reclaimed space: 0B
=== STARTING THE MANAGER ===
=== random garbage incoming: ===
nohup: appending output to nohup.out

[1A[1K[Kcd7100a72410: Loading layer  65.54kB/4.403MB[1B[1A[1K[Kcd7100a72410: Loading layer   4.26MB/4.403MB[1B[1A[1K[Kcd7100a72410: Loading layer  4.403MB/4.403MB[1B
[1A[1K[K0a978a668244: Loading layer  557.1kB/743MB[1B[1A[1K[K0a978a668244: Loading layer  5.571MB/743MB[1B[1A[1K[K0a978a668244: Loading layer  16.15MB/743MB[1B[1A[1K[K0a978a668244: Loading layer  25.07MB/743MB[1B[1A[1K[K0a978a668244: Loading layer  33.98MB/743MB[1B[1A[1K[K0a978a668244: Loading layer  47.35MB/743MB[1B[1A[1K[K0a978a668244: Loading layer  55.71MB/743MB[1B[1A[1K[K0a978a668244: Loading layer  69.07MB/743MB[1B[1A[1K[K0a978a668244: Loading layer  81.33MB/743MB[1B[1A[1K[K0a978a668244: Loading layer  93.59MB/743MB[1B[1A[1K[K0a978a668244: Loading layer  105.8MB/743MB[1B[1A[1K[K0a978a668244: Loading layer  115.9MB/743MB[1B[1A[1K[K0a978a668244: Loading layer  128.7MB/743MB[1B[1A[1K[K0a978a668244: Loading layer  139.3MB/743MB[1B[1A[1K[K0a978a668244: Loading layer  148.7MB/743MB[1B[1A[1K[K0a978a668244: Loading layer  158.2MB/743MB[1B[1A[1K[K0a978a668244: Loading layer  167.7MB/743MB[1B[1A[1K[K0a978a668244: Loading layer  178.3MB/743MB[1B[1A[1K[K0a978a668244: Loading layer  188.8MB/743MB[1B[1A[1K[K0a978a668244: Loading layer  194.4MB/743MB[1B[1A[1K[K0a978a668244: Loading layer  203.3MB/743MB[1B[1A[1K[K0a978a668244: Loading layer  212.2MB/743MB[1B[1A[1K[K0a978a668244: Loading layer  221.7MB/743MB[1B[1A[1K[K0a978a668244: Loading layer  227.8MB/743MB[1B[1A[1K[K0a978a668244: Loading layer  239.5MB/743MB[1B[1A[1K[K0a978a668244: Loading layer  251.8MB/743MB[1B[1A[1K[K0a978a668244: Loading layer    264MB/743MB[1B[1A[1K[K0a978a668244: Loading layer  275.2MB/743MB[1B[1A[1K[K0a978a668244: Loading layer  283.5MB/743MB[1B[1A[1K[K0a978a668244: Loading layer  287.4MB/743MB[1B[1A[1K[K0a978a668244: Loading layer  299.7MB/743MB[1B[1A[1K[K0a978a668244: Loading layer  310.3MB/743MB[1B[1A[1K[K0a978a668244: Loading layer  318.6MB/743MB[1B[1A[1K[K0a978a668244: Loading layer  323.6MB/743MB[1B[1A[1K[K0a978a668244: Loading layer  325.9MB/743MB[1B[1A[1K[K0a978a668244: Loading layer  327.5MB/743MB[1B[1A[1K[K0a978a668244: Loading layer  329.2MB/743MB[1B[1A[1K[K0a978a668244: Loading layer  330.9MB/743MB[1B[1A[1K[K0a978a668244: Loading layer  332.6MB/743MB[1B[1A[1K[K0a978a668244: Loading layer  336.5MB/743MB[1B[1A[1K[K0a978a668244: Loading layer  343.7MB/743MB[1B[1A[1K[K0a978a668244: Loading layer  350.4MB/743MB[1B[1A[1K[K0a978a668244: Loading layer  358.2MB/743MB[1B[1A[1K[K0a978a668244: Loading layer    366MB/743MB[1B[1A[1K[K0a978a668244: Loading layer  374.9MB/743MB[1B[1A[1K[K0a978a668244: Loading layer  387.7MB/743MB[1B[1A[1K[K0a978a668244: Loading layer  400.5MB/743MB[1B[1A[1K[K0a978a668244: Loading layer  408.9MB/743MB[1B[1A[1K[K0a978a668244: Loading layer  418.3MB/743MB[1B[1A[1K[K0a978a668244: Loading layer  425.6MB/743MB[1B[1A[1K[K0a978a668244: Loading layer  437.8MB/743MB[1B[1A[1K[K0a978a668244: Loading layer  449.5MB/743MB[1B[1A[1K[K0a978a668244: Loading layer  456.2MB/743MB[1B[1A[1K[K0a978a668244: Loading layer  465.1MB/743MB[1B[1A[1K[K0a978a668244: Loading layer  471.8MB/743MB[1B[1A[1K[K0a978a668244: Loading layer  477.4MB/743MB[1B[1A[1K[K0a978a668244: Loading layer    483MB/743MB[1B[1A[1K[K0a978a668244: Loading layer  488.5MB/743MB[1B[1A[1K[K0a978a668244: Loading layer  495.8MB/743MB[1B[1A[1K[K0a978a668244: Loading layer  505.8MB/743MB[1B[1A[1K[K0a978a668244: Loading layer  514.2MB/743MB[1B[1A[1K[K0a978a668244: Loading layer  520.3MB/743MB[1B[1A[1K[K0a978a668244: Loading layer    527MB/743MB[1B[1A[1K[K0a978a668244: Loading layer  533.1MB/743MB[1B[1A[1K[K0a978a668244: Loading layer  538.7MB/743MB[1B[1A[1K[K0a978a668244: Loading layer  543.1MB/743MB[1B[1A[1K[K0a978a668244: Loading layer  554.8MB/743MB[1B[1A[1K[K0a978a668244: Loading layer  567.6MB/743MB[1B[1A[1K[K0a978a668244: Loading layer  580.5MB/743MB[1B[1A[1K[K0a978a668244: Loading layer  584.9MB/743MB[1B[1A[1K[K0a978a668244: Loading layer  595.5MB/743MB[1B[1A[1K[K0a978a668244: Loading layer  604.4MB/743MB[1B[1A[1K[K0a978a668244: Loading layer  616.1MB/743MB[1B[1A[1K[K0a978a668244: Loading layer  627.2MB/743MB[1B[1A[1K[K0a978a668244: Loading layer  638.9MB/743MB[1B[1A[1K[K0a978a668244: Loading layer  644.5MB/743MB[1B[1A[1K[K0a978a668244: Loading layer  656.8MB/743MB[1B[1A[1K[K0a978a668244: Loading layer  667.9MB/743MB[1B[1A[1K[K0a978a668244: Loading layer  680.2MB/743MB[1B[1A[1K[K0a978a668244: Loading layer  691.9MB/743MB[1B[1A[1K[K0a978a668244: Loading layer  701.3MB/743MB[1B[1A[1K[K0a978a668244: Loading layer  701.9MB/743MB[1B[1A[1K[K0a978a668244: Loading layer  711.4MB/743MB[1B[1A[1K[K0a978a668244: Loading layer  721.4MB/743MB[1B[1A[1K[K0a978a668244: Loading layer  729.7MB/743MB[1B[1A[1K[K0a978a668244: Loading layer  734.2MB/743MB[1B[1A[1K[K0a978a668244: Loading layer    737MB/743MB[1B[1A[1K[K0a978a668244: Loading layer  738.7MB/743MB[1B[1A[1K[K0a978a668244: Loading layer  740.3MB/743MB[1B[1A[1K[K0a978a668244: Loading layer    743MB/743MB[1BLoaded image: battlebaby:latest
=== random garbage complete! ===
Moving into /battlecode/battlecode-manager
Starting eel
=== Ready! ===
To play games open http://localhost:6147/run.html in your browser on Mac/Linux/WindowsPro, or http://192.168.99.100:6147/run.html on Windows10Home.
Loading map /player/battlecode-maps/bananas.bc18t
Running game server on socket unix:///tmp/battlecode-0
Running game...
[earth:blue] WorkerHandler.java:87: error: ')' expected
[earth:blue]         if ((parent.getRobotCount(UnitType.Factory) == 1 && (parent.getRobotCount(UnitType.Worker) == 1 || (parent.getRobotCount(UnitType.Factory) <= parent.getRobotCount(UnitType.Worker) && gc.senseNearbyUnitsByType(location, unit.visionRange(), UnitType.Worker).size() <= 1)) {
[earth:blue]                                                                                                                                                                                                                                                                                      ^
[mars:blue] WorkerHandler.java:87: error: ')' expected
[mars:blue]         if ((parent.getRobotCount(UnitType.Factory) == 1 && (parent.getRobotCount(UnitType.Worker) == 1 || (parent.getRobotCount(UnitType.Factory) <= parent.getRobotCount(UnitType.Worker) && gc.senseNearbyUnitsByType(location, unit.visionRange(), UnitType.Worker).size() <= 1)) {
[mars:blue]                                                                                                                                                                                                                                                                                      ^
[earth:blue] 1 error
[mars:blue] 1 error
[earth:blue] Error: Could not find or load main class Player
[earth:blue] Caused by: java.lang.ClassNotFoundException: Player
[mars:blue] Error: Could not find or load main class Player
[mars:blue] Caused by: java.lang.ClassNotFoundException: Player
[earth:red] Note: Some input files use or override a deprecated API.
[earth:red] Note: Recompile with -Xlint:deprecation for details.
[mars:red] Note: Some input files use or override a deprecated API.
[mars:red] Note: Recompile with -Xlint:deprecation for details.
[earth:red] -- Starting battlecode java engine, vroom vroom! --
[mars:red] -- Starting battlecode java engine, vroom vroom! --
[earth:red] -- Note: you may get a warning about stack guards, please ignore it. --
[mars:red] -- Note: you may get a warning about stack guards, please ignore it. --
[earth:red] Loading linux library: /battlecode/java/bc/libbattlecode-java-linux.so
[earth:red] Java HotSpot(TM) 64-Bit Server VM warning: You have loaded library /battlecode/java/bc/libbattlecode-java-linux.so which might have disabled stack guard. The VM will try to fix the stack guard now.
[earth:red] It's highly recommended that you fix the library with 'execstack -c <libfile>', or link it with '-z noexecstack'.
[earth:red] -- Engine loaded. --
[earth:red] Player connecting to unix:///tmp/battlecode-socket
[mars:red] Loading linux library: /battlecode/java/bc/libbattlecode-java-linux.so
[mars:red] Java HotSpot(TM) 64-Bit Server VM warning: You have loaded library /battlecode/java/bc/libbattlecode-java-linux.so which might have disabled stack guard. The VM will try to fix the stack guard now.
[mars:red] It's highly recommended that you fix the library with 'execstack -c <libfile>', or link it with '-z noexecstack'.
[mars:red] -- Engine loaded. --
[mars:red] Player connecting to unix:///tmp/battlecode-socket
Saving replay to /player/replay.bc18
Ready to run next game.
Loading map /player/battlecode-maps/bananas.bc18t
Running game server on socket unix:///tmp/battlecode-0
Running game...
[earth:red] Note: Some input files use or override a deprecated API.
[earth:red] Note: Recompile with -Xlint:deprecation for details.
[earth:red] -- Starting battlecode java engine, vroom vroom! --
[mars:red] Note: Some input files use or override a deprecated API.
[mars:red] Note: Recompile with -Xlint:deprecation for details.
[earth:red] -- Note: you may get a warning about stack guards, please ignore it. --
[earth:red] Loading linux library: /battlecode/java/bc/libbattlecode-java-linux.so
[earth:red] Java HotSpot(TM) 64-Bit Server VM warning: You have loaded library /battlecode/java/bc/libbattlecode-java-linux.so which might have disabled stack guard. The VM will try to fix the stack guard now.
[earth:red] It's highly recommended that you fix the library with 'execstack -c <libfile>', or link it with '-z noexecstack'.
[earth:red] -- Engine loaded. --
[earth:red] Player connecting to unix:///tmp/battlecode-socket
[mars:red] -- Starting battlecode java engine, vroom vroom! --
[mars:red] -- Note: you may get a warning about stack guards, please ignore it. --
[mars:red] Loading linux library: /battlecode/java/bc/libbattlecode-java-linux.so
[mars:red] Java HotSpot(TM) 64-Bit Server VM warning: You have loaded library /battlecode/java/bc/libbattlecode-java-linux.so which might have disabled stack guard. The VM will try to fix the stack guard now.
[mars:red] It's highly recommended that you fix the library with 'execstack -c <libfile>', or link it with '-z noexecstack'.
[mars:red] -- Engine loaded. --
[mars:red] Player connecting to unix:///tmp/battlecode-socket
[earth:blue] Note: Some input files use or override a deprecated API.
[earth:blue] Note: Recompile with -Xlint:deprecation for details.
[mars:blue] Note: Some input files use or override a deprecated API.
[mars:blue] Note: Recompile with -Xlint:deprecation for details.
[earth:blue] Structure Base initiated
[earth:blue] -- Starting battlecode java engine, vroom vroom! --
[earth:blue] -- Note: you may get a warning about stack guards, please ignore it. --
[mars:blue] Structure Base initiated
[mars:blue] -- Starting battlecode java engine, vroom vroom! --
[earth:blue] Loading linux library: /battlecode/java/bc/libbattlecode-java-linux.so
[earth:blue] Java HotSpot(TM) 64-Bit Server VM warning: You have loaded library /battlecode/java/bc/libbattlecode-java-linux.so which might have disabled stack guard. The VM will try to fix the stack guard now.
[earth:blue] It's highly recommended that you fix the library with 'execstack -c <libfile>', or link it with '-z noexecstack'.
[earth:blue] -- Engine loaded. --
[earth:blue] Player connecting to unix:///tmp/battlecode-socket
[mars:blue] -- Note: you may get a warning about stack guards, please ignore it. --
[mars:blue] Loading linux library: /battlecode/java/bc/libbattlecode-java-linux.so
[mars:blue] Java HotSpot(TM) 64-Bit Server VM warning: You have loaded library /battlecode/java/bc/libbattlecode-java-linux.so which might have disabled stack guard. The VM will try to fix the stack guard now.
[mars:blue] It's highly recommended that you fix the library with 'execstack -c <libfile>', or link it with '-z noexecstack'.
[mars:blue] -- Engine loaded. --
[mars:blue] Player connecting to unix:///tmp/battlecode-socket
[earth:red] Successfully connected to the manager!
[earth:blue] Successfully connected to the manager!
[earth:blue] Running PlayerController...
[earth:blue] Earth Controller initiated
[earth:blue] Round #1
[mars:red] Successfully connected to the manager!
[mars:blue] Successfully connected to the manager!
[mars:blue] Running PlayerController...
[mars:blue] Mars Controller initiated
[earth:blue] Round #2
[earth:blue] Round #3
[earth:blue] Round #4
[earth:blue] Round #5
[earth:blue] Round #6
[earth:blue] Round #7
[earth:blue] Round #8
[earth:blue] THIS_IS_IT
[earth:blue] Round #9
[earth:blue] Round #10
[earth:blue] Round #11
[earth:blue] Round #12
[earth:blue] Round #13
[earth:blue] Round #14
[earth:blue] Round #15
[earth:blue] Round #16
[earth:blue] Round #17
[earth:blue] Round #18
[earth:blue] Round #19
[earth:blue] Round #20
[earth:blue] Round #21
[earth:blue] Round #22
[earth:blue] Round #23
[earth:blue] Round #24
[earth:blue] Round #25
[earth:blue] Round #26
[earth:blue] Round #27
[earth:blue] Round #28
[earth:blue] Round #29
[earth:blue] Round #30
[earth:blue] Round #31
[earth:blue] Round #32
[earth:blue] Round #33
[earth:blue] Round #34
[earth:blue] Round #35
[earth:blue] Round #36
[earth:blue] Round #37
[earth:blue] Round #38
[earth:blue] Round #39
[earth:blue] Round #40
[earth:blue] Round #41
[earth:blue] Round #42
[earth:blue] Round #43
[earth:blue] Round #44
[earth:blue] Round #45
[earth:blue] Round #46
[earth:blue] Round #47
[earth:blue] Round #48
[earth:blue] Round #49
[earth:blue] Round #50
[earth:blue] Round #51
[earth:blue] Round #52
[earth:blue] Round #53
[earth:blue] Round #54
[earth:blue] Round #55
[earth:blue] Round #56
[earth:blue] Round #57
[earth:blue] Round #58
[earth:blue] Round #59
[earth:blue] Round #60
[earth:blue] Round #61
[earth:blue] Round #62
[earth:blue] Round #63
[earth:blue] Round #64
[earth:blue] Round #65
[earth:blue] Round #66
[earth:blue] Round #67
[earth:blue] Round #68
[earth:blue] Round #69
[earth:blue] Round #70
[earth:blue] Round #71
[earth:blue] Round #72
[earth:blue] Round #73
[earth:blue] Round #74
[earth:blue] Round #75
[earth:blue] Round #76
[earth:blue] Round #77
[earth:blue] Round #78
[earth:blue] Round #79
[earth:blue] Round #80
[earth:blue] Round #81
[earth:blue] Round #82
[earth:blue] Round #83
[earth:blue] Round #84
[earth:blue] Round #85
[earth:blue] Round #86
[earth:blue] Round #87
[earth:blue] Round #88
[earth:blue] Round #89
[earth:blue] Round #90
[earth:blue] Round #91
[earth:blue] Round #92
[earth:blue] Round #93
[earth:blue] Round #94
[earth:blue] Round #95
[earth:blue] Round #96
[earth:blue] Round #97
[earth:blue] Round #98
[earth:blue] Round #99
[earth:blue] Round #100
[earth:blue] Round #101
[earth:blue] Round #102
[earth:blue] Round #103
[earth:blue] Round #104
[earth:blue] Round #105
[earth:blue] Round #106
[earth:blue] Round #107
[earth:blue] Round #108
[earth:blue] Round #109
[earth:blue] Round #110
[earth:blue] Round #111
[earth:blue] Round #112
[earth:blue] Round #113
[earth:blue] Round #114
[earth:blue] Round #115
[earth:blue] Round #116
[earth:blue] Round #117
[earth:blue] Round #118
[earth:blue] Round #119
[earth:blue] Round #120
[earth:blue] Round #121
[earth:blue] Round #122
[earth:blue] Round #123
[earth:blue] Round #124
[earth:blue] Round #125
[earth:blue] Round #126
[earth:blue] Round #127
[earth:blue] Round #128
[earth:blue] Round #129
[earth:blue] Round #130
[earth:blue] Round #131
[earth:blue] Round #132
[earth:blue] Round #133
[earth:blue] Round #134
[earth:blue] Round #135
[earth:blue] Round #136
[earth:blue] Round #137
[earth:blue] Round #138
[earth:blue] Round #139
[earth:blue] Round #140
[earth:blue] Round #141
[earth:blue] Round #142
[earth:blue] Round #143
[earth:blue] Round #144
[earth:blue] Round #145
[earth:blue] Round #146
[earth:blue] Round #147
[earth:blue] Round #148
[earth:blue] Round #149
[earth:blue] Round #150
[earth:blue] Round #151
[earth:blue] Round #152
[earth:blue] Round #153
[earth:blue] Round #154
[earth:blue] Round #155
[earth:blue] Round #156
[earth:blue] Round #157
[earth:blue] Round #158
[earth:blue] Round #159
[earth:blue] Round #160
[earth:blue] Round #161
[earth:blue] Round #162
[earth:blue] Round #163
[earth:blue] Round #164
[earth:blue] Round #165
[earth:blue] Round #166
[earth:blue] Round #167
[earth:blue] Round #168
[earth:blue] Round #169
[earth:blue] Round #170
[earth:blue] Round #171
[earth:blue] Round #172
[earth:blue] Round #173
[earth:blue] Round #174
[earth:blue] Round #175
[earth:blue] Round #176
[earth:blue] Round #177
[earth:blue] Round #178
[earth:blue] Round #179
[earth:blue] Round #180
[earth:blue] Round #181
[earth:blue] Round #182
[earth:blue] Round #183
[earth:blue] Round #184
[earth:blue] Round #185
[earth:blue] Round #186
[earth:blue] Round #187
[earth:blue] Round #188
[earth:blue] Round #189
[earth:blue] Round #190
[earth:blue] Round #191
[earth:blue] Round #192
[earth:blue] Round #193
[earth:blue] Round #194
[earth:blue] Round #195
[earth:blue] Round #196
[earth:blue] Round #197
[earth:blue] Round #198
[earth:blue] Round #199
[earth:blue] Round #200
[earth:blue] Round #201
[earth:blue] Round #202
[earth:blue] Round #203
[earth:blue] Round #204
[earth:blue] Round #205
[earth:blue] Round #206
[earth:blue] Round #207
[earth:blue] Round #208
[earth:blue] Round #209
[earth:blue] Round #210
[earth:blue] Round #211
[earth:blue] Round #212
[earth:blue] Round #213
[earth:blue] Round #214
[earth:blue] Round #215
[earth:blue] Round #216
[earth:blue] Round #217
[earth:blue] Round #218
[earth:blue] Round #219
[earth:blue] Round #220
[earth:blue] Round #221
[earth:blue] Round #222
[earth:blue] Round #223
[earth:blue] Round #224
[earth:blue] Round #225
[earth:blue] Round #226
[earth:blue] Round #227
[earth:blue] Round #228
[earth:blue] Round #229
[earth:blue] Round #230
[earth:blue] Round #231
[earth:blue] Round #232
[earth:blue] Round #233
[earth:blue] Round #234
[earth:blue] Round #235
[earth:blue] Round #236
[earth:blue] Round #237
[earth:blue] Round #238
[earth:blue] Round #239
[earth:blue] Round #240
[earth:blue] Round #241
[earth:blue] Round #242
[earth:blue] Round #243
[earth:blue] Round #244
[earth:blue] Round #245
[earth:blue] Round #246
[earth:blue] Round #247
[earth:blue] Round #248
[earth:blue] Round #249
[earth:blue] Round #250
[earth:blue] Round #251
[earth:blue] Round #252
[earth:blue] Round #253
[earth:blue] Round #254
[earth:blue] Round #255
[earth:blue] Round #256
[earth:blue] Round #257
[earth:blue] Round #258
[earth:blue] Round #259
[earth:blue] Round #260
[earth:blue] Round #261
[earth:blue] Round #262
[earth:blue] Round #263
[earth:blue] Round #264
[earth:blue] Round #265
[earth:blue] Round #266
[earth:blue] Round #267
[earth:blue] Round #268
[earth:blue] Round #269
[earth:blue] Round #270
[earth:blue] Round #271
[earth:blue] Round #272
[earth:blue] Round #273
[earth:blue] Round #274
[earth:blue] Round #275
[earth:blue] Round #276
[earth:blue] Round #277
[earth:blue] Round #278
[earth:blue] Round #279
[earth:blue] Round #280
[earth:blue] Round #281
[earth:blue] Round #282
[earth:blue] Round #283
[earth:blue] Round #284
[earth:blue] Round #285
[earth:blue] Round #286
[earth:blue] Round #287
[earth:blue] Round #288
[earth:blue] Round #289
[earth:blue] Round #290
[earth:blue] Round #291
[earth:blue] Round #292
[earth:blue] Round #293
[earth:blue] Round #294
[earth:blue] Round #295
[earth:blue] Round #296
[earth:blue] Round #297
[earth:blue] Round #298
[earth:blue] Round #299
[earth:blue] Round #300
[earth:blue] Round #301
[earth:blue] Round #302
[earth:blue] Round #303
[earth:blue] Round #304
[earth:blue] Round #305
[earth:blue] Round #306
[earth:blue] Round #307
[earth:blue] Round #308
[earth:blue] Round #309
[earth:blue] Round #310
[earth:blue] Round #311
[earth:blue] Round #312
[earth:blue] Round #313
[earth:blue] Round #314
[earth:blue] Round #315
[earth:blue] Round #316
[earth:blue] Round #317
[earth:blue] Round #318
[earth:blue] Round #319
[earth:blue] Round #320
[earth:blue] Round #321
[earth:blue] Round #322
[earth:blue] Round #323
[earth:blue] Round #324
[earth:blue] Round #325
[earth:blue] Round #326
[earth:blue] Round #327
[earth:blue] Round #328
[earth:blue] Round #329
[earth:blue] Round #330
[earth:blue] Round #331
[earth:blue] Round #332
[earth:blue] Round #333
[earth:blue] Round #334
[earth:blue] Round #335
[earth:blue] Round #336
[earth:blue] Round #337
[earth:blue] Round #338
[earth:blue] Round #339
[earth:blue] Round #340
[earth:blue] Round #341
[earth:blue] Round #342
[earth:blue] Round #343
[earth:blue] Round #344
[earth:blue] Round #345
[earth:blue] Round #346
[earth:blue] Round #347
[earth:blue] Round #348
[earth:blue] Round #349
[earth:blue] Round #350
[earth:blue] Round #351
[earth:blue] Round #352
[earth:blue] Round #353
[earth:blue] Round #354
[earth:blue] Round #355
[earth:blue] Round #356
[earth:blue] Round #357
[earth:blue] Round #358
[earth:blue] Round #359
[earth:blue] Round #360
[earth:blue] Round #361
[earth:blue] Round #362
[earth:blue] Round #363
[earth:blue] Round #364
[earth:blue] Round #365
[earth:blue] Round #366
[earth:blue] Round #367
[earth:blue] Round #368
[earth:blue] Round #369
[earth:blue] Round #370
[earth:blue] Round #371
[earth:blue] Round #372
[earth:blue] Round #373
[earth:blue] Round #374
[earth:blue] Round #375
[earth:blue] Round #376
[earth:blue] Round #377
[earth:blue] Round #378
[earth:blue] Round #379
[earth:blue] Round #380
[earth:blue] Round #381
[earth:blue] Round #382
[earth:blue] Round #383
[earth:blue] Round #384
[earth:blue] Round #385
[earth:blue] Round #386
[earth:blue] Round #387
[earth:blue] Round #388
[earth:blue] Round #389
[earth:blue] Round #390
[earth:blue] Round #391
[earth:blue] Round #392
[earth:blue] Round #393
[earth:blue] Round #394
[earth:blue] Round #395
[earth:blue] Round #396
[earth:blue] Round #397
[earth:blue] Round #398
[earth:blue] Round #399
[earth:blue] Round #400
[earth:blue] Round #401
[earth:blue] Round #402
[earth:blue] Round #403
[earth:blue] Round #404
[earth:blue] Round #405
[earth:blue] Round #406
[earth:blue] Round #407
[earth:blue] Round #408
[earth:blue] Round #409
[earth:blue] Round #410
[earth:blue] Round #411
[earth:blue] Round #412
[earth:blue] Round #413
[earth:blue] Round #414
[earth:blue] Round #415
[earth:blue] Round #416
[earth:blue] Round #417
[earth:blue] Round #418
[earth:blue] Round #419
[earth:blue] Round #420
[earth:blue] Round #421
[earth:blue] Round #422
[earth:blue] Round #423
[earth:blue] Round #424
[earth:blue] Round #425
[earth:blue] Round #426
[earth:blue] Round #427
[earth:blue] Round #428
[earth:blue] Round #429
[earth:blue] Round #430
[earth:blue] Round #431
[earth:blue] Round #432
[earth:blue] Round #433
[earth:blue] Round #434
[earth:blue] Round #435
[earth:blue] Round #436
[earth:blue] Round #437
[earth:blue] Round #438
[earth:blue] Round #439
[earth:blue] Round #440
[earth:blue] Round #441
[earth:blue] Round #442
[earth:blue] Round #443
[earth:blue] Round #444
[earth:blue] Round #445
[earth:blue] Round #446
[earth:blue] Round #447
[earth:blue] Round #448
[earth:blue] Round #449
[earth:blue] Round #450
[earth:blue] Round #451
[earth:blue] Round #452
[earth:blue] Round #453
[earth:blue] Round #454
[earth:blue] Round #455
[earth:blue] Round #456
[earth:blue] Round #457
[earth:blue] Round #458
[earth:blue] Round #459
[earth:blue] Round #460
[earth:blue] Round #461
[earth:blue] Round #462
[earth:blue] Round #463
[earth:blue] Round #464
[earth:blue] Round #465
[earth:blue] Round #466
[earth:blue] Round #467
[earth:blue] Round #468
[earth:blue] Round #469
[earth:blue] Round #470
[earth:blue] Round #471
[earth:blue] Round #472
[earth:blue] Round #473
[earth:blue] Round #474
[earth:blue] Round #475
[earth:blue] Round #476
[earth:blue] Round #477
[earth:blue] Round #478
[earth:blue] Round #479
[earth:blue] Round #480
[earth:blue] Round #481
[earth:blue] Round #482
[earth:blue] Round #483
[earth:blue] Round #484
[earth:blue] Round #485
[earth:blue] Round #486
[earth:blue] Round #487
[earth:blue] Round #488
[earth:blue] Round #489
[earth:blue] Round #490
[earth:blue] Round #491
[earth:blue] Round #492
[earth:blue] Round #493
[earth:blue] Round #494
[earth:blue] Round #495
[earth:blue] Round #496
[earth:blue] Round #497
[earth:blue] Round #498
[earth:blue] Round #499
[earth:blue] Round #500
[earth:blue] Round #501
[earth:blue] Round #502
[earth:blue] Round #503
[earth:blue] Round #504
[earth:blue] Round #505
[earth:blue] Round #506
[earth:blue] Round #507
[earth:blue] Round #508
[earth:blue] Round #509
[earth:blue] Round #510
[earth:blue] Round #511
[earth:blue] Round #512
[earth:blue] Round #513
[earth:blue] Round #514
[earth:blue] Round #515
[earth:blue] Round #516
[earth:blue] Round #517
[earth:blue] Round #518
[earth:blue] Round #519
[earth:blue] Round #520
[earth:blue] Round #521
[earth:blue] Round #522
[earth:blue] Round #523
[earth:blue] Round #524
[earth:blue] Round #525
[earth:blue] Round #526
[earth:blue] Round #527
[earth:blue] Round #528
[earth:blue] Round #529
[earth:blue] Round #530
[earth:blue] Round #531
[earth:blue] Round #532
[earth:blue] Round #533
[earth:blue] Round #534
[earth:blue] Round #535
[earth:blue] Round #536
[earth:blue] Round #537
[earth:blue] Round #538
[earth:blue] Round #539
[earth:blue] Round #540
[earth:blue] Round #541
[earth:blue] Round #542
[earth:blue] Round #543
[earth:blue] Round #544
[earth:blue] Round #545
[earth:blue] Round #546
[earth:blue] Round #547
[earth:blue] Round #548
[earth:blue] Round #549
[earth:blue] Round #550
[earth:blue] Round #551
[earth:blue] Round #552
[earth:blue] Round #553
[earth:blue] Round #554
[earth:blue] Round #555
[earth:blue] Round #556
[earth:blue] Round #557
[earth:blue] Round #558
[earth:blue] Round #559
[earth:blue] Round #560
[earth:blue] Round #561
[earth:blue] Round #562
[earth:blue] Round #563
[earth:blue] Round #564
[earth:blue] Round #565
[earth:blue] Round #566
[earth:blue] Round #567
[earth:blue] Round #568
[earth:blue] Round #569
[earth:blue] Round #570
[earth:blue] Round #571
[earth:blue] Round #572
[earth:blue] Round #573
[earth:blue] Round #574
[earth:blue] Round #575
[earth:blue] Round #576
[earth:blue] Round #577
[earth:blue] Round #578
[earth:blue] Round #579
[earth:blue] Round #580
[earth:blue] Round #581
[earth:blue] Round #582
[earth:blue] Round #583
[earth:blue] Round #584
[earth:blue] Round #585
[earth:blue] Round #586
[earth:blue] Round #587
[earth:blue] Round #588
[earth:blue] Round #589
[earth:blue] Round #590
[earth:blue] Round #591
[earth:blue] Round #592
[earth:blue] Round #593
[earth:blue] Round #594
[earth:blue] Round #595
[earth:blue] Round #596
[earth:blue] Round #597
[earth:blue] Round #598
[earth:blue] Round #599
[earth:blue] Round #600
[earth:blue] Round #601
[earth:blue] Round #602
[earth:blue] Round #603
[earth:blue] Round #604
[earth:blue] Round #605
[earth:blue] Round #606
[earth:blue] Round #607
[earth:blue] Round #608
[earth:blue] Round #609
[earth:blue] Round #610
[earth:blue] Round #611
[earth:blue] Round #612
[earth:blue] Round #613
[earth:blue] Round #614
[earth:blue] Round #615
[earth:blue] Round #616
[earth:blue] Round #617
[earth:blue] Round #618
[earth:blue] Round #619
[earth:blue] Round #620
[earth:blue] Round #621
[earth:blue] Round #622
[earth:blue] Round #623
[earth:blue] Round #624
[earth:blue] Round #625
[earth:blue] Round #626
[earth:blue] Round #627
[earth:blue] Round #628
[earth:blue] Round #629
[earth:blue] Round #630
[earth:blue] Round #631
[earth:blue] Round #632
[earth:blue] Round #633
[earth:blue] Round #634
[earth:blue] Round #635
[earth:blue] Round #636
[earth:blue] Round #637
[earth:blue] Round #638
[earth:blue] Round #639
[earth:blue] Round #640
[earth:blue] Round #641
[earth:blue] Round #642
[earth:blue] Round #643
[earth:blue] Round #644
[earth:blue] Round #645
[earth:blue] Round #646
[earth:blue] Round #647
[earth:blue] Round #648
[earth:blue] Round #649
[earth:blue] Round #650
[earth:blue] Round #651
[earth:blue] Round #652
[earth:blue] Round #653
[earth:blue] Round #654
[earth:blue] Round #655
[earth:blue] Round #656
[earth:blue] Round #657
[earth:blue] Round #658
[earth:blue] Round #659
[earth:blue] Round #660
[earth:blue] Round #661
[earth:blue] Round #662
[earth:blue] Round #663
[earth:blue] Round #664
[earth:blue] Round #665
[earth:blue] Round #666
[earth:blue] Round #667
[earth:blue] Round #668
[earth:blue] Round #669
[earth:blue] Round #670
[earth:blue] Round #671
[earth:blue] Round #672
[earth:blue] Round #673
[earth:blue] Round #674
[earth:blue] Round #675
[earth:blue] Round #676
[earth:blue] Round #677
[earth:blue] Round #678
[earth:blue] Round #679
[earth:blue] Round #680
[earth:blue] Round #681
[earth:blue] Round #682
[earth:blue] Round #683
[earth:blue] Round #684
[earth:blue] Round #685
[earth:blue] Round #686
[earth:blue] Round #687
[earth:blue] Round #688
[earth:blue] Round #689
[earth:blue] Round #690
[earth:blue] Round #691
[earth:blue] Round #692
[earth:blue] Round #693
[earth:blue] Round #694
[earth:blue] Round #695
[earth:blue] Round #696
[earth:blue] Round #697
[earth:blue] Round #698
[earth:blue] Round #699
[earth:blue] Round #700
[earth:blue] Round #701
[earth:blue] Round #702
[earth:blue] Round #703
[earth:blue] Round #704
[earth:blue] Round #705
[earth:blue] Round #706
[earth:blue] Round #707
[earth:blue] Round #708
[earth:blue] Round #709
[earth:blue] Round #710
[earth:blue] Round #711
[earth:blue] Round #712
[earth:blue] Round #713
[earth:blue] Round #714
[earth:blue] Round #715
[earth:blue] Round #716
[earth:blue] Round #717
[earth:blue] Round #718
[earth:blue] Round #719
[earth:blue] Round #720
[earth:blue] Round #721
[earth:blue] Round #722
[earth:blue] Round #723
[earth:blue] Round #724
[earth:blue] Round #725
[earth:blue] Round #726
[earth:blue] Round #727
[earth:blue] Round #728
[earth:blue] Round #729
[earth:blue] Round #730
[earth:blue] Round #731
[earth:blue] Round #732
[earth:blue] Round #733
[earth:blue] Round #734
[earth:blue] Round #735
[earth:blue] Round #736
[earth:blue] Round #737
[earth:blue] Round #738
[earth:blue] Round #739
[earth:blue] Round #740
[earth:blue] Round #741
[earth:blue] Round #742
[earth:blue] Round #743
[earth:blue] Round #744
[earth:blue] Round #745
[earth:blue] Round #746
[earth:blue] Round #747
[earth:blue] Round #748
[earth:blue] Round #749
Saving replay to /player/replay.bc18
Ready to run next game.
Loading map /player/battlecode-maps/bananas.bc18t
Running game server on socket unix:///tmp/battlecode-0
Running game...
[earth:red] Note: Some input files use or override a deprecated API.
[earth:red] Note: Recompile with -Xlint:deprecation for details.
[earth:red] -- Starting battlecode java engine, vroom vroom! --
[mars:red] Note: Some input files use or override a deprecated API.
[mars:red] Note: Recompile with -Xlint:deprecation for details.
[earth:red] -- Note: you may get a warning about stack guards, please ignore it. --
[earth:red] Loading linux library: /battlecode/java/bc/libbattlecode-java-linux.so
[earth:red] Java HotSpot(TM) 64-Bit Server VM warning: You have loaded library /battlecode/java/bc/libbattlecode-java-linux.so which might have disabled stack guard. The VM will try to fix the stack guard now.
[earth:red] -- Engine loaded. --
[earth:red] Player connecting to unix:///tmp/battlecode-socket
[earth:red] It's highly recommended that you fix the library with 'execstack -c <libfile>', or link it with '-z noexecstack'.
[mars:red] -- Starting battlecode java engine, vroom vroom! --
[mars:red] -- Note: you may get a warning about stack guards, please ignore it. --
[mars:red] Loading linux library: /battlecode/java/bc/libbattlecode-java-linux.so
[mars:red] Java HotSpot(TM) 64-Bit Server VM warning: You have loaded library /battlecode/java/bc/libbattlecode-java-linux.so which might have disabled stack guard. The VM will try to fix the stack guard now.
[mars:red] It's highly recommended that you fix the library with 'execstack -c <libfile>', or link it with '-z noexecstack'.
[mars:red] -- Engine loaded. --
[mars:red] Player connecting to unix:///tmp/battlecode-socket
[earth:blue] Note: Some input files use or override a deprecated API.
[earth:blue] Note: Recompile with -Xlint:deprecation for details.
[mars:blue] Note: Some input files use or override a deprecated API.
[mars:blue] Note: Recompile with -Xlint:deprecation for details.
[earth:blue] Structure Base initiated
[earth:blue] -- Starting battlecode java engine, vroom vroom! --
[earth:blue] -- Note: you may get a warning about stack guards, please ignore it. --
[mars:blue] Structure Base initiated
[mars:blue] -- Starting battlecode java engine, vroom vroom! --
[earth:blue] Loading linux library: /battlecode/java/bc/libbattlecode-java-linux.so
[earth:blue] Java HotSpot(TM) 64-Bit Server VM warning: You have loaded library /battlecode/java/bc/libbattlecode-java-linux.so which might have disabled stack guard. The VM will try to fix the stack guard now.
[earth:blue] -- Engine loaded. --
[earth:blue] It's highly recommended that you fix the library with 'execstack -c <libfile>', or link it with '-z noexecstack'.
[earth:blue] Player connecting to unix:///tmp/battlecode-socket
[mars:blue] -- Note: you may get a warning about stack guards, please ignore it. --
[mars:blue] Loading linux library: /battlecode/java/bc/libbattlecode-java-linux.so
[mars:blue] Java HotSpot(TM) 64-Bit Server VM warning: You have loaded library /battlecode/java/bc/libbattlecode-java-linux.so which might have disabled stack guard. The VM will try to fix the stack guard now.
[mars:blue] It's highly recommended that you fix the library with 'execstack -c <libfile>', or link it with '-z noexecstack'.
[mars:blue] -- Engine loaded. --
[mars:blue] Player connecting to unix:///tmp/battlecode-socket
[earth:red] Successfully connected to the manager!
[earth:blue] Successfully connected to the manager!
[earth:blue] Running PlayerController...
[earth:blue] Earth Controller initiated
[earth:blue] Round #1
[mars:red] Successfully connected to the manager!
[mars:blue] Successfully connected to the manager!
[mars:blue] Running PlayerController...
[mars:blue] Mars Controller initiated
[earth:blue] Round #2
[earth:blue] Round #3
[earth:blue] Round #4
[earth:blue] Round #5
[earth:blue] Round #6
[earth:blue] Round #7
[earth:blue] Round #8
[earth:blue] Round #9
[earth:blue] Round #10
[earth:blue] Round #11
[earth:blue] Round #12
[earth:blue] Round #13
[earth:blue] Round #14
[earth:blue] Round #15
[earth:blue] Round #16
[earth:blue] Round #17
[earth:blue] Round #18
[earth:blue] Round #19
[earth:blue] Round #20
[earth:blue] Round #21
[earth:blue] Round #22
[earth:blue] Round #23
[earth:blue] Round #24
[earth:blue] Round #25
[earth:blue] Round #26
[earth:blue] Round #27
[earth:blue] Round #28
[earth:blue] Round #29
[earth:blue] Round #30
[earth:blue] Round #31
[earth:blue] Round #32
[earth:blue] Round #33
[earth:blue] Round #34
[earth:blue] Round #35
[earth:blue] Round #36
[earth:blue] Round #37
[earth:blue] Round #38
[earth:blue] Round #39
[earth:blue] Round #40
[earth:blue] Round #41
[earth:blue] Round #42
[earth:blue] Round #43
[earth:blue] Round #44
[earth:blue] Round #45
[earth:blue] Round #46
[earth:blue] Round #47
[earth:blue] Round #48
[earth:blue] Round #49
[earth:blue] Round #50
[earth:blue] Round #51
[earth:blue] Round #52
[earth:blue] Round #53
[earth:blue] Round #54
[earth:blue] Round #55
[earth:blue] Round #56
[earth:blue] Round #57
[earth:blue] Round #58
[earth:blue] Round #59
[earth:blue] Round #60
[earth:blue] Round #61
[earth:blue] Round #62
[earth:blue] Round #63
[earth:blue] Round #64
[earth:blue] Round #65
[earth:blue] Round #66
[earth:blue] Round #67
[earth:blue] Round #68
[earth:blue] Round #69
[earth:blue] Round #70
[earth:blue] Round #71
[earth:blue] Round #72
[earth:blue] Round #73
[earth:blue] Round #74
[earth:blue] Round #75
[earth:blue] Round #76
[earth:blue] Round #77
[earth:blue] Round #78
[earth:blue] Round #79
[earth:blue] Round #80
[earth:blue] Round #81
[earth:blue] Round #82
[earth:blue] Round #83
[earth:blue] Round #84
[earth:blue] Round #85
[earth:blue] Round #86
[earth:blue] Round #87
[earth:blue] Round #88
[earth:blue] Round #89
[earth:blue] Round #90
[earth:blue] Round #91
[earth:blue] Round #92
[earth:blue] Round #93
[earth:blue] Round #94
[earth:blue] Round #95
[earth:blue] Round #96
[earth:blue] Round #97
[earth:blue] Round #98
[earth:blue] Round #99
[earth:blue] Round #100
[earth:blue] Round #101
[earth:blue] Round #102
[earth:blue] Round #103
[earth:blue] Round #104
[earth:blue] Round #105
[earth:blue] Round #106
[earth:blue] Round #107
[earth:blue] Round #108
[earth:blue] Round #109
[earth:blue] Round #110
[earth:blue] Round #111
[earth:blue] Round #112
[earth:blue] Round #113
[earth:blue] Round #114
[earth:blue] Round #115
[earth:blue] Round #116
[earth:blue] Round #117
[earth:blue] Round #118
[earth:blue] Round #119
[earth:blue] Round #120
[earth:blue] Round #121
[earth:blue] Round #122
[earth:blue] Round #123
[earth:blue] Round #124
[earth:blue] Round #125
[earth:blue] Round #126
[earth:blue] Round #127
[earth:blue] Round #128
[earth:blue] Round #129
[earth:blue] Round #130
[earth:blue] Round #131
[earth:blue] Round #132
[earth:blue] Round #133
[earth:blue] Round #134
[earth:blue] Round #135
[earth:blue] Round #136
[earth:blue] Round #137
[earth:blue] Round #138
[earth:blue] Round #139
[earth:blue] Round #140
[earth:blue] Round #141
[earth:blue] Round #142
[earth:blue] Round #143
[earth:blue] Round #144
[earth:blue] Round #145
[earth:blue] Round #146
[earth:blue] Round #147
[earth:blue] Round #148
[earth:blue] Round #149
[earth:blue] Round #150
[earth:blue] Round #151
[earth:blue] Round #152
[earth:blue] Round #153
[earth:blue] Round #154
[earth:blue] Round #155
[earth:blue] Round #156
[earth:blue] Round #157
[earth:blue] Round #158
[earth:blue] Round #159
[earth:blue] Round #160
[earth:blue] Round #161
[earth:blue] Round #162
[earth:blue] Round #163
[earth:blue] Round #164
[earth:blue] Round #165
[earth:blue] Round #166
[earth:blue] Round #167
[earth:blue] Round #168
[earth:blue] Round #169
[earth:blue] Round #170
[earth:blue] Round #171
[earth:blue] Round #172
[earth:blue] Round #173
[earth:blue] Round #174
[earth:blue] Round #175
[earth:blue] Round #176
[earth:blue] Round #177
[earth:blue] Round #178
[earth:blue] Round #179
[earth:blue] Round #180
[earth:blue] Round #181
[earth:blue] Round #182
[earth:blue] Round #183
[earth:blue] Round #184
[earth:blue] Round #185
[earth:blue] Round #186
[earth:blue] Round #187
[earth:blue] Round #188
[earth:blue] Round #189
[earth:blue] Round #190
[earth:blue] Round #191
[earth:blue] Round #192
[earth:blue] Round #193
[earth:blue] Round #194
[earth:blue] Round #195
[earth:blue] Round #196
[earth:blue] Round #197
[earth:blue] Round #198
[earth:blue] Round #199
[earth:blue] Round #200
[earth:blue] Round #201
[earth:blue] Round #202
[earth:blue] Round #203
[earth:blue] Round #204
[earth:blue] Round #205
[earth:blue] Round #206
[earth:blue] Round #207
[earth:blue] Round #208
[earth:blue] Round #209
[earth:blue] Round #210
[earth:blue] Round #211
[earth:blue] Round #212
[earth:blue] Round #213
[earth:blue] Round #214
[earth:blue] Round #215
[earth:blue] Round #216
[earth:blue] Round #217
[earth:blue] Round #218
[earth:blue] Round #219
[earth:blue] Round #220
[earth:blue] Round #221
[earth:blue] Round #222
[earth:blue] Round #223
[earth:blue] Round #224
[earth:blue] Round #225
[earth:blue] Round #226
[earth:blue] Round #227
[earth:blue] Round #228
[earth:blue] Round #229
[earth:blue] Round #230
[earth:blue] Round #231
[earth:blue] Round #232
[earth:blue] Round #233
[earth:blue] Round #234
[earth:blue] Round #235
[earth:blue] Round #236
[earth:blue] Round #237
[earth:blue] Round #238
[earth:blue] Round #239
[earth:blue] Round #240
[earth:blue] Round #241
[earth:blue] Round #242
[earth:blue] Round #243
[earth:blue] Round #244
[earth:blue] Round #245
[earth:blue] Round #246
[earth:blue] Round #247
[earth:blue] Round #248
[earth:blue] Round #249
[earth:blue] Round #250
[earth:blue] Round #251
[earth:blue] Round #252
[earth:blue] Round #253
[earth:blue] Round #254
[earth:blue] Round #255
[earth:blue] Round #256
[earth:blue] Round #257
[earth:blue] Round #258
[earth:blue] Round #259
[earth:blue] Round #260
[earth:blue] Round #261
[earth:blue] Round #262
[earth:blue] Round #263
[earth:blue] Round #264
[earth:blue] Round #265
[earth:blue] Round #266
[earth:blue] Round #267
[earth:blue] Round #268
[earth:blue] Round #269
[earth:blue] Round #270
[earth:blue] Round #271
[earth:blue] Round #272
[earth:blue] Round #273
[earth:blue] Round #274
[earth:blue] Round #275
[earth:blue] Round #276
[earth:blue] Round #277
[earth:blue] Round #278
[earth:blue] Round #279
[earth:blue] Round #280
[earth:blue] Round #281
[earth:blue] Round #282
[earth:blue] Round #283
[earth:blue] Round #284
[earth:blue] Round #285
[earth:blue] Round #286
[earth:blue] Round #287
[earth:blue] Round #288
[earth:blue] Round #289
[earth:blue] Round #290
[earth:blue] Round #291
[earth:blue] Round #292
[earth:blue] Round #293
[earth:blue] Round #294
[earth:blue] Round #295
[earth:blue] Round #296
[earth:blue] Round #297
[earth:blue] Round #298
[earth:blue] Round #299
[earth:blue] Round #300
[earth:blue] Round #301
[earth:blue] Round #302
[earth:blue] Round #303
[earth:blue] Round #304
[earth:blue] Round #305
[earth:blue] Round #306
[earth:blue] Round #307
[earth:blue] Round #308
[earth:blue] Round #309
[earth:blue] Round #310
[earth:blue] Round #311
[earth:blue] Round #312
[earth:blue] Round #313
[earth:blue] Round #314
[earth:blue] Round #315
[earth:blue] Round #316
[earth:blue] Round #317
[earth:blue] Round #318
[earth:blue] Round #319
[earth:blue] Round #320
[earth:blue] Round #321
[earth:blue] Round #322
[earth:blue] Round #323
[earth:blue] Round #324
[earth:blue] Round #325
[earth:blue] Round #326
[earth:blue] Round #327
[earth:blue] Round #328
[earth:blue] Round #329
[earth:blue] Round #330
[earth:blue] Round #331
[earth:blue] Round #332
[earth:blue] Round #333
[earth:blue] Round #334
[earth:blue] Round #335
[earth:blue] Round #336
[earth:blue] Round #337
[earth:blue] Round #338
[earth:blue] Round #339
[earth:blue] Round #340
[earth:blue] Round #341
[earth:blue] Round #342
[earth:blue] Round #343
[earth:blue] Round #344
[earth:blue] Round #345
[earth:blue] Round #346
[earth:blue] Round #347
[earth:blue] Round #348
[earth:blue] Round #349
[earth:blue] Round #350
[earth:blue] Round #351
[earth:blue] Round #352
[earth:blue] Round #353
[earth:blue] Round #354
[earth:blue] Round #355
[earth:blue] Round #356
[earth:blue] Round #357
[earth:blue] Round #358
[earth:blue] Round #359
[earth:blue] Round #360
[earth:blue] Round #361
[earth:blue] Round #362
[earth:blue] Round #363
[earth:blue] Round #364
[earth:blue] Round #365
[earth:blue] Round #366
[earth:blue] Round #367
[earth:blue] Round #368
[earth:blue] Round #369
[earth:blue] Round #370
[earth:blue] Round #371
[earth:blue] Round #372
[earth:blue] Round #373
[earth:blue] Round #374
[earth:blue] Round #375
[earth:blue] Round #376
[earth:blue] Round #377
[earth:blue] Round #378
[earth:blue] Round #379
[earth:blue] Round #380
[earth:blue] Round #381
[earth:blue] Round #382
[earth:blue] Round #383
[earth:blue] Round #384
[earth:blue] Round #385
[earth:blue] Round #386
[earth:blue] Round #387
[earth:blue] Round #388
[earth:blue] Round #389
[earth:blue] Round #390
[earth:blue] Round #391
[earth:blue] Round #392
[earth:blue] Round #393
[earth:blue] Round #394
[earth:blue] Round #395
[earth:blue] Round #396
[earth:blue] Round #397
[earth:blue] Round #398
[earth:blue] Round #399
[earth:blue] Round #400
[earth:blue] Round #401
[earth:blue] Round #402
[earth:blue] Round #403
[earth:blue] Round #404
[earth:blue] Round #405
[earth:blue] Round #406
[earth:blue] Round #407
[earth:blue] Round #408
[earth:blue] Round #409
[earth:blue] Round #410
[earth:blue] Round #411
[earth:blue] Round #412
[earth:blue] Round #413
[earth:blue] Round #414
[earth:blue] Round #415
[earth:blue] Round #416
[earth:blue] Round #417
[earth:blue] Round #418
[earth:blue] Round #419
[earth:blue] Round #420
[earth:blue] Round #421
[earth:blue] Round #422
[earth:blue] Round #423
[earth:blue] Round #424
[earth:blue] Round #425
[earth:blue] Round #426
[earth:blue] Round #427
[earth:blue] Round #428
[earth:blue] Round #429
[earth:blue] Round #430
[earth:blue] Round #431
[earth:blue] Round #432
[earth:blue] Round #433
[earth:blue] Round #434
[earth:blue] Round #435
[earth:blue] Round #436
[earth:blue] Round #437
[earth:blue] Round #438
[earth:blue] Round #439
[earth:blue] Round #440
[earth:blue] Round #441
[earth:blue] Round #442
[earth:blue] Round #443
[earth:blue] Round #444
[earth:blue] Round #445
[earth:blue] Round #446
[earth:blue] Round #447
[earth:blue] Round #448
[earth:blue] Round #449
[earth:blue] Round #450
[earth:blue] Round #451
[earth:blue] Round #452
[earth:blue] Round #453
[earth:blue] Round #454
[earth:blue] Round #455
[earth:blue] Round #456
[earth:blue] Round #457
[earth:blue] Round #458
[earth:blue] Round #459
[earth:blue] Round #460
[earth:blue] Round #461
[earth:blue] Round #462
[earth:blue] Round #463
[earth:blue] Round #464
[earth:blue] Round #465
[earth:blue] Round #466
[earth:blue] Round #467
[earth:blue] Round #468
[earth:blue] Round #469
[earth:blue] Round #470
[earth:blue] Round #471
[earth:blue] Round #472
[earth:blue] Round #473
[earth:blue] Round #474
[earth:blue] Round #475
[earth:blue] Round #476
[earth:blue] Round #477
[earth:blue] Round #478
[earth:blue] Round #479
[earth:blue] Round #480
[earth:blue] Round #481
[earth:blue] Round #482
[earth:blue] Round #483
[earth:blue] Round #484
[earth:blue] Round #485
[earth:blue] Round #486
[earth:blue] Round #487
[earth:blue] Round #488
[earth:blue] Round #489
[earth:blue] Round #490
[earth:blue] Round #491
[earth:blue] Round #492
[earth:blue] Round #493
[earth:blue] Round #494
[earth:blue] Round #495
[earth:blue] Round #496
[earth:blue] Round #497
[earth:blue] Round #498
[earth:blue] Round #499
[earth:blue] Round #500
[earth:blue] Round #501
[earth:blue] Round #502
[earth:blue] Round #503
[earth:blue] Round #504
[earth:blue] Round #505
[earth:blue] Round #506
[earth:blue] Round #507
[earth:blue] Round #508
[earth:blue] Round #509
[earth:blue] Round #510
[earth:blue] Round #511
[earth:blue] Round #512
[earth:blue] Round #513
[earth:blue] Round #514
[earth:blue] Round #515
[earth:blue] Round #516
[earth:blue] Round #517
[earth:blue] Round #518
[earth:blue] Round #519
[earth:blue] Round #520
[earth:blue] Round #521
[earth:blue] Round #522
[earth:blue] Round #523
[earth:blue] Round #524
[earth:blue] Round #525
[earth:blue] Round #526
[earth:blue] Round #527
[earth:blue] Round #528
[earth:blue] Round #529
[earth:blue] Round #530
[earth:blue] Round #531
[earth:blue] Round #532
[earth:blue] Round #533
[earth:blue] Round #534
[earth:blue] Round #535
[earth:blue] Round #536
[earth:blue] Round #537
[earth:blue] Round #538
[earth:blue] Round #539
[earth:blue] Round #540
[earth:blue] Round #541
[earth:blue] Round #542
[earth:blue] Round #543
[earth:blue] Round #544
[earth:blue] Round #545
[earth:blue] Round #546
[earth:blue] Round #547
[earth:blue] Round #548
[earth:blue] Round #549
[earth:blue] Round #550
[earth:blue] Round #551
[earth:blue] Round #552
[earth:blue] Round #553
[earth:blue] Round #554
[earth:blue] Round #555
[earth:blue] Round #556
[earth:blue] Round #557
[earth:blue] Round #558
[earth:blue] Round #559
[earth:blue] Round #560
[earth:blue] Round #561
[earth:blue] Round #562
[earth:blue] Round #563
[earth:blue] Round #564
[earth:blue] Round #565
[earth:blue] Round #566
[earth:blue] Round #567
[earth:blue] Round #568
[earth:blue] Round #569
[earth:blue] Round #570
[earth:blue] Round #571
[earth:blue] Round #572
[earth:blue] Round #573
[earth:blue] Round #574
[earth:blue] Round #575
[earth:blue] Round #576
[earth:blue] Round #577
[earth:blue] Round #578
[earth:blue] Round #579
[earth:blue] Round #580
[earth:blue] Round #581
[earth:blue] Round #582
[earth:blue] Round #583
[earth:blue] Round #584
[earth:blue] Round #585
[earth:blue] Round #586
[earth:blue] Round #587
[earth:blue] Round #588
[earth:blue] Round #589
[earth:blue] Round #590
[earth:blue] Round #591
[earth:blue] Round #592
[earth:blue] Round #593
[earth:blue] Round #594
[earth:blue] Round #595
[earth:blue] Round #596
[earth:blue] Round #597
[earth:blue] Round #598
[earth:blue] Round #599
[earth:blue] Round #600
[earth:blue] Round #601
[earth:blue] Round #602
[earth:blue] Round #603
[earth:blue] Round #604
[earth:blue] Round #605
[earth:blue] Round #606
[earth:blue] Round #607
[earth:blue] Round #608
[earth:blue] Round #609
[earth:blue] Round #610
[earth:blue] Round #611
[earth:blue] Round #612
[earth:blue] Round #613
[earth:blue] Round #614
[earth:blue] Round #615
[earth:blue] Round #616
[earth:blue] Round #617
[earth:blue] Round #618
[earth:blue] Round #619
[earth:blue] Round #620
[earth:blue] Round #621
[earth:blue] Round #622
[earth:blue] Round #623
[earth:blue] Round #624
[earth:blue] Round #625
[earth:blue] Round #626
[earth:blue] Round #627
[earth:blue] Round #628
[earth:blue] Round #629
[earth:blue] Round #630
[earth:blue] Round #631
[earth:blue] Round #632
[earth:blue] Round #633
[earth:blue] Round #634
[earth:blue] Round #635
[earth:blue] Round #636
[earth:blue] Round #637
[earth:blue] Round #638
[earth:blue] Round #639
[earth:blue] Round #640
[earth:blue] Round #641
[earth:blue] Round #642
[earth:blue] Round #643
[earth:blue] Round #644
[earth:blue] Round #645
[earth:blue] Round #646
[earth:blue] Round #647
[earth:blue] Round #648
[earth:blue] Round #649
[earth:blue] Round #650
[earth:blue] Round #651
[earth:blue] Round #652
[earth:blue] Round #653
[earth:blue] Round #654
[earth:blue] Round #655
[earth:blue] Round #656
[earth:blue] Round #657
[earth:blue] Round #658
[earth:blue] Round #659
[earth:blue] Round #660
[earth:blue] Round #661
[earth:blue] Round #662
[earth:blue] Round #663
[earth:blue] Round #664
[earth:blue] Round #665
[earth:blue] Round #666
[earth:blue] Round #667
[earth:blue] Round #668
[earth:blue] Round #669
[earth:blue] Round #670
[earth:blue] Round #671
[earth:blue] Round #672
[earth:blue] Round #673
[earth:blue] Round #674
[earth:blue] Round #675
[earth:blue] Round #676
[earth:blue] Round #677
[earth:blue] Round #678
[earth:blue] Round #679
[earth:blue] Round #680
[earth:blue] Round #681
[earth:blue] Round #682
[earth:blue] Round #683
[earth:blue] Round #684
[earth:blue] Round #685
[earth:blue] Round #686
[earth:blue] Round #687
[earth:blue] Round #688
[earth:blue] Round #689
[earth:blue] Round #690
[earth:blue] Round #691
[earth:blue] Round #692
[earth:blue] Round #693
[earth:blue] Round #694
[earth:blue] Round #695
[earth:blue] Round #696
[earth:blue] Round #697
[earth:blue] Round #698
[earth:blue] Round #699
[earth:blue] Round #700
[earth:blue] Round #701
[earth:blue] Round #702
[earth:blue] Round #703
[earth:blue] Round #704
[earth:blue] Round #705
[earth:blue] Round #706
[earth:blue] Round #707
[earth:blue] Round #708
[earth:blue] Round #709
[earth:blue] Round #710
[earth:blue] Round #711
[earth:blue] Round #712
[earth:blue] Round #713
[earth:blue] Round #714
[earth:blue] Round #715
[earth:blue] Round #716
[earth:blue] Round #717
[earth:blue] Round #718
[earth:blue] Round #719
[earth:blue] Round #720
[earth:blue] Round #721
[earth:blue] Round #722
[earth:blue] Round #723
[earth:blue] Round #724
[earth:blue] Round #725
[earth:blue] Round #726
[earth:blue] Round #727
[earth:blue] Round #728
[earth:blue] Round #729
[earth:blue] Round #730
[earth:blue] Round #731
[earth:blue] Round #732
[earth:blue] Round #733
[earth:blue] Round #734
[earth:blue] Round #735
[earth:blue] Round #736
[earth:blue] Round #737
[earth:blue] Round #738
[earth:blue] Round #739
[earth:blue] Round #740
[earth:blue] Round #741
[earth:blue] Round #742
[earth:blue] Round #743
[earth:blue] Round #744
[earth:blue] Round #745
[earth:blue] Round #746
[earth:blue] Round #747
[earth:blue] Round #748
[earth:blue] Round #749
Saving replay to /player/replay.bc18
Ready to run next game.
Loading map /player/battlecode-maps/bananas.bc18t
Running game server on socket unix:///tmp/battlecode-0
Running game...
[earth:red] Note: Some input files use or override a deprecated API.
[earth:red] Note: Recompile with -Xlint:deprecation for details.
[earth:red] -- Starting battlecode java engine, vroom vroom! --
[mars:red] Note: Some input files use or override a deprecated API.
[mars:red] Note: Recompile with -Xlint:deprecation for details.
[earth:red] -- Note: you may get a warning about stack guards, please ignore it. --
[earth:red] Loading linux library: /battlecode/java/bc/libbattlecode-java-linux.so
[earth:red] Java HotSpot(TM) 64-Bit Server VM warning: You have loaded library /battlecode/java/bc/libbattlecode-java-linux.so which might have disabled stack guard. The VM will try to fix the stack guard now.
[earth:red] It's highly recommended that you fix the library with 'execstack -c <libfile>', or link it with '-z noexecstack'.
[earth:red] -- Engine loaded. --
[earth:red] Player connecting to unix:///tmp/battlecode-socket
[mars:red] -- Starting battlecode java engine, vroom vroom! --
[mars:red] -- Note: you may get a warning about stack guards, please ignore it. --
[mars:red] Loading linux library: /battlecode/java/bc/libbattlecode-java-linux.so
[mars:red] Java HotSpot(TM) 64-Bit Server VM warning: You have loaded library /battlecode/java/bc/libbattlecode-java-linux.so which might have disabled stack guard. The VM will try to fix the stack guard now.
[mars:red] It's highly recommended that you fix the library with 'execstack -c <libfile>', or link it with '-z noexecstack'.
[mars:red] -- Engine loaded. --
[mars:red] Player connecting to unix:///tmp/battlecode-socket
[earth:blue] Note: Some input files use or override a deprecated API.
[earth:blue] Note: Recompile with -Xlint:deprecation for details.
[mars:blue] Note: Some input files use or override a deprecated API.
[mars:blue] Note: Recompile with -Xlint:deprecation for details.
[earth:blue] Structure Base initiated
[earth:blue] -- Starting battlecode java engine, vroom vroom! --
[earth:blue] -- Note: you may get a warning about stack guards, please ignore it. --
[earth:blue] Loading linux library: /battlecode/java/bc/libbattlecode-java-linux.so
[earth:blue] Java HotSpot(TM) 64-Bit Server VM warning: You have loaded library /battlecode/java/bc/libbattlecode-java-linux.so which might have disabled stack guard. The VM will try to fix the stack guard now.
[earth:blue] It's highly recommended that you fix the library with 'execstack -c <libfile>', or link it with '-z noexecstack'.
[earth:blue] -- Engine loaded. --
[earth:blue] Player connecting to unix:///tmp/battlecode-socket
[mars:blue] Structure Base initiated
[mars:blue] -- Starting battlecode java engine, vroom vroom! --
[mars:blue] -- Note: you may get a warning about stack guards, please ignore it. --
[mars:blue] Loading linux library: /battlecode/java/bc/libbattlecode-java-linux.so
[mars:blue] Java HotSpot(TM) 64-Bit Server VM warning: You have loaded library /battlecode/java/bc/libbattlecode-java-linux.so which might have disabled stack guard. The VM will try to fix the stack guard now.
[mars:blue] It's highly recommended that you fix the library with 'execstack -c <libfile>', or link it with '-z noexecstack'.
[mars:blue] -- Engine loaded. --
[mars:blue] Player connecting to unix:///tmp/battlecode-socket
[earth:red] Successfully connected to the manager!
[earth:blue] Successfully connected to the manager!
[earth:blue] Running PlayerController...
[earth:blue] Earth Controller initiated
[earth:blue] Round #1
[mars:red] Successfully connected to the manager!
[mars:blue] Successfully connected to the manager!
[mars:blue] Running PlayerController...
[mars:blue] Mars Controller initiated
[earth:blue] Round #2
[earth:blue] Round #3
[earth:blue] Round #4
[earth:blue] Round #5
[earth:blue] Round #6
[earth:blue] Round #7
[earth:blue] Round #8
[earth:blue] Round #9
[earth:blue] Round #10
[earth:blue] Round #11
[earth:blue] Round #12
[earth:blue] Round #13
[earth:blue] Round #14
[earth:blue] Round #15
[earth:blue] Round #16
[earth:blue] Round #17
[earth:blue] Round #18
[earth:blue] Round #19
[earth:blue] Round #20
[earth:blue] Round #21
[earth:blue] Round #22
[earth:blue] Round #23
[earth:blue] Round #24
[earth:blue] Round #25
[earth:blue] Round #26
[earth:blue] Round #27
[earth:blue] Round #28
[earth:blue] Round #29
[earth:blue] Round #30
[earth:blue] Round #31
[earth:blue] Round #32
[earth:blue] Round #33
[earth:blue] Round #34
[earth:blue] Round #35
[earth:blue] Round #36
[earth:blue] Round #37
[earth:blue] Round #38
[earth:blue] Round #39
[earth:blue] Round #40
[earth:blue] Round #41
[earth:blue] Round #42
[earth:blue] Round #43
[earth:blue] Round #44
[earth:blue] Round #45
[earth:blue] Round #46
[earth:blue] Round #47
[earth:blue] Round #48
[earth:blue] Round #49
[earth:blue] Round #50
[earth:blue] Round #51
[earth:blue] Round #52
[earth:blue] Round #53
[earth:blue] Round #54
[earth:blue] Round #55
[earth:blue] Round #56
[earth:blue] Round #57
[earth:blue] Round #58
[earth:blue] Round #59
[earth:blue] Round #60
[earth:blue] Round #61
[earth:blue] Round #62
[earth:blue] Round #63
[earth:blue] Round #64
[earth:blue] Round #65
[earth:blue] Round #66
[earth:blue] Round #67
[earth:blue] Round #68
[earth:blue] Round #69
[earth:blue] Round #70
[earth:blue] Round #71
[earth:blue] Round #72
[earth:blue] Round #73
[earth:blue] Round #74
[earth:blue] Round #75
[earth:blue] Round #76
[earth:blue] Round #77
[earth:blue] Round #78
[earth:blue] Round #79
[earth:blue] Round #80
[earth:blue] Round #81
[earth:blue] Round #82
[earth:blue] Round #83
[earth:blue] Round #84
[earth:blue] Round #85
[earth:blue] Round #86
[earth:blue] Round #87
[earth:blue] Round #88
[earth:blue] Round #89
[earth:blue] Round #90
[earth:blue] Round #91
[earth:blue] Round #92
[earth:blue] Round #93
[earth:blue] Round #94
[earth:blue] Round #95
[earth:blue] Round #96
[earth:blue] Round #97
[earth:blue] Round #98
[earth:blue] Round #99
[earth:blue] Round #100
[earth:blue] Round #101
[earth:blue] Round #102
[earth:blue] Round #103
[earth:blue] Round #104
[earth:blue] Round #105
[earth:blue] Round #106
[earth:blue] Round #107
[earth:blue] Round #108
[earth:blue] Round #109
[earth:blue] Round #110
[earth:blue] Round #111
[earth:blue] Round #112
[earth:blue] Round #113
[earth:blue] Round #114
[earth:blue] Round #115
[earth:blue] Round #116
[earth:blue] Round #117
[earth:blue] Round #118
[earth:blue] Round #119
[earth:blue] Round #120
[earth:blue] Round #121
[earth:blue] Round #122
[earth:blue] Round #123
[earth:blue] Round #124
[earth:blue] Round #125
[earth:blue] Round #126
[earth:blue] Round #127
[earth:blue] Round #128
[earth:blue] Round #129
[earth:blue] Round #130
[earth:blue] Round #131
[earth:blue] Round #132
[earth:blue] Round #133
[earth:blue] Round #134
[earth:blue] Round #135
[earth:blue] Round #136
[earth:blue] Round #137
[earth:blue] Round #138
[earth:blue] Round #139
[earth:blue] Round #140
[earth:blue] Round #141
[earth:blue] Round #142
[earth:blue] Round #143
[earth:blue] Round #144
[earth:blue] Round #145
[earth:blue] Round #146
[earth:blue] Round #147
[earth:blue] Round #148
[earth:blue] Round #149
[earth:blue] Round #150
[earth:blue] Round #151
[earth:blue] Round #152
[earth:blue] Round #153
[earth:blue] Round #154
[earth:blue] Round #155
[earth:blue] Round #156
[earth:blue] Round #157
[earth:blue] Round #158
[earth:blue] Round #159
[earth:blue] Round #160
[earth:blue] Round #161
[earth:blue] Round #162
[earth:blue] Round #163
[earth:blue] Round #164
[earth:blue] Round #165
[earth:blue] Round #166
[earth:blue] Round #167
[earth:blue] Round #168
[earth:blue] Round #169
[earth:blue] Round #170
[earth:blue] Round #171
[earth:blue] Round #172
[earth:blue] Round #173
[earth:blue] Round #174
[earth:blue] Round #175
[earth:blue] Round #176
[earth:blue] Round #177
[earth:blue] Round #178
[earth:blue] Round #179
[earth:blue] Round #180
[earth:blue] Round #181
[earth:blue] Round #182
[earth:blue] Round #183
[earth:blue] Round #184
[earth:blue] Round #185
[earth:blue] Round #186
[earth:blue] Round #187
[earth:blue] Round #188
[earth:blue] Round #189
[earth:blue] Round #190
[earth:blue] Round #191
[earth:blue] Round #192
[earth:blue] Round #193
[earth:blue] Round #194
[earth:blue] Round #195
[earth:blue] Round #196
[earth:blue] Round #197
[earth:blue] Round #198
[earth:blue] Round #199
[earth:blue] Round #200
[earth:blue] Round #201
[earth:blue] Round #202
[earth:blue] Round #203
[earth:blue] Round #204
[earth:blue] Round #205
[earth:blue] Round #206
[earth:blue] Round #207
[earth:blue] Round #208
[earth:blue] Round #209
[earth:blue] Round #210
[earth:blue] Round #211
[earth:blue] Round #212
[earth:blue] Round #213
[earth:blue] Round #214
[earth:blue] Round #215
[earth:blue] Round #216
[earth:blue] Round #217
[earth:blue] Round #218
[earth:blue] Round #219
[earth:blue] Round #220
[earth:blue] Round #221
[earth:blue] Round #222
[earth:blue] Round #223
[earth:blue] Round #224
[earth:blue] Round #225
[earth:blue] Round #226
[earth:blue] Round #227
[earth:blue] Round #228
[earth:blue] Round #229
[earth:blue] Round #230
[earth:blue] Round #231
[earth:blue] Round #232
[earth:blue] Round #233
[earth:blue] Round #234
[earth:blue] Round #235
[earth:blue] Round #236
[earth:blue] Round #237
[earth:blue] Round #238
[earth:blue] Round #239
[earth:blue] Round #240
[earth:blue] Round #241
[earth:blue] Round #242
[earth:blue] Round #243
[earth:blue] Round #244
[earth:blue] Round #245
[earth:blue] Round #246
[earth:blue] Round #247
[earth:blue] Round #248
[earth:blue] Round #249
[earth:blue] Round #250
[earth:blue] Round #251
[earth:blue] Round #252
[earth:blue] Round #253
[earth:blue] Round #254
[earth:blue] Round #255
[earth:blue] Round #256
[earth:blue] Round #257
[earth:blue] Round #258
[earth:blue] Round #259
[earth:blue] Round #260
[earth:blue] Round #261
[earth:blue] Round #262
[earth:blue] Round #263
[earth:blue] Round #264
[earth:blue] Round #265
[earth:blue] Round #266
[earth:blue] Round #267
[earth:blue] Round #268
[earth:blue] Round #269
[earth:blue] Round #270
[earth:blue] Round #271
[earth:blue] Round #272
[earth:blue] Round #273
[earth:blue] Round #274
[earth:blue] Round #275
[earth:blue] Round #276
[earth:blue] Round #277
[earth:blue] Round #278
[earth:blue] Round #279
[earth:blue] Round #280
[earth:blue] Round #281
[earth:blue] Round #282
[earth:blue] Round #283
[earth:blue] Round #284
[earth:blue] Round #285
[earth:blue] Round #286
[earth:blue] Round #287
[earth:blue] Round #288
[earth:blue] Round #289
[earth:blue] Round #290
[earth:blue] Round #291
[earth:blue] Round #292
[earth:blue] Round #293
[earth:blue] Round #294
[earth:blue] Round #295
[earth:blue] Round #296
[earth:blue] Round #297
[earth:blue] Round #298
[earth:blue] Round #299
[earth:blue] Round #300
[earth:blue] Round #301
[earth:blue] Round #302
[earth:blue] Round #303
[earth:blue] Round #304
[earth:blue] Round #305
[earth:blue] Round #306
[earth:blue] Round #307
[earth:blue] Round #308
[earth:blue] Round #309
[earth:blue] Round #310
[earth:blue] Round #311
[earth:blue] Round #312
[earth:blue] Round #313
[earth:blue] Round #314
[earth:blue] Round #315
[earth:blue] Round #316
[earth:blue] Round #317
[earth:blue] Round #318
[earth:blue] Round #319
[earth:blue] Round #320
[earth:blue] Round #321
[earth:blue] Round #322
[earth:blue] Round #323
[earth:blue] Round #324
[earth:blue] Round #325
[earth:blue] Round #326
[earth:blue] Round #327
[earth:blue] Round #328
[earth:blue] Round #329
[earth:blue] Round #330
[earth:blue] Round #331
[earth:blue] Round #332
[earth:blue] Round #333
[earth:blue] Round #334
[earth:blue] Round #335
[earth:blue] Round #336
[earth:blue] Round #337
[earth:blue] Round #338
[earth:blue] Round #339
[earth:blue] Round #340
[earth:blue] Round #341
[earth:blue] Round #342
[earth:blue] Round #343
[earth:blue] Round #344
[earth:blue] Round #345
[earth:blue] Round #346
[earth:blue] Round #347
[earth:blue] Round #348
[earth:blue] Round #349
[earth:blue] Round #350
[earth:blue] Round #351
[earth:blue] Round #352
[earth:blue] Round #353
[earth:blue] Round #354
[earth:blue] Round #355
[earth:blue] Round #356
[earth:blue] Round #357
[earth:blue] Round #358
[earth:blue] Round #359
[earth:blue] Round #360
[earth:blue] Round #361
[earth:blue] Round #362
[earth:blue] Round #363
[earth:blue] Round #364
[earth:blue] Round #365
[earth:blue] Round #366
[earth:blue] Round #367
[earth:blue] Round #368
[earth:blue] Round #369
[earth:blue] Round #370
[earth:blue] Round #371
[earth:blue] Round #372
[earth:blue] Round #373
[earth:blue] Round #374
[earth:blue] Round #375
[earth:blue] Round #376
[earth:blue] Round #377
[earth:blue] Round #378
[earth:blue] Round #379
[earth:blue] Round #380
[earth:blue] Round #381
[earth:blue] Round #382
[earth:blue] Round #383
[earth:blue] Round #384
[earth:blue] Round #385
[earth:blue] Round #386
[earth:blue] Round #387
[earth:blue] Round #388
[earth:blue] Round #389
[earth:blue] Round #390
[earth:blue] Round #391
[earth:blue] Round #392
[earth:blue] Round #393
[earth:blue] Round #394
[earth:blue] Round #395
[earth:blue] Round #396
[earth:blue] Round #397
[earth:blue] Round #398
[earth:blue] Round #399
[earth:blue] Round #400
[earth:blue] Round #401
[earth:blue] Round #402
[earth:blue] Round #403
[earth:blue] Round #404
[earth:blue] Round #405
[earth:blue] Round #406
[earth:blue] Round #407
[earth:blue] Round #408
[earth:blue] Round #409
[earth:blue] Round #410
[earth:blue] Round #411
[earth:blue] Round #412
[earth:blue] Round #413
[earth:blue] Round #414
[earth:blue] Round #415
[earth:blue] Round #416
[earth:blue] Round #417
[earth:blue] Round #418
[earth:blue] Round #419
[earth:blue] Round #420
[earth:blue] Round #421
[earth:blue] Round #422
[earth:blue] Round #423
[earth:blue] Round #424
[earth:blue] Round #425
[earth:blue] Round #426
[earth:blue] Round #427
[earth:blue] Round #428
[earth:blue] Round #429
[earth:blue] Round #430
[earth:blue] Round #431
[earth:blue] Round #432
[earth:blue] Round #433
[earth:blue] Round #434
[earth:blue] Round #435
[earth:blue] Round #436
[earth:blue] Round #437
[earth:blue] Round #438
[earth:blue] Round #439
[earth:blue] Round #440
[earth:blue] Round #441
[earth:blue] Round #442
[earth:blue] Round #443
[earth:blue] Round #444
[earth:blue] Round #445
[earth:blue] Round #446
[earth:blue] Round #447
[earth:blue] Round #448
[earth:blue] Round #449
[earth:blue] Round #450
[earth:blue] Round #451
[earth:blue] Round #452
[earth:blue] Round #453
[earth:blue] Round #454
[earth:blue] Round #455
[earth:blue] Round #456
[earth:blue] Round #457
[earth:blue] Round #458
[earth:blue] Round #459
[earth:blue] Round #460
[earth:blue] Round #461
[earth:blue] Round #462
[earth:blue] Round #463
[earth:blue] Round #464
[earth:blue] Round #465
[earth:blue] Round #466
[earth:blue] Round #467
[earth:blue] Round #468
[earth:blue] Round #469
[earth:blue] Round #470
[earth:blue] Round #471
[earth:blue] Round #472
[earth:blue] Round #473
[earth:blue] Round #474
[earth:blue] Round #475
[earth:blue] Round #476
[earth:blue] Round #477
[earth:blue] Round #478
[earth:blue] Round #479
[earth:blue] Round #480
[earth:blue] Round #481
[earth:blue] Round #482
[earth:blue] Round #483
[earth:blue] Round #484
[earth:blue] Round #485
[earth:blue] Round #486
[earth:blue] Round #487
[earth:blue] Round #488
[earth:blue] Round #489
[earth:blue] Round #490
[earth:blue] Round #491
[earth:blue] Round #492
[earth:blue] Round #493
[earth:blue] Round #494
[earth:blue] Round #495
[earth:blue] Round #496
[earth:blue] Round #497
[earth:blue] Round #498
[earth:blue] Round #499
[earth:blue] Round #500
[earth:blue] Round #501
[earth:blue] Round #502
[earth:blue] Round #503
[earth:blue] Round #504
[earth:blue] Round #505
[earth:blue] Round #506
[earth:blue] Round #507
[earth:blue] Round #508
[earth:blue] Round #509
[earth:blue] Round #510
[earth:blue] Round #511
[earth:blue] Round #512
[earth:blue] Round #513
[earth:blue] Round #514
[earth:blue] Round #515
[earth:blue] Round #516
[earth:blue] Round #517
[earth:blue] Round #518
[earth:blue] Round #519
[earth:blue] Round #520
[earth:blue] Round #521
[earth:blue] Round #522
[earth:blue] Round #523
[earth:blue] Round #524
[earth:blue] Round #525
[earth:blue] Round #526
[earth:blue] Round #527
[earth:blue] Round #528
[earth:blue] Round #529
[earth:blue] Round #530
[earth:blue] Round #531
[earth:blue] Round #532
[earth:blue] Round #533
[earth:blue] Round #534
[earth:blue] Round #535
[earth:blue] Round #536
[earth:blue] Round #537
[earth:blue] Round #538
[earth:blue] Round #539
[earth:blue] Round #540
[earth:blue] Round #541
[earth:blue] Round #542
[earth:blue] Round #543
[earth:blue] Round #544
[earth:blue] Round #545
[earth:blue] Round #546
[earth:blue] Round #547
[earth:blue] Round #548
[earth:blue] Round #549
[earth:blue] Round #550
[earth:blue] Round #551
[earth:blue] Round #552
[earth:blue] Round #553
[earth:blue] Round #554
[earth:blue] Round #555
[earth:blue] Round #556
[earth:blue] Round #557
[earth:blue] Round #558
[earth:blue] Round #559
[earth:blue] Round #560
[earth:blue] Round #561
[earth:blue] Round #562
[earth:blue] Round #563
[earth:blue] Round #564
[earth:blue] Round #565
[earth:blue] Round #566
[earth:blue] Round #567
[earth:blue] Round #568
[earth:blue] Round #569
[earth:blue] Round #570
[earth:blue] Round #571
[earth:blue] Round #572
[earth:blue] Round #573
[earth:blue] Round #574
[earth:blue] Round #575
[earth:blue] Round #576
[earth:blue] Round #577
[earth:blue] Round #578
[earth:blue] Round #579
[earth:blue] Round #580
[earth:blue] Round #581
[earth:blue] Round #582
[earth:blue] Round #583
[earth:blue] Round #584
[earth:blue] Round #585
[earth:blue] Round #586
[earth:blue] Round #587
[earth:blue] Round #588
[earth:blue] Round #589
[earth:blue] Round #590
[earth:blue] Round #591
[earth:blue] Round #592
[earth:blue] Round #593
[earth:blue] Round #594
[earth:blue] Round #595
[earth:blue] Round #596
[earth:blue] Round #597
[earth:blue] Round #598
[earth:blue] Round #599
[earth:blue] Round #600
[earth:blue] Round #601
[earth:blue] Round #602
[earth:blue] Round #603
[earth:blue] Round #604
[earth:blue] Round #605
[earth:blue] Round #606
[earth:blue] Round #607
[earth:blue] Round #608
[earth:blue] Round #609
[earth:blue] Round #610
[earth:blue] Round #611
[earth:blue] Round #612
[earth:blue] Round #613
[earth:blue] Round #614
[earth:blue] Round #615
[earth:blue] Round #616
[earth:blue] Round #617
[earth:blue] Round #618
[earth:blue] Round #619
[earth:blue] Round #620
[earth:blue] Round #621
[earth:blue] Round #622
[earth:blue] Round #623
[earth:blue] Round #624
[earth:blue] Round #625
[earth:blue] Round #626
[earth:blue] Round #627
[earth:blue] Round #628
[earth:blue] Round #629
[earth:blue] Round #630
[earth:blue] Round #631
[earth:blue] Round #632
[earth:blue] Round #633
[earth:blue] Round #634
[earth:blue] Round #635
[earth:blue] Round #636
[earth:blue] Round #637
[earth:blue] Round #638
[earth:blue] Round #639
[earth:blue] Round #640
[earth:blue] Round #641
[earth:blue] Round #642
[earth:blue] Round #643
[earth:blue] Round #644
[earth:blue] Round #645
[earth:blue] Round #646
[earth:blue] Round #647
[earth:blue] Round #648
[earth:blue] Round #649
[earth:blue] Round #650
[earth:blue] Round #651
[earth:blue] Round #652
[earth:blue] Round #653
[earth:blue] Round #654
[earth:blue] Round #655
[earth:blue] Round #656
[earth:blue] Round #657
[earth:blue] Round #658
[earth:blue] Round #659
[earth:blue] Round #660
[earth:blue] Round #661
[earth:blue] Round #662
[earth:blue] Round #663
[earth:blue] Round #664
[earth:blue] Round #665
[earth:blue] Round #666
[earth:blue] Round #667
[earth:blue] Round #668
[earth:blue] Round #669
[earth:blue] Round #670
[earth:blue] Round #671
[earth:blue] Round #672
[earth:blue] Round #673
[earth:blue] Round #674
[earth:blue] Round #675
[earth:blue] Round #676
[earth:blue] Round #677
[earth:blue] Round #678
[earth:blue] Round #679
[earth:blue] Round #680
[earth:blue] Round #681
[earth:blue] Round #682
[earth:blue] Round #683
[earth:blue] Round #684
[earth:blue] Round #685
[earth:blue] Round #686
[earth:blue] Round #687
[earth:blue] Round #688
[earth:blue] Round #689
[earth:blue] Round #690
[earth:blue] Round #691
[earth:blue] Round #692
[earth:blue] Round #693
[earth:blue] Round #694
[earth:blue] Round #695
[earth:blue] Round #696
[earth:blue] Round #697
[earth:blue] Round #698
[earth:blue] Round #699
[earth:blue] Round #700
[earth:blue] Round #701
[earth:blue] Round #702
[earth:blue] Round #703
[earth:blue] Round #704
[earth:blue] Round #705
[earth:blue] Round #706
[earth:blue] Round #707
[earth:blue] Round #708
[earth:blue] Round #709
[earth:blue] Round #710
[earth:blue] Round #711
[earth:blue] Round #712
[earth:blue] Round #713
[earth:blue] Round #714
[earth:blue] Round #715
[earth:blue] Round #716
[earth:blue] Round #717
[earth:blue] Round #718
[earth:blue] Round #719
[earth:blue] Round #720
[earth:blue] Round #721
[earth:blue] Round #722
[earth:blue] Round #723
[earth:blue] Round #724
[earth:blue] Round #725
[earth:blue] Round #726
[earth:blue] Round #727
[earth:blue] Round #728
[earth:blue] Round #729
[earth:blue] Round #730
[earth:blue] Round #731
[earth:blue] Round #732
[earth:blue] Round #733
[earth:blue] Round #734
[earth:blue] Round #735
[earth:blue] Round #736
[earth:blue] Round #737
[earth:blue] Round #738
[earth:blue] Round #739
[earth:blue] Round #740
[earth:blue] Round #741
[earth:blue] Round #742
[earth:blue] Round #743
[earth:blue] Round #744
[earth:blue] Round #745
[earth:blue] Round #746
[earth:blue] Round #747
[earth:blue] Round #748
[earth:blue] Round #749
Saving replay to /player/replay.bc18
Ready to run next game.
Loading map /player/battlecode-maps/bananas.bc18t
Running game server on socket unix:///tmp/battlecode-0
Running game...
[earth:red] Note: Some input files use or override a deprecated API.
[earth:red] Note: Recompile with -Xlint:deprecation for details.
[earth:red] -- Starting battlecode java engine, vroom vroom! --
[mars:red] Note: Some input files use or override a deprecated API.
[mars:red] Note: Recompile with -Xlint:deprecation for details.
[earth:red] -- Note: you may get a warning about stack guards, please ignore it. --
[earth:red] Loading linux library: /battlecode/java/bc/libbattlecode-java-linux.so
[earth:red] Java HotSpot(TM) 64-Bit Server VM warning: You have loaded library /battlecode/java/bc/libbattlecode-java-linux.so which might have disabled stack guard. The VM will try to fix the stack guard now.
[earth:red] It's highly recommended that you fix the library with 'execstack -c <libfile>', or link it with '-z noexecstack'.
[earth:red] -- Engine loaded. --
[earth:red] Player connecting to unix:///tmp/battlecode-socket
[mars:red] -- Starting battlecode java engine, vroom vroom! --
[mars:red] -- Note: you may get a warning about stack guards, please ignore it. --
[mars:red] Loading linux library: /battlecode/java/bc/libbattlecode-java-linux.so
[mars:red] Java HotSpot(TM) 64-Bit Server VM warning: You have loaded library /battlecode/java/bc/libbattlecode-java-linux.so which might have disabled stack guard. The VM will try to fix the stack guard now.
[mars:red] It's highly recommended that you fix the library with 'execstack -c <libfile>', or link it with '-z noexecstack'.
[mars:red] -- Engine loaded. --
[mars:red] Player connecting to unix:///tmp/battlecode-socket
[earth:blue] Note: Some input files use or override a deprecated API.
[earth:blue] Note: Recompile with -Xlint:deprecation for details.
[mars:blue] Note: Some input files use or override a deprecated API.
[mars:blue] Note: Recompile with -Xlint:deprecation for details.
[earth:blue] Structure Base initiated
[earth:blue] -- Starting battlecode java engine, vroom vroom! --
[earth:blue] -- Note: you may get a warning about stack guards, please ignore it. --
[mars:blue] Structure Base initiated
[mars:blue] -- Starting battlecode java engine, vroom vroom! --
[earth:blue] Loading linux library: /battlecode/java/bc/libbattlecode-java-linux.so
[earth:blue] Java HotSpot(TM) 64-Bit Server VM warning: You have loaded library /battlecode/java/bc/libbattlecode-java-linux.so which might have disabled stack guard. The VM will try to fix the stack guard now.
[earth:blue] It's highly recommended that you fix the library with 'execstack -c <libfile>', or link it with '-z noexecstack'.
[earth:blue] -- Engine loaded. --
[earth:blue] Player connecting to unix:///tmp/battlecode-socket
[mars:blue] -- Note: you may get a warning about stack guards, please ignore it. --
[mars:blue] Loading linux library: /battlecode/java/bc/libbattlecode-java-linux.so
[mars:blue] Java HotSpot(TM) 64-Bit Server VM warning: You have loaded library /battlecode/java/bc/libbattlecode-java-linux.so which might have disabled stack guard. The VM will try to fix the stack guard now.
[mars:blue] It's highly recommended that you fix the library with 'execstack -c <libfile>', or link it with '-z noexecstack'.
[mars:blue] -- Engine loaded. --
[mars:blue] Player connecting to unix:///tmp/battlecode-socket
[earth:red] Successfully connected to the manager!
[earth:blue] Successfully connected to the manager!
[earth:blue] Running PlayerController...
[earth:blue] Earth Controller initiated
[earth:blue] Round #1
[mars:red] Successfully connected to the manager!
[mars:blue] Successfully connected to the manager!
[earth:blue] Round #2
[earth:blue] Round #3
[mars:blue] Running PlayerController...
[mars:blue] Mars Controller initiated
[earth:blue] Round #4
[earth:blue] Round #5
[earth:blue] Round #6
[earth:blue] Round #7
[earth:blue] Round #8
[earth:blue] Round #9
[earth:blue] Round #10
[earth:blue] Round #11
[earth:blue] Round #12
[earth:blue] Round #13
[earth:blue] Round #14
[earth:blue] Round #15
[earth:blue] Round #16
[earth:blue] Round #17
[earth:blue] Round #18
[earth:blue] Round #19
[earth:blue] Round #20
[earth:blue] Round #21
[earth:blue] Round #22
[earth:blue] Round #23
[earth:blue] Round #24
[earth:blue] Round #25
[earth:blue] Round #26
[earth:blue] Round #27
[earth:blue] Round #28
[earth:blue] Round #29
[earth:blue] Round #30
[earth:blue] Round #31
[earth:blue] Round #32
[earth:blue] Round #33
[earth:blue] Round #34
[earth:blue] Round #35
[earth:blue] Round #36
[earth:blue] Round #37
[earth:blue] Round #38
[earth:blue] Round #39
[earth:blue] Round #40
[earth:blue] Round #41
[earth:blue] Round #42
[earth:blue] Round #43
[earth:blue] Round #44
[earth:blue] Round #45
[earth:blue] Round #46
[earth:blue] Round #47
[earth:blue] Round #48
[earth:blue] Round #49
[earth:blue] Round #50
[earth:blue] Round #51
[earth:blue] Round #52
[earth:blue] Round #53
[earth:blue] Round #54
[earth:blue] Round #55
[earth:blue] Round #56
[earth:blue] Round #57
[earth:blue] Round #58
[earth:blue] Round #59
[earth:blue] Round #60
[earth:blue] Round #61
[earth:blue] Round #62
[earth:blue] Round #63
[earth:blue] Round #64
[earth:blue] Round #65
[earth:blue] Round #66
[earth:blue] Round #67
[earth:blue] Round #68
[earth:blue] Round #69
[earth:blue] Round #70
[earth:blue] Round #71
[earth:blue] Round #72
[earth:blue] Round #73
[earth:blue] Round #74
[earth:blue] Round #75
[earth:blue] Round #76
[earth:blue] Round #77
[earth:blue] Round #78
[earth:blue] Round #79
[earth:blue] Round #80
[earth:blue] Round #81
[earth:blue] Round #82
[earth:blue] Round #83
[earth:blue] Round #84
[earth:blue] Round #85
[earth:blue] Round #86
[earth:blue] Round #87
[earth:blue] Round #88
[earth:blue] Round #89
[earth:blue] Round #90
[earth:blue] Round #91
[earth:blue] Round #92
[earth:blue] Round #93
[earth:blue] Round #94
[earth:blue] Round #95
[earth:blue] Round #96
[earth:blue] Round #97
[earth:blue] Round #98
[earth:blue] Round #99
[earth:blue] Round #100
[earth:blue] Round #101
[earth:blue] Round #102
[earth:blue] Round #103
[earth:blue] Round #104
[earth:blue] Round #105
[earth:blue] Round #106
[earth:blue] Round #107
[earth:blue] Round #108
[earth:blue] Round #109
[earth:blue] Round #110
[earth:blue] Round #111
[earth:blue] Round #112
[earth:blue] Round #113
[earth:blue] Round #114
[earth:blue] Round #115
[earth:blue] Round #116
[earth:blue] Round #117
[earth:blue] Round #118
[earth:blue] Round #119
[earth:blue] Round #120
[earth:blue] Round #121
[earth:blue] Round #122
[earth:blue] Round #123
[earth:blue] Round #124
[earth:blue] Round #125
[earth:blue] Round #126
[earth:blue] Round #127
[earth:blue] Round #128
[earth:blue] Round #129
[earth:blue] Round #130
[earth:blue] Round #131
[earth:blue] Round #132
[earth:blue] Round #133
[earth:blue] Round #134
[earth:blue] Round #135
[earth:blue] Round #136
[earth:blue] Round #137
[earth:blue] Round #138
[earth:blue] Round #139
[earth:blue] Round #140
[earth:blue] Round #141
[earth:blue] Round #142
[earth:blue] Round #143
[earth:blue] Round #144
[earth:blue] Round #145
[earth:blue] Round #146
[earth:blue] Round #147
[earth:blue] Round #148
[earth:blue] Round #149
[earth:blue] Round #150
[earth:blue] Round #151
[earth:blue] Round #152
[earth:blue] Round #153
[earth:blue] Round #154
[earth:blue] Round #155
[earth:blue] Round #156
[earth:blue] Round #157
[earth:blue] Round #158
[earth:blue] Round #159
[earth:blue] Round #160
[earth:blue] Round #161
[earth:blue] Round #162
[earth:blue] Round #163
[earth:blue] Round #164
[earth:blue] Round #165
[earth:blue] Round #166
[earth:blue] Round #167
[earth:blue] Round #168
[earth:blue] Round #169
[earth:blue] Round #170
[earth:blue] Round #171
[earth:blue] Round #172
[earth:blue] Round #173
[earth:blue] Round #174
[earth:blue] Round #175
[earth:blue] Round #176
[earth:blue] Round #177
[earth:blue] Round #178
[earth:blue] Round #179
[earth:blue] Round #180
[earth:blue] Round #181
[earth:blue] Round #182
[earth:blue] Round #183
[earth:blue] Round #184
[earth:blue] Round #185
[earth:blue] Round #186
[earth:blue] Round #187
[earth:blue] Round #188
[earth:blue] Round #189
[earth:blue] Round #190
[earth:blue] Round #191
[earth:blue] Round #192
[earth:blue] Round #193
[earth:blue] Round #194
[earth:blue] Round #195
[earth:blue] Round #196
[earth:blue] Round #197
[earth:blue] Round #198
[earth:blue] Round #199
[earth:blue] Round #200
[earth:blue] Round #201
[earth:blue] Round #202
[earth:blue] Round #203
[earth:blue] Round #204
[earth:blue] Round #205
[earth:blue] Round #206
[earth:blue] Round #207
[earth:blue] Round #208
[earth:blue] Round #209
[earth:blue] Round #210
[earth:blue] Round #211
[earth:blue] Round #212
[earth:blue] Round #213
[earth:blue] Round #214
[earth:blue] Round #215
[earth:blue] Round #216
[earth:blue] Round #217
[earth:blue] Round #218
[earth:blue] Round #219
[earth:blue] Round #220
[earth:blue] Round #221
[earth:blue] Round #222
[earth:blue] Round #223
[earth:blue] Round #224
[earth:blue] Round #225
[earth:blue] Round #226
[earth:blue] Round #227
[earth:blue] Round #228
[earth:blue] Round #229
[earth:blue] Round #230
[earth:blue] Round #231
[earth:blue] Round #232
[earth:blue] Round #233
[earth:blue] Round #234
[earth:blue] Round #235
[earth:blue] Round #236
[earth:blue] Round #237
[earth:blue] Round #238
[earth:blue] Round #239
[earth:blue] Round #240
[earth:blue] Round #241
[earth:blue] Round #242
[earth:blue] Round #243
[earth:blue] Round #244
[earth:blue] Round #245
[earth:blue] Round #246
[earth:blue] Round #247
[earth:blue] Round #248
[earth:blue] Round #249
[earth:blue] Round #250
[earth:blue] Round #251
[earth:blue] Round #252
[earth:blue] Round #253
[earth:blue] Round #254
[earth:blue] Round #255
[earth:blue] Round #256
[earth:blue] Round #257
[earth:blue] Round #258
[earth:blue] Round #259
[earth:blue] Round #260
[earth:blue] Round #261
[earth:blue] Round #262
[earth:blue] Round #263
[earth:blue] Round #264
[earth:blue] Round #265
[earth:blue] Round #266
[earth:blue] Round #267
[earth:blue] Round #268
[earth:blue] Round #269
[earth:blue] Round #270
[earth:blue] Round #271
[earth:blue] Round #272
[earth:blue] Round #273
[earth:blue] Round #274
[earth:blue] Round #275
[earth:blue] Round #276
[earth:blue] Round #277
[earth:blue] Round #278
[earth:blue] Round #279
[earth:blue] Round #280
[earth:blue] Round #281
[earth:blue] Round #282
[earth:blue] Round #283
[earth:blue] Round #284
[earth:blue] Round #285
[earth:blue] Round #286
[earth:blue] Round #287
[earth:blue] Round #288
[earth:blue] Round #289
[earth:blue] Round #290
[earth:blue] Round #291
[earth:blue] Round #292
[earth:blue] Round #293
[earth:blue] Round #294
[earth:blue] Round #295
[earth:blue] Round #296
[earth:blue] Round #297
[earth:blue] Round #298
[earth:blue] Round #299
[earth:blue] Round #300
[earth:blue] Round #301
[earth:blue] Round #302
[earth:blue] Round #303
[earth:blue] Round #304
[earth:blue] Round #305
[earth:blue] Round #306
[earth:blue] Round #307
[earth:blue] Round #308
[earth:blue] Round #309
[earth:blue] Round #310
[earth:blue] Round #311
[earth:blue] Round #312
[earth:blue] Round #313
[earth:blue] Round #314
[earth:blue] Round #315
[earth:blue] Round #316
[earth:blue] Round #317
[earth:blue] Round #318
[earth:blue] Round #319
[earth:blue] Round #320
[earth:blue] Round #321
[earth:blue] Round #322
[earth:blue] Round #323
[earth:blue] Round #324
[earth:blue] Round #325
[earth:blue] Round #326
[earth:blue] Round #327
[earth:blue] Round #328
[earth:blue] Round #329
[earth:blue] Round #330
[earth:blue] Round #331
[earth:blue] Round #332
[earth:blue] Round #333
[earth:blue] Round #334
[earth:blue] Round #335
[earth:blue] Round #336
[earth:blue] Round #337
[earth:blue] Round #338
[earth:blue] Round #339
[earth:blue] Round #340
[earth:blue] Round #341
[earth:blue] Round #342
[earth:blue] Round #343
[earth:blue] Round #344
[earth:blue] Round #345
[earth:blue] Round #346
[earth:blue] Round #347
[earth:blue] Round #348
[earth:blue] Round #349
[earth:blue] Round #350
[earth:blue] Round #351
[earth:blue] Round #352
[earth:blue] Round #353
[earth:blue] Round #354
[earth:blue] Round #355
[earth:blue] Round #356
[earth:blue] Round #357
[earth:blue] Round #358
[earth:blue] Round #359
[earth:blue] Round #360
[earth:blue] Round #361
[earth:blue] Round #362
[earth:blue] Round #363
[earth:blue] Round #364
[earth:blue] Round #365
[earth:blue] Round #366
[earth:blue] Round #367
[earth:blue] Round #368
[earth:blue] Round #369
[earth:blue] Round #370
[earth:blue] Round #371
[earth:blue] Round #372
[earth:blue] Round #373
[earth:blue] Round #374
[earth:blue] Round #375
[earth:blue] Round #376
[earth:blue] Round #377
[earth:blue] Round #378
[earth:blue] Round #379
[earth:blue] Round #380
[earth:blue] Round #381
[earth:blue] Round #382
[earth:blue] Round #383
[earth:blue] Round #384
[earth:blue] Round #385
[earth:blue] Round #386
[earth:blue] Round #387
[earth:blue] Round #388
[earth:blue] Round #389
[earth:blue] Round #390
[earth:blue] Round #391
[earth:blue] Round #392
[earth:blue] Round #393
[earth:blue] Round #394
[earth:blue] Round #395
[earth:blue] Round #396
[earth:blue] Round #397
[earth:blue] Round #398
[earth:blue] Round #399
[earth:blue] Round #400
[earth:blue] Round #401
[earth:blue] Round #402
[earth:blue] Round #403
[earth:blue] Round #404
[earth:blue] Round #405
[earth:blue] Round #406
[earth:blue] Round #407
[earth:blue] Round #408
[earth:blue] Round #409
[earth:blue] Round #410
[earth:blue] Round #411
[earth:blue] Round #412
[earth:blue] Round #413
[earth:blue] Round #414
[earth:blue] Round #415
[earth:blue] Round #416
[earth:blue] Round #417
[earth:blue] Round #418
[earth:blue] Round #419
[earth:blue] Round #420
[earth:blue] Round #421
[earth:blue] Round #422
[earth:blue] Round #423
[earth:blue] Round #424
[earth:blue] Round #425
[earth:blue] Round #426
[earth:blue] Round #427
[earth:blue] Round #428
[earth:blue] Round #429
[earth:blue] Round #430
[earth:blue] Round #431
[earth:blue] Round #432
[earth:blue] Round #433
[earth:blue] Round #434
[earth:blue] Round #435
[earth:blue] Round #436
[earth:blue] Round #437
[earth:blue] Round #438
[earth:blue] Round #439
[earth:blue] Round #440
[earth:blue] Round #441
[earth:blue] Round #442
[earth:blue] Round #443
[earth:blue] Round #444
[earth:blue] Round #445
[earth:blue] Round #446
[earth:blue] Round #447
[earth:blue] Round #448
[earth:blue] Round #449
[earth:blue] Round #450
[earth:blue] Round #451
[earth:blue] Round #452
[earth:blue] Round #453
[earth:blue] Round #454
[earth:blue] Round #455
[earth:blue] Round #456
[earth:blue] Round #457
[earth:blue] Round #458
[earth:blue] Round #459
[earth:blue] Round #460
[earth:blue] Round #461
[earth:blue] Round #462
[earth:blue] Round #463
[earth:blue] Round #464
[earth:blue] Round #465
[earth:blue] Round #466
[earth:blue] Round #467
[earth:blue] Round #468
[earth:blue] Round #469
[earth:blue] Round #470
[earth:blue] Round #471
[earth:blue] Round #472
[earth:blue] Round #473
[earth:blue] Round #474
[earth:blue] Round #475
[earth:blue] Round #476
[earth:blue] Round #477
[earth:blue] Round #478
[earth:blue] Round #479
[earth:blue] Round #480
[earth:blue] Round #481
[earth:blue] Round #482
[earth:blue] Round #483
[earth:blue] Round #484
[earth:blue] Round #485
[earth:blue] Round #486
[earth:blue] Round #487
[earth:blue] Round #488
[earth:blue] Round #489
[earth:blue] Round #490
[earth:blue] Round #491
[earth:blue] Round #492
[earth:blue] Round #493
[earth:blue] Round #494
[earth:blue] Round #495
[earth:blue] Round #496
[earth:blue] Round #497
[earth:blue] Round #498
[earth:blue] Round #499
[earth:blue] Round #500
[earth:blue] Round #501
[earth:blue] Round #502
[earth:blue] Round #503
[earth:blue] Round #504
[earth:blue] Round #505
[earth:blue] Round #506
[earth:blue] Round #507
[earth:blue] Round #508
[earth:blue] Round #509
[earth:blue] Round #510
[earth:blue] Round #511
[earth:blue] Round #512
[earth:blue] Round #513
[earth:blue] Round #514
[earth:blue] Round #515
[earth:blue] Round #516
[earth:blue] Round #517
[earth:blue] Round #518
[earth:blue] Round #519
[earth:blue] Round #520
[earth:blue] Round #521
[earth:blue] Round #522
[earth:blue] Round #523
[earth:blue] Round #524
[earth:blue] Round #525
[earth:blue] Round #526
[earth:blue] Round #527
[earth:blue] Round #528
[earth:blue] Round #529
[earth:blue] Round #530
[earth:blue] Round #531
[earth:blue] Round #532
[earth:blue] Round #533
[earth:blue] Round #534
[earth:blue] Round #535
[earth:blue] Round #536
[earth:blue] Round #537
[earth:blue] Round #538
[earth:blue] Round #539
[earth:blue] Round #540
[earth:blue] Round #541
[earth:blue] Round #542
[earth:blue] Round #543
[earth:blue] Round #544
[earth:blue] Round #545
[earth:blue] Round #546
[earth:blue] Round #547
[earth:blue] Round #548
[earth:blue] Round #549
[earth:blue] Round #550
[earth:blue] Round #551
[earth:blue] Round #552
[earth:blue] Round #553
[earth:blue] Round #554
[earth:blue] Round #555
[earth:blue] Round #556
[earth:blue] Round #557
[earth:blue] Round #558
[earth:blue] Round #559
[earth:blue] Round #560
[earth:blue] Round #561
[earth:blue] Round #562
[earth:blue] Round #563
[earth:blue] Round #564
[earth:blue] Round #565
[earth:blue] Round #566
[earth:blue] Round #567
[earth:blue] Round #568
[earth:blue] Round #569
[earth:blue] Round #570
[earth:blue] Round #571
[earth:blue] Round #572
[earth:blue] Round #573
[earth:blue] Round #574
[earth:blue] Round #575
[earth:blue] Round #576
[earth:blue] Round #577
[earth:blue] Round #578
[earth:blue] Round #579
[earth:blue] Round #580
[earth:blue] Round #581
[earth:blue] Round #582
[earth:blue] Round #583
[earth:blue] Round #584
[earth:blue] Round #585
[earth:blue] Round #586
[earth:blue] Round #587
[earth:blue] Round #588
[earth:blue] Round #589
[earth:blue] Round #590
[earth:blue] Round #591
[earth:blue] Round #592
[earth:blue] Round #593
[earth:blue] Round #594
[earth:blue] Round #595
[earth:blue] Round #596
[earth:blue] Round #597
[earth:blue] Round #598
[earth:blue] Round #599
[earth:blue] Round #600
[earth:blue] Round #601
[earth:blue] Round #602
[earth:blue] Round #603
[earth:blue] Round #604
[earth:blue] Round #605
[earth:blue] Round #606
[earth:blue] Round #607
[earth:blue] Round #608
[earth:blue] Round #609
[earth:blue] Round #610
[earth:blue] Round #611
[earth:blue] Round #612
[earth:blue] Round #613
[earth:blue] Round #614
[earth:blue] Round #615
[earth:blue] Round #616
[earth:blue] Round #617
[earth:blue] Round #618
[earth:blue] Round #619
[earth:blue] Round #620
[earth:blue] Round #621
[earth:blue] Round #622
[earth:blue] Round #623
[earth:blue] Round #624
[earth:blue] Round #625
[earth:blue] Round #626
[earth:blue] Round #627
[earth:blue] Round #628
[earth:blue] Round #629
[earth:blue] Round #630
[earth:blue] Round #631
[earth:blue] Round #632
[earth:blue] Round #633
[earth:blue] Round #634
[earth:blue] Round #635
[earth:blue] Round #636
[earth:blue] Round #637
[earth:blue] Round #638
[earth:blue] Round #639
[earth:blue] Round #640
[earth:blue] Round #641
[earth:blue] Round #642
[earth:blue] Round #643
[earth:blue] Round #644
[earth:blue] Round #645
[earth:blue] Round #646
[earth:blue] Round #647
[earth:blue] Round #648
[earth:blue] Round #649
[earth:blue] Round #650
[earth:blue] Round #651
[earth:blue] Round #652
[earth:blue] Round #653
[earth:blue] Round #654
[earth:blue] Round #655
[earth:blue] Round #656
[earth:blue] Round #657
[earth:blue] Round #658
[earth:blue] Round #659
[earth:blue] Round #660
[earth:blue] Round #661
[earth:blue] Round #662
[earth:blue] Round #663
[earth:blue] Round #664
[earth:blue] Round #665
[earth:blue] Round #666
[earth:blue] Round #667
[earth:blue] Round #668
[earth:blue] Round #669
[earth:blue] Round #670
[earth:blue] Round #671
[earth:blue] Round #672
[earth:blue] Round #673
[earth:blue] Round #674
[earth:blue] Round #675
[earth:blue] Round #676
[earth:blue] Round #677
[earth:blue] Round #678
[earth:blue] Round #679
[earth:blue] Round #680
[earth:blue] Round #681
[earth:blue] Round #682
[earth:blue] Round #683
[earth:blue] Round #684
[earth:blue] Round #685
[earth:blue] Round #686
[earth:blue] Round #687
[earth:blue] Round #688
[earth:blue] Round #689
[earth:blue] Round #690
[earth:blue] Round #691
[earth:blue] Round #692
[earth:blue] Round #693
[earth:blue] Round #694
[earth:blue] Round #695
[earth:blue] Round #696
[earth:blue] Round #697
[earth:blue] Round #698
[earth:blue] Round #699
[earth:blue] Round #700
[earth:blue] Round #701
[earth:blue] Round #702
[earth:blue] Round #703
[earth:blue] Round #704
[earth:blue] Round #705
[earth:blue] Round #706
[earth:blue] Round #707
[earth:blue] Round #708
[earth:blue] Round #709
[earth:blue] Round #710
[earth:blue] Round #711
[earth:blue] Round #712
[earth:blue] Round #713
[earth:blue] Round #714
[earth:blue] Round #715
[earth:blue] Round #716
[earth:blue] Round #717
[earth:blue] Round #718
[earth:blue] Round #719
[earth:blue] Round #720
[earth:blue] Round #721
[earth:blue] Round #722
[earth:blue] Round #723
[earth:blue] Round #724
[earth:blue] Round #725
[earth:blue] Round #726
[earth:blue] Round #727
[earth:blue] Round #728
[earth:blue] Round #729
[earth:blue] Round #730
[earth:blue] Round #731
[earth:blue] Round #732
[earth:blue] Round #733
[earth:blue] Round #734
[earth:blue] Round #735
[earth:blue] Round #736
[earth:blue] Round #737
[earth:blue] Round #738
[earth:blue] Round #739
[earth:blue] Round #740
[earth:blue] Round #741
[earth:blue] Round #742
[earth:blue] Round #743
[earth:blue] Round #744
[earth:blue] Round #745
[earth:blue] Round #746
[earth:blue] Round #747
[earth:blue] Round #748
[earth:blue] Round #749
Saving replay to /player/replay.bc18
Ready to run next game.
Loading map /player/battlecode-maps/bananas.bc18t
Running game server on socket unix:///tmp/battlecode-0
Running game...
[earth:red] Note: Some input files use or override a deprecated API.
[earth:red] Note: Recompile with -Xlint:deprecation for details.
[earth:red] -- Starting battlecode java engine, vroom vroom! --
[earth:red] -- Note: you may get a warning about stack guards, please ignore it. --
[mars:red] Note: Some input files use or override a deprecated API.
[mars:red] Note: Recompile with -Xlint:deprecation for details.
[earth:red] Loading linux library: /battlecode/java/bc/libbattlecode-java-linux.so
[earth:red] Java HotSpot(TM) 64-Bit Server VM warning: You have loaded library /battlecode/java/bc/libbattlecode-java-linux.so which might have disabled stack guard. The VM will try to fix the stack guard now.
[earth:red] It's highly recommended that you fix the library with 'execstack -c <libfile>', or link it with '-z noexecstack'.
[earth:red] -- Engine loaded. --
[earth:red] Player connecting to unix:///tmp/battlecode-socket
[mars:red] -- Starting battlecode java engine, vroom vroom! --
[mars:red] -- Note: you may get a warning about stack guards, please ignore it. --
[earth:blue] Note: Some input files use or override a deprecated API.
[earth:blue] Note: Recompile with -Xlint:deprecation for details.
[mars:red] Loading linux library: /battlecode/java/bc/libbattlecode-java-linux.so
[mars:red] Java HotSpot(TM) 64-Bit Server VM warning: You have loaded library /battlecode/java/bc/libbattlecode-java-linux.so which might have disabled stack guard. The VM will try to fix the stack guard now.
[mars:red] -- Engine loaded. --
[mars:red] It's highly recommended that you fix the library with 'execstack -c <libfile>', or link it with '-z noexecstack'.
[mars:red] Player connecting to unix:///tmp/battlecode-socket
[mars:blue] Note: Some input files use or override a deprecated API.
[mars:blue] Note: Recompile with -Xlint:deprecation for details.
[earth:blue] Structure Base initiated
[earth:blue] -- Starting battlecode java engine, vroom vroom! --
[earth:blue] -- Note: you may get a warning about stack guards, please ignore it. --
[earth:blue] Loading linux library: /battlecode/java/bc/libbattlecode-java-linux.so
[earth:blue] Java HotSpot(TM) 64-Bit Server VM warning: You have loaded library /battlecode/java/bc/libbattlecode-java-linux.so which might have disabled stack guard. The VM will try to fix the stack guard now.
[earth:blue] It's highly recommended that you fix the library with 'execstack -c <libfile>', or link it with '-z noexecstack'.
[earth:blue] -- Engine loaded. --
[earth:blue] Player connecting to unix:///tmp/battlecode-socket
[mars:blue] Structure Base initiated
[mars:blue] -- Starting battlecode java engine, vroom vroom! --
[mars:blue] -- Note: you may get a warning about stack guards, please ignore it. --
[mars:blue] Loading linux library: /battlecode/java/bc/libbattlecode-java-linux.so
[mars:blue] Java HotSpot(TM) 64-Bit Server VM warning: You have loaded library /battlecode/java/bc/libbattlecode-java-linux.so which might have disabled stack guard. The VM will try to fix the stack guard now.
[mars:blue] It's highly recommended that you fix the library with 'execstack -c <libfile>', or link it with '-z noexecstack'.
[mars:blue] -- Engine loaded. --
[mars:blue] Player connecting to unix:///tmp/battlecode-socket
[earth:red] Successfully connected to the manager!
[earth:blue] Successfully connected to the manager!
[earth:blue] Running PlayerController...
[earth:blue] Earth Controller initiated
[earth:blue] Round #1
[mars:red] Successfully connected to the manager!
[mars:blue] Successfully connected to the manager!
[mars:blue] Running PlayerController...
[mars:blue] Mars Controller initiated
[earth:blue] Round #2
[earth:blue] Round #3
[earth:blue] Round #4
[earth:blue] Round #5
[earth:blue] Round #6
[earth:blue] Round #7
[earth:blue] Round #8
[earth:blue] Round #9
[earth:blue] Round #10
[earth:blue] Unit { id: 11, team: Blue, level: 0, unit_type: Worker, location: OnMap(MapLocation { planet: Earth, x: 15, y: 13 }), health: 100, max_health: 100, vision_range: 50, damage: 0, attack_range: 0, movement_heat: 10, attack_heat: 0, movement_cooldown: 20, attack_cooldown: 0, is_ability_unlocked: true, ability_heat: 0, ability_cooldown: 500, ability_range: 2, has_worker_acted: false, build_health: 5, repair_health: 10, harvest_amount: 3, defense: 5, cannot_attack_range: 10, countdown: 0, max_countdown: 5, target_location: None, self_heal_amount: 1, is_built: false, max_capacity: 8, garrison: [], factory_unit_type: None, factory_rounds_left: None, factory_max_rounds_left: 5, is_used: false, blast_damage: 50, travel_time_decrease: 0 }
[earth:blue] Round #11
[earth:blue] Round #12
[earth:blue] Round #13
[earth:blue] Round #14
[earth:blue] Round #15
[earth:blue] Round #16
[earth:blue] Round #17
[earth:blue] Round #18
[earth:blue] Round #19
[earth:blue] Round #20
[earth:blue] Round #21
[earth:blue] Round #22
[earth:blue] Round #23
[earth:blue] Round #24
[earth:blue] Round #25
[earth:blue] Round #26
[earth:blue] Round #27
[earth:blue] Round #28
[earth:blue] Round #29
[earth:blue] Round #30
[earth:blue] Round #31
[earth:blue] Round #32
[earth:blue] Round #33
[earth:blue] Round #34
[earth:blue] Round #35
[earth:blue] Round #36
[earth:blue] Round #37
[earth:blue] Round #38
[earth:blue] Round #39
[earth:blue] Round #40
[earth:blue] Round #41
[earth:blue] Round #42
[earth:blue] Round #43
[earth:blue] Round #44
[earth:blue] Round #45
[earth:blue] Round #46
[earth:blue] Round #47
[earth:blue] Round #48
[earth:blue] Round #49
[earth:blue] Round #50
[earth:blue] Round #51
[earth:blue] Round #52
[earth:blue] Round #53
[earth:blue] Round #54
[earth:blue] Round #55
[earth:blue] Round #56
[earth:blue] Round #57
[earth:blue] Round #58
[earth:blue] Round #59
[earth:blue] Round #60
[earth:blue] Round #61
[earth:blue] Round #62
[earth:blue] Round #63
[earth:blue] Round #64
[earth:blue] Round #65
[earth:blue] Round #66
[earth:blue] Round #67
[earth:blue] Round #68
[earth:blue] Round #69
[earth:blue] Round #70
[earth:blue] Round #71
[earth:blue] Round #72
[earth:blue] Round #73
[earth:blue] Round #74
[earth:blue] Round #75
[earth:blue] Round #76
[earth:blue] Round #77
[earth:blue] Round #78
[earth:blue] Round #79
[earth:blue] Round #80
[earth:blue] Round #81
[earth:blue] Round #82
[earth:blue] Round #83
[earth:blue] Round #84
[earth:blue] Round #85
[earth:blue] Round #86
[earth:blue] Round #87
[earth:blue] Round #88
[earth:blue] Round #89
[earth:blue] Round #90
[earth:blue] Round #91
[earth:blue] Round #92
[earth:blue] Round #93
[earth:blue] Round #94
[earth:blue] Round #95
[earth:blue] Round #96
[earth:blue] Round #97
[earth:blue] Round #98
[earth:blue] Round #99
[earth:blue] Round #100
[earth:blue] Round #101
[earth:blue] Round #102
[earth:blue] Round #103
[earth:blue] Round #104
[earth:blue] Round #105
[earth:blue] Round #106
[earth:blue] Round #107
[earth:blue] Round #108
[earth:blue] Round #109
[earth:blue] Round #110
[earth:blue] Round #111
[earth:blue] Round #112
[earth:blue] Round #113
[earth:blue] Round #114
[earth:blue] Round #115
[earth:blue] Round #116
[earth:blue] Round #117
[earth:blue] Round #118
[earth:blue] Round #119
[earth:blue] Round #120
[earth:blue] Round #121
[earth:blue] Round #122
[earth:blue] Round #123
[earth:blue] Round #124
[earth:blue] Round #125
[earth:blue] Round #126
[earth:blue] Round #127
[earth:blue] Round #128
[earth:blue] Round #129
[earth:blue] Round #130
[earth:blue] Round #131
[earth:blue] Round #132
[earth:blue] Round #133
[earth:blue] Round #134
[earth:blue] Round #135
[earth:blue] Round #136
[earth:blue] Round #137
[earth:blue] Round #138
[earth:blue] Round #139
[earth:blue] Round #140
[earth:blue] Round #141
[earth:blue] Round #142
[earth:blue] Round #143
[earth:blue] Round #144
[earth:blue] Round #145
[earth:blue] Round #146
[earth:blue] Round #147
[earth:blue] Round #148
[earth:blue] Round #149
[earth:blue] Round #150
[earth:blue] Round #151
[earth:blue] Round #152
[earth:blue] Round #153
[earth:blue] Round #154
[earth:blue] Round #155
[earth:blue] Round #156
[earth:blue] Round #157
[earth:blue] Round #158
[earth:blue] Round #159
[earth:blue] Round #160
[earth:blue] Round #161
[earth:blue] Round #162
[earth:blue] Round #163
[earth:blue] Round #164
[earth:blue] Round #165
[earth:blue] Round #166
[earth:blue] Round #167
[earth:blue] Round #168
[earth:blue] Round #169
[earth:blue] Round #170
[earth:blue] Round #171
[earth:blue] Round #172
[earth:blue] Round #173
[earth:blue] Round #174
[earth:blue] Round #175
[earth:blue] Round #176
[earth:blue] Round #177
[earth:blue] Round #178
[earth:blue] Round #179
[earth:blue] Round #180
[earth:blue] Round #181
[earth:blue] Round #182
[earth:blue] Round #183
[earth:blue] Round #184
[earth:blue] Round #185
[earth:blue] Round #186
[earth:blue] Round #187
[earth:blue] Round #188
[earth:blue] Round #189
[earth:blue] Round #190
[earth:blue] Round #191
[earth:blue] Round #192
[earth:blue] Round #193
[earth:blue] Round #194
[earth:blue] Round #195
[earth:blue] Round #196
[earth:blue] Round #197
[earth:blue] Round #198
[earth:blue] Round #199
[earth:blue] Round #200
[earth:blue] Round #201
[earth:blue] Round #202
[earth:blue] Round #203
[earth:blue] Round #204
[earth:blue] Round #205
[earth:blue] Round #206
[earth:blue] Round #207
[earth:blue] Round #208
[earth:blue] Round #209
[earth:blue] Round #210
[earth:blue] Round #211
[earth:blue] Round #212
[earth:blue] Round #213
[earth:blue] Round #214
[earth:blue] Round #215
[earth:blue] Round #216
[earth:blue] Round #217
[earth:blue] Round #218
[earth:blue] Round #219
[earth:blue] Round #220
[earth:blue] Round #221
[earth:blue] Round #222
[earth:blue] Round #223
[earth:blue] Round #224
[earth:blue] Round #225
[earth:blue] Round #226
[earth:blue] Round #227
[earth:blue] Round #228
[earth:blue] Round #229
[earth:blue] Round #230
[earth:blue] Round #231
[earth:blue] Round #232
[earth:blue] Round #233
[earth:blue] Round #234
[earth:blue] Round #235
[earth:blue] Round #236
[earth:blue] Round #237
[earth:blue] Round #238
[earth:blue] Round #239
[earth:blue] Round #240
[earth:blue] Round #241
[earth:blue] Round #242
[earth:blue] Round #243
[earth:blue] Round #244
[earth:blue] Round #245
[earth:blue] Round #246
[earth:blue] Round #247
[earth:blue] Round #248
[earth:blue] Round #249
[earth:blue] Round #250
[earth:blue] Round #251
[earth:blue] Round #252
[earth:blue] Round #253
[earth:blue] Round #254
[earth:blue] Round #255
[earth:blue] Round #256
[earth:blue] Round #257
[earth:blue] Round #258
[earth:blue] Round #259
[earth:blue] Round #260
[earth:blue] Round #261
[earth:blue] Round #262
[earth:blue] Round #263
[earth:blue] Round #264
[earth:blue] Round #265
[earth:blue] Round #266
[earth:blue] Round #267
[earth:blue] Round #268
[earth:blue] Round #269
[earth:blue] Round #270
[earth:blue] Round #271
[earth:blue] Round #272
[earth:blue] Round #273
[earth:blue] Round #274
[earth:blue] Round #275
[earth:blue] Round #276
[earth:blue] Round #277
[earth:blue] Round #278
[earth:blue] Round #279
[earth:blue] Round #280
[earth:blue] Round #281
[earth:blue] Round #282
[earth:blue] Round #283
[earth:blue] Round #284
[earth:blue] Round #285
[earth:blue] Round #286
[earth:blue] Round #287
[earth:blue] Round #288
[earth:blue] Round #289
[earth:blue] Round #290
[earth:blue] Round #291
[earth:blue] Round #292
[earth:blue] Round #293
[earth:blue] Round #294
[earth:blue] Round #295
[earth:blue] Round #296
[earth:blue] Round #297
[earth:blue] Round #298
[earth:blue] Round #299
[earth:blue] Round #300
[earth:blue] Round #301
[earth:blue] Round #302
[earth:blue] Round #303
[earth:blue] Round #304
[earth:blue] Round #305
[earth:blue] Round #306
[earth:blue] Round #307
[earth:blue] Round #308
[earth:blue] Round #309
[earth:blue] Round #310
[earth:blue] Round #311
[earth:blue] Round #312
[earth:blue] Round #313
[earth:blue] Round #314
[earth:blue] Round #315
[earth:blue] Round #316
[earth:blue] Round #317
[earth:blue] Round #318
[earth:blue] Round #319
[earth:blue] Round #320
[earth:blue] Round #321
[earth:blue] Round #322
[earth:blue] Round #323
[earth:blue] Round #324
[earth:blue] Round #325
[earth:blue] Round #326
[earth:blue] Round #327
[earth:blue] Round #328
[earth:blue] Round #329
[earth:blue] Round #330
[earth:blue] Round #331
[earth:blue] Round #332
[earth:blue] Round #333
[earth:blue] Round #334
[earth:blue] Round #335
[earth:blue] Round #336
[earth:blue] Round #337
[earth:blue] Round #338
[earth:blue] Round #339
[earth:blue] Round #340
[earth:blue] Round #341
[earth:blue] Round #342
[earth:blue] Round #343
[earth:blue] Round #344
[earth:blue] Round #345
[earth:blue] Round #346
[earth:blue] Round #347
[earth:blue] Round #348
[earth:blue] Round #349
[earth:blue] Round #350
[earth:blue] Round #351
[earth:blue] Round #352
[earth:blue] Round #353
[earth:blue] Round #354
[earth:blue] Round #355
[earth:blue] Round #356
[earth:blue] Round #357
[earth:blue] Round #358
[earth:blue] Round #359
[earth:blue] Round #360
[earth:blue] Round #361
[earth:blue] Round #362
[earth:blue] Round #363
[earth:blue] Round #364
[earth:blue] Round #365
[earth:blue] Round #366
[earth:blue] Round #367
[earth:blue] Round #368
[earth:blue] Round #369
[earth:blue] Round #370
[earth:blue] Round #371
[earth:blue] Round #372
[earth:blue] Round #373
[earth:blue] Round #374
[earth:blue] Round #375
[earth:blue] Round #376
[earth:blue] Round #377
[earth:blue] Round #378
[earth:blue] Round #379
[earth:blue] Round #380
[earth:blue] Round #381
[earth:blue] Round #382
[earth:blue] Round #383
[earth:blue] Round #384
[earth:blue] Round #385
[earth:blue] Round #386
[earth:blue] Round #387
[earth:blue] Round #388
[earth:blue] Round #389
[earth:blue] Round #390
[earth:blue] Round #391
[earth:blue] Round #392
[earth:blue] Round #393
[earth:blue] Round #394
[earth:blue] Round #395
[earth:blue] Round #396
[earth:blue] Round #397
[earth:blue] Round #398
[earth:blue] Round #399
[earth:blue] Round #400
[earth:blue] Round #401
[earth:blue] Round #402
[earth:blue] Round #403
[earth:blue] Round #404
[earth:blue] Round #405
[earth:blue] Round #406
[earth:blue] Round #407
[earth:blue] Round #408
[earth:blue] Round #409
[earth:blue] Round #410
[earth:blue] Round #411
[earth:blue] Round #412
[earth:blue] Round #413
[earth:blue] Round #414
[earth:blue] Round #415
[earth:blue] Round #416
[earth:blue] Round #417
[earth:blue] Round #418
[earth:blue] Round #419
[earth:blue] Round #420
[earth:blue] Round #421
[earth:blue] Round #422
[earth:blue] Round #423
[earth:blue] Round #424
[earth:blue] Round #425
[earth:blue] Round #426
[earth:blue] Round #427
[earth:blue] Round #428
[earth:blue] Round #429
[earth:blue] Round #430
[earth:blue] Round #431
[earth:blue] Round #432
[earth:blue] Round #433
[earth:blue] Round #434
[earth:blue] Round #435
[earth:blue] Round #436
[earth:blue] Round #437
[earth:blue] Round #438
[earth:blue] Round #439
[earth:blue] Round #440
[earth:blue] Round #441
[earth:blue] Round #442
[earth:blue] Round #443
[earth:blue] Round #444
[earth:blue] Round #445
[earth:blue] Round #446
[earth:blue] Round #447
[earth:blue] Round #448
[earth:blue] Round #449
[earth:blue] Round #450
[earth:blue] Round #451
[earth:blue] Round #452
[earth:blue] Round #453
[earth:blue] Round #454
[earth:blue] Round #455
[earth:blue] Round #456
[earth:blue] Round #457
[earth:blue] Round #458
[earth:blue] Round #459
[earth:blue] Round #460
[earth:blue] Round #461
[earth:blue] Round #462
[earth:blue] Round #463
[earth:blue] Round #464
[earth:blue] Round #465
[earth:blue] Round #466
[earth:blue] Round #467
[earth:blue] Round #468
[earth:blue] Round #469
[earth:blue] Round #470
[earth:blue] Round #471
[earth:blue] Round #472
[earth:blue] Round #473
[earth:blue] Round #474
[earth:blue] Round #475
[earth:blue] Round #476
[earth:blue] Round #477
[earth:blue] Round #478
[earth:blue] Round #479
[earth:blue] Round #480
[earth:blue] Round #481
[earth:blue] Round #482
[earth:blue] Round #483
[earth:blue] Round #484
[earth:blue] Round #485
[earth:blue] Round #486
[earth:blue] Round #487
[earth:blue] Round #488
[earth:blue] Round #489
[earth:blue] Round #490
[earth:blue] Round #491
[earth:blue] Round #492
[earth:blue] Round #493
[earth:blue] Round #494
[earth:blue] Round #495
[earth:blue] Round #496
[earth:blue] Round #497
[earth:blue] Round #498
[earth:blue] Round #499
[earth:blue] Round #500
[earth:blue] Round #501
[earth:blue] Round #502
[earth:blue] Round #503
[earth:blue] Round #504
[earth:blue] Round #505
[earth:blue] Round #506
[earth:blue] Round #507
[earth:blue] Round #508
[earth:blue] Round #509
[earth:blue] Round #510
[earth:blue] Round #511
[earth:blue] Round #512
[earth:blue] Round #513
[earth:blue] Round #514
[earth:blue] Round #515
[earth:blue] Round #516
[earth:blue] Round #517
[earth:blue] Round #518
[earth:blue] Round #519
[earth:blue] Round #520
[earth:blue] Round #521
[earth:blue] Round #522
[earth:blue] Round #523
[earth:blue] Round #524
[earth:blue] Round #525
[earth:blue] Round #526
[earth:blue] Round #527
[earth:blue] Round #528
[earth:blue] Round #529
[earth:blue] Round #530
[earth:blue] Round #531
[earth:blue] Round #532
[earth:blue] Round #533
[earth:blue] Round #534
[earth:blue] Round #535
[earth:blue] Round #536
[earth:blue] Round #537
[earth:blue] Round #538
[earth:blue] Round #539
[earth:blue] Round #540
[earth:blue] Round #541
[earth:blue] Round #542
[earth:blue] Round #543
[earth:blue] Round #544
[earth:blue] Round #545
[earth:blue] Round #546
[earth:blue] Round #547
[earth:blue] Round #548
[earth:blue] Round #549
[earth:blue] Round #550
[earth:blue] Round #551
[earth:blue] Round #552
[earth:blue] Round #553
[earth:blue] Round #554
[earth:blue] Round #555
[earth:blue] Round #556
[earth:blue] Round #557
[earth:blue] Round #558
[earth:blue] Round #559
[earth:blue] Round #560
[earth:blue] Round #561
[earth:blue] Round #562
[earth:blue] Round #563
[earth:blue] Round #564
[earth:blue] Round #565
[earth:blue] Round #566
[earth:blue] Round #567
[earth:blue] Round #568
[earth:blue] Round #569
[earth:blue] Round #570
[earth:blue] Round #571
[earth:blue] Round #572
[earth:blue] Round #573
[earth:blue] Round #574
[earth:blue] Round #575
[earth:blue] Round #576
[earth:blue] Round #577
[earth:blue] Round #578
[earth:blue] Round #579
[earth:blue] Round #580
[earth:blue] Round #581
[earth:blue] Round #582
[earth:blue] Round #583
[earth:blue] Round #584
[earth:blue] Round #585
[earth:blue] Round #586
[earth:blue] Round #587
[earth:blue] Round #588
[earth:blue] Round #589
[earth:blue] Round #590
[earth:blue] Round #591
[earth:blue] Round #592
[earth:blue] Round #593
[earth:blue] Round #594
[earth:blue] Round #595
[earth:blue] Round #596
[earth:blue] Round #597
[earth:blue] Round #598
[earth:blue] Round #599
[earth:blue] Round #600
[earth:blue] Round #601
[earth:blue] Round #602
[earth:blue] Round #603
[earth:blue] Round #604
[earth:blue] Round #605
[earth:blue] Round #606
[earth:blue] Round #607
[earth:blue] Round #608
[earth:blue] Round #609
[earth:blue] Round #610
[earth:blue] Round #611
[earth:blue] Round #612
[earth:blue] Round #613
[earth:blue] Round #614
[earth:blue] Round #615
[earth:blue] Round #616
[earth:blue] Round #617
[earth:blue] Round #618
[earth:blue] Round #619
[earth:blue] Round #620
[earth:blue] Round #621
[earth:blue] Round #622
[earth:blue] Round #623
[earth:blue] Round #624
[earth:blue] Round #625
[earth:blue] Round #626
[earth:blue] Round #627
[earth:blue] Round #628
[earth:blue] Round #629
[earth:blue] Round #630
[earth:blue] Round #631
[earth:blue] Round #632
[earth:blue] Round #633
[earth:blue] Round #634
[earth:blue] Round #635
[earth:blue] Round #636
[earth:blue] Round #637
[earth:blue] Round #638
[earth:blue] Round #639
[earth:blue] Round #640
[earth:blue] Round #641
[earth:blue] Round #642
[earth:blue] Round #643
[earth:blue] Round #644
[earth:blue] Round #645
[earth:blue] Round #646
[earth:blue] Round #647
[earth:blue] Round #648
[earth:blue] Round #649
[earth:blue] Round #650
[earth:blue] Round #651
[earth:blue] Round #652
[earth:blue] Round #653
[earth:blue] Round #654
[earth:blue] Round #655
[earth:blue] Round #656
[earth:blue] Round #657
[earth:blue] Round #658
[earth:blue] Round #659
[earth:blue] Round #660
[earth:blue] Round #661
[earth:blue] Round #662
[earth:blue] Round #663
[earth:blue] Round #664
[earth:blue] Round #665
[earth:blue] Round #666
[earth:blue] Round #667
[earth:blue] Round #668
[earth:blue] Round #669
[earth:blue] Round #670
[earth:blue] Round #671
[earth:blue] Round #672
[earth:blue] Round #673
[earth:blue] Round #674
[earth:blue] Round #675
[earth:blue] Round #676
[earth:blue] Round #677
[earth:blue] Round #678
[earth:blue] Round #679
[earth:blue] Round #680
[earth:blue] Round #681
[earth:blue] Round #682
[earth:blue] Round #683
[earth:blue] Round #684
[earth:blue] Round #685
[earth:blue] Round #686
[earth:blue] Round #687
[earth:blue] Round #688
[earth:blue] Round #689
[earth:blue] Round #690
[earth:blue] Round #691
[earth:blue] Round #692
[earth:blue] Round #693
[earth:blue] Round #694
[earth:blue] Round #695
[earth:blue] Round #696
[earth:blue] Round #697
[earth:blue] Round #698
[earth:blue] Round #699
[earth:blue] Round #700
[earth:blue] Round #701
[earth:blue] Round #702
[earth:blue] Round #703
[earth:blue] Round #704
[earth:blue] Round #705
[earth:blue] Round #706
[earth:blue] Round #707
[earth:blue] Round #708
[earth:blue] Round #709
[earth:blue] Round #710
[earth:blue] Round #711
[earth:blue] Round #712
[earth:blue] Round #713
[earth:blue] Round #714
[earth:blue] Round #715
[earth:blue] Round #716
[earth:blue] Round #717
[earth:blue] Round #718
[earth:blue] Round #719
[earth:blue] Round #720
[earth:blue] Round #721
[earth:blue] Round #722
[earth:blue] Round #723
[earth:blue] Round #724
[earth:blue] Round #725
[earth:blue] Round #726
[earth:blue] Round #727
[earth:blue] Round #728
[earth:blue] Round #729
[earth:blue] Round #730
[earth:blue] Round #731
[earth:blue] Round #732
[earth:blue] Round #733
[earth:blue] Round #734
[earth:blue] Round #735
[earth:blue] Round #736
[earth:blue] Round #737
[earth:blue] Round #738
[earth:blue] Round #739
[earth:blue] Round #740
[earth:blue] Round #741
[earth:blue] Round #742
[earth:blue] Round #743
[earth:blue] Round #744
[earth:blue] Round #745
[earth:blue] Round #746
[earth:blue] Round #747
[earth:blue] Round #748
[earth:blue] Round #749
Saving replay to /player/replay.bc18
Ready to run next game.
Loading map /player/battlecode-maps/bananas.bc18t
Running game server on socket unix:///tmp/battlecode-0
Running game...
[earth:red] Note: Some input files use or override a deprecated API.
[earth:red] Note: Recompile with -Xlint:deprecation for details.
[mars:red] Note: Some input files use or override a deprecated API.
[mars:red] Note: Recompile with -Xlint:deprecation for details.
[earth:red] -- Starting battlecode java engine, vroom vroom! --
[earth:red] -- Note: you may get a warning about stack guards, please ignore it. --
[earth:red] Loading linux library: /battlecode/java/bc/libbattlecode-java-linux.so
[earth:red] Java HotSpot(TM) 64-Bit Server VM warning: You have loaded library /battlecode/java/bc/libbattlecode-java-linux.so which might have disabled stack guard. The VM will try to fix the stack guard now.
[earth:red] It's highly recommended that you fix the library with 'execstack -c <libfile>', or link it with '-z noexecstack'.
[earth:red] -- Engine loaded. --
[earth:red] Player connecting to unix:///tmp/battlecode-socket
[mars:red] -- Starting battlecode java engine, vroom vroom! --
[mars:red] -- Note: you may get a warning about stack guards, please ignore it. --
[mars:red] Loading linux library: /battlecode/java/bc/libbattlecode-java-linux.so
[mars:red] Java HotSpot(TM) 64-Bit Server VM warning: You have loaded library /battlecode/java/bc/libbattlecode-java-linux.so which might have disabled stack guard. The VM will try to fix the stack guard now.
[mars:red] It's highly recommended that you fix the library with 'execstack -c <libfile>', or link it with '-z noexecstack'.
[mars:red] -- Engine loaded. --
[mars:red] Player connecting to unix:///tmp/battlecode-socket
[earth:blue] Note: Some input files use or override a deprecated API.
[earth:blue] Note: Recompile with -Xlint:deprecation for details.
[mars:blue] Note: Some input files use or override a deprecated API.
[mars:blue] Note: Recompile with -Xlint:deprecation for details.
[mars:blue] Structure Base initiated
[mars:blue] -- Starting battlecode java engine, vroom vroom! --
[earth:blue] Structure Base initiated
[earth:blue] -- Starting battlecode java engine, vroom vroom! --
[mars:blue] -- Note: you may get a warning about stack guards, please ignore it. --
[earth:blue] -- Note: you may get a warning about stack guards, please ignore it. --
[mars:blue] Loading linux library: /battlecode/java/bc/libbattlecode-java-linux.so
[mars:blue] Java HotSpot(TM) 64-Bit Server VM warning: You have loaded library /battlecode/java/bc/libbattlecode-java-linux.so which might have disabled stack guard. The VM will try to fix the stack guard now.
[mars:blue] It's highly recommended that you fix the library with 'execstack -c <libfile>', or link it with '-z noexecstack'.
[mars:blue] -- Engine loaded. --
[mars:blue] Player connecting to unix:///tmp/battlecode-socket
[earth:blue] Loading linux library: /battlecode/java/bc/libbattlecode-java-linux.so
[earth:blue] Java HotSpot(TM) 64-Bit Server VM warning: You have loaded library /battlecode/java/bc/libbattlecode-java-linux.so which might have disabled stack guard. The VM will try to fix the stack guard now.
[earth:blue] It's highly recommended that you fix the library with 'execstack -c <libfile>', or link it with '-z noexecstack'.
[earth:blue] -- Engine loaded. --
[earth:blue] Player connecting to unix:///tmp/battlecode-socket
[earth:red] Successfully connected to the manager!
[earth:blue] Successfully connected to the manager!
[earth:blue] Running PlayerController...
[earth:blue] Earth Controller initiated
[earth:blue] Round #1
[mars:red] Successfully connected to the manager!
[mars:blue] Successfully connected to the manager!
[mars:blue] Running PlayerController...
[mars:blue] Mars Controller initiated
[earth:blue] Round #2
[earth:blue] Round #3
[earth:blue] Round #4
[earth:blue] Round #5
[earth:blue] Round #6
[earth:blue] Round #7
[earth:blue] Round #8
[earth:blue] Unit { id: 11, team: Blue, level: 0, unit_type: Worker, location: OnMap(MapLocation { planet: Earth, x: 10, y: 14 }), health: 100, max_health: 100, vision_range: 50, damage: 0, attack_range: 0, movement_heat: 10, attack_heat: 0, movement_cooldown: 20, attack_cooldown: 0, is_ability_unlocked: true, ability_heat: 0, ability_cooldown: 500, ability_range: 2, has_worker_acted: false, build_health: 5, repair_health: 10, harvest_amount: 3, defense: 5, cannot_attack_range: 10, countdown: 0, max_countdown: 5, target_location: None, self_heal_amount: 1, is_built: false, max_capacity: 8, garrison: [], factory_unit_type: None, factory_rounds_left: None, factory_max_rounds_left: 5, is_used: false, blast_damage: 50, travel_time_decrease: 0 }
[earth:blue] Round #9
[earth:blue] Round #10
[earth:blue] Round #11
[earth:blue] Round #12
[earth:blue] Round #13
[earth:blue] Round #14
[earth:blue] Round #15
[earth:blue] Round #16
[earth:blue] Round #17
[earth:blue] Round #18
[earth:blue] Round #19
[earth:blue] Round #20
[earth:blue] Round #21
[earth:blue] Round #22
[earth:blue] Round #23
[earth:blue] Round #24
[earth:blue] Round #25
[earth:blue] Round #26
[earth:blue] Round #27
[earth:blue] Round #28
[earth:blue] Round #29
[earth:blue] Round #30
[earth:blue] Round #31
[earth:blue] Round #32
[earth:blue] Round #33
[earth:blue] Round #34
[earth:blue] Round #35
[earth:blue] Round #36
[earth:blue] Round #37
[earth:blue] Round #38
[earth:blue] Round #39
[earth:blue] Round #40
[earth:blue] Round #41
[earth:blue] Round #42
[earth:blue] Round #43
[earth:blue] Round #44
[earth:blue] Round #45
[earth:blue] Round #46
[earth:blue] Round #47
[earth:blue] Round #48
[earth:blue] Round #49
[earth:blue] Round #50
[earth:blue] Round #51
[earth:blue] Round #52
[earth:blue] Round #53
[earth:blue] Round #54
[earth:blue] Round #55
[earth:blue] Round #56
[earth:blue] Round #57
[earth:blue] Round #58
[earth:blue] Round #59
[earth:blue] Round #60
[earth:blue] Round #61
[earth:blue] Round #62
[earth:blue] Round #63
[earth:blue] Round #64
[earth:blue] Round #65
[earth:blue] Round #66
[earth:blue] Round #67
[earth:blue] Round #68
[earth:blue] Round #69
[earth:blue] Round #70
[earth:blue] Round #71
[earth:blue] Round #72
[earth:blue] Round #73
[earth:blue] Round #74
[earth:blue] Round #75
[earth:blue] Round #76
[earth:blue] Round #77
[earth:blue] Round #78
[earth:blue] Round #79
[earth:blue] Round #80
[earth:blue] Round #81
[earth:blue] Round #82
[earth:blue] Round #83
[earth:blue] Round #84
[earth:blue] Round #85
[earth:blue] Round #86
[earth:blue] Round #87
[earth:blue] Round #88
[earth:blue] Round #89
[earth:blue] Round #90
[earth:blue] Round #91
[earth:blue] Round #92
[earth:blue] Round #93
[earth:blue] Round #94
[earth:blue] Round #95
[earth:blue] Round #96
[earth:blue] Round #97
[earth:blue] Round #98
[earth:blue] Round #99
[earth:blue] Round #100
[earth:blue] Round #101
[earth:blue] Round #102
[earth:blue] Round #103
[earth:blue] Round #104
[earth:blue] Round #105
[earth:blue] Round #106
[earth:blue] Round #107
[earth:blue] Round #108
[earth:blue] Round #109
[earth:blue] Round #110
[earth:blue] Round #111
[earth:blue] Round #112
[earth:blue] Round #113
[earth:blue] Round #114
[earth:blue] Round #115
[earth:blue] Round #116
[earth:blue] Round #117
[earth:blue] Round #118
[earth:blue] Round #119
[earth:blue] Round #120
[earth:blue] Round #121
[earth:blue] Round #122
[earth:blue] Round #123
[earth:blue] Round #124
[earth:blue] Round #125
[earth:blue] Round #126
[earth:blue] Round #127
[earth:blue] Round #128
[earth:blue] Round #129
[earth:blue] Round #130
[earth:blue] Round #131
[earth:blue] Round #132
[earth:blue] Round #133
[earth:blue] Round #134
[earth:blue] Round #135
[earth:blue] Round #136
[earth:blue] Round #137
[earth:blue] Round #138
[earth:blue] Round #139
[earth:blue] Round #140
[earth:blue] Round #141
[earth:blue] Round #142
[earth:blue] Round #143
[earth:blue] Round #144
[earth:blue] Round #145
[earth:blue] Round #146
[earth:blue] Round #147
[earth:blue] Round #148
[earth:blue] Round #149
[earth:blue] Round #150
[earth:blue] Round #151
[earth:blue] Round #152
[earth:blue] Round #153
[earth:blue] Round #154
[earth:blue] Round #155
[earth:blue] Round #156
[earth:blue] Round #157
[earth:blue] Round #158
[earth:blue] Round #159
[earth:blue] Round #160
[earth:blue] Round #161
[earth:blue] Round #162
[earth:blue] Round #163
[earth:blue] Round #164
[earth:blue] Round #165
[earth:blue] Round #166
[earth:blue] Round #167
[earth:blue] Round #168
[earth:blue] Round #169
[earth:blue] Round #170
[earth:blue] Round #171
[earth:blue] Round #172
[earth:blue] Round #173
[earth:blue] Round #174
[earth:blue] Round #175
[earth:blue] Round #176
[earth:blue] Round #177
[earth:blue] Round #178
[earth:blue] Round #179
[earth:blue] Round #180
[earth:blue] Round #181
[earth:blue] Round #182
[earth:blue] Round #183
[earth:blue] Round #184
[earth:blue] Round #185
[earth:blue] Round #186
[earth:blue] Round #187
[earth:blue] Round #188
[earth:blue] Round #189
[earth:blue] Round #190
[earth:blue] Round #191
[earth:blue] Round #192
[earth:blue] Round #193
[earth:blue] Round #194
[earth:blue] Round #195
[earth:blue] Round #196
[earth:blue] Round #197
[earth:blue] Round #198
[earth:blue] Round #199
[earth:blue] Round #200
[earth:blue] Round #201
[earth:blue] Round #202
[earth:blue] Round #203
[earth:blue] Round #204
[earth:blue] Round #205
[earth:blue] Round #206
[earth:blue] Round #207
[earth:blue] Round #208
[earth:blue] Round #209
[earth:blue] Round #210
[earth:blue] Round #211
[earth:blue] Round #212
[earth:blue] Round #213
[earth:blue] Round #214
[earth:blue] Round #215
[earth:blue] Round #216
[earth:blue] Round #217
[earth:blue] Round #218
[earth:blue] Round #219
[earth:blue] Round #220
[earth:blue] Round #221
[earth:blue] Round #222
[earth:blue] Round #223
[earth:blue] Round #224
[earth:blue] Round #225
[earth:blue] Round #226
[earth:blue] Round #227
[earth:blue] Round #228
[earth:blue] Round #229
[earth:blue] Round #230
[earth:blue] Round #231
[earth:blue] Round #232
[earth:blue] Round #233
[earth:blue] Round #234
[earth:blue] Round #235
[earth:blue] Round #236
[earth:blue] Round #237
[earth:blue] Round #238
[earth:blue] Round #239
[earth:blue] Round #240
[earth:blue] Round #241
[earth:blue] Round #242
[earth:blue] Round #243
[earth:blue] Round #244
[earth:blue] Round #245
[earth:blue] Round #246
[earth:blue] Round #247
[earth:blue] Round #248
[earth:blue] Round #249
[earth:blue] Round #250
[earth:blue] Round #251
[earth:blue] Round #252
[earth:blue] Round #253
[earth:blue] Round #254
[earth:blue] Round #255
[earth:blue] Round #256
[earth:blue] Round #257
[earth:blue] Round #258
[earth:blue] Round #259
[earth:blue] Round #260
[earth:blue] Round #261
[earth:blue] Round #262
[earth:blue] Round #263
[earth:blue] Round #264
[earth:blue] Round #265
[earth:blue] Round #266
[earth:blue] Round #267
[earth:blue] Round #268
[earth:blue] Round #269
[earth:blue] Round #270
[earth:blue] Round #271
[earth:blue] Round #272
[earth:blue] Round #273
[earth:blue] Round #274
[earth:blue] Round #275
[earth:blue] Round #276
[earth:blue] Round #277
[earth:blue] Round #278
[earth:blue] Round #279
[earth:blue] Round #280
[earth:blue] Round #281
[earth:blue] Round #282
[earth:blue] Round #283
[earth:blue] Round #284
[earth:blue] Round #285
[earth:blue] Round #286
[earth:blue] Round #287
[earth:blue] Round #288
[earth:blue] Round #289
[earth:blue] Round #290
[earth:blue] Round #291
[earth:blue] Round #292
[earth:blue] Round #293
[earth:blue] Round #294
[earth:blue] Round #295
[earth:blue] Round #296
[earth:blue] Round #297
[earth:blue] Round #298
[earth:blue] Round #299
[earth:blue] Round #300
[earth:blue] Round #301
[earth:blue] Round #302
[earth:blue] Round #303
[earth:blue] Round #304
[earth:blue] Round #305
[earth:blue] Round #306
[earth:blue] Round #307
[earth:blue] Round #308
[earth:blue] Round #309
[earth:blue] Round #310
[earth:blue] Round #311
[earth:blue] Round #312
[earth:blue] Round #313
[earth:blue] Round #314
[earth:blue] Round #315
[earth:blue] Round #316
[earth:blue] Round #317
[earth:blue] Round #318
[earth:blue] Round #319
[earth:blue] Round #320
[earth:blue] Round #321
[earth:blue] Round #322
[earth:blue] Round #323
[earth:blue] Round #324
[earth:blue] Round #325
[earth:blue] Round #326
[earth:blue] Round #327
[earth:blue] Round #328
[earth:blue] Round #329
[earth:blue] Round #330
[earth:blue] Round #331
[earth:blue] Round #332
[earth:blue] Round #333
[earth:blue] Round #334
[earth:blue] Round #335
[earth:blue] Round #336
[earth:blue] Round #337
[earth:blue] Round #338
[earth:blue] Round #339
[earth:blue] Round #340
[earth:blue] Round #341
[earth:blue] Round #342
[earth:blue] Round #343
[earth:blue] Round #344
[earth:blue] Round #345
[earth:blue] Round #346
[earth:blue] Round #347
[earth:blue] Round #348
[earth:blue] Round #349
[earth:blue] Round #350
[earth:blue] Round #351
[earth:blue] Round #352
[earth:blue] Round #353
[earth:blue] Round #354
[earth:blue] Round #355
[earth:blue] Round #356
[earth:blue] Round #357
[earth:blue] Round #358
[earth:blue] Round #359
[earth:blue] Round #360
[earth:blue] Round #361
[earth:blue] Round #362
[earth:blue] Round #363
[earth:blue] Round #364
[earth:blue] Round #365
[earth:blue] Round #366
[earth:blue] Round #367
[earth:blue] Round #368
[earth:blue] Round #369
[earth:blue] Round #370
[earth:blue] Round #371
[earth:blue] Round #372
[earth:blue] Round #373
[earth:blue] Round #374
[earth:blue] Round #375
[earth:blue] Round #376
[earth:blue] Round #377
[earth:blue] Round #378
[earth:blue] Round #379
[earth:blue] Round #380
[earth:blue] Round #381
[earth:blue] Round #382
[earth:blue] Round #383
[earth:blue] Round #384
[earth:blue] Round #385
[earth:blue] Round #386
[earth:blue] Round #387
[earth:blue] Round #388
[earth:blue] Round #389
[earth:blue] Round #390
[earth:blue] Round #391
[earth:blue] Round #392
[earth:blue] Round #393
[earth:blue] Round #394
[earth:blue] Round #395
[earth:blue] Round #396
[earth:blue] Round #397
[earth:blue] Round #398
[earth:blue] Round #399
[earth:blue] Round #400
[earth:blue] Round #401
[earth:blue] Round #402
[earth:blue] Round #403
[earth:blue] Round #404
[earth:blue] Round #405
[earth:blue] Round #406
[earth:blue] Round #407
[earth:blue] Round #408
[earth:blue] Round #409
[earth:blue] Round #410
[earth:blue] Round #411
[earth:blue] Round #412
[earth:blue] Round #413
[earth:blue] Round #414
[earth:blue] Round #415
[earth:blue] Round #416
[earth:blue] Round #417
[earth:blue] Round #418
[earth:blue] Round #419
[earth:blue] Round #420
[earth:blue] Round #421
[earth:blue] Round #422
[earth:blue] Round #423
[earth:blue] Round #424
[earth:blue] Round #425
[earth:blue] Round #426
[earth:blue] Round #427
[earth:blue] Round #428
[earth:blue] Round #429
[earth:blue] Round #430
[earth:blue] Round #431
[earth:blue] Round #432
[earth:blue] Round #433
[earth:blue] Round #434
[earth:blue] Round #435
[earth:blue] Round #436
[earth:blue] Round #437
[earth:blue] Round #438
[earth:blue] Round #439
[earth:blue] Round #440
[earth:blue] Round #441
[earth:blue] Round #442
[earth:blue] Round #443
[earth:blue] Round #444
[earth:blue] Round #445
[earth:blue] Round #446
[earth:blue] Round #447
[earth:blue] Round #448
[earth:blue] Round #449
[earth:blue] Round #450
[earth:blue] Round #451
[earth:blue] Round #452
[earth:blue] Round #453
[earth:blue] Round #454
[earth:blue] Round #455
[earth:blue] Round #456
[earth:blue] Round #457
[earth:blue] Round #458
[earth:blue] Round #459
[earth:blue] Round #460
[earth:blue] Round #461
[earth:blue] Round #462
[earth:blue] Round #463
[earth:blue] Round #464
[earth:blue] Round #465
[earth:blue] Round #466
[earth:blue] Round #467
[earth:blue] Round #468
[earth:blue] Round #469
[earth:blue] Round #470
[earth:blue] Round #471
[earth:blue] Round #472
[earth:blue] Round #473
[earth:blue] Round #474
[earth:blue] Round #475
[earth:blue] Round #476
[earth:blue] Round #477
[earth:blue] Round #478
[earth:blue] Round #479
[earth:blue] Round #480
[earth:blue] Round #481
[earth:blue] Round #482
[earth:blue] Round #483
[earth:blue] Round #484
[earth:blue] Round #485
[earth:blue] Round #486
[earth:blue] Round #487
[earth:blue] Round #488
[earth:blue] Round #489
[earth:blue] Round #490
[earth:blue] Round #491
[earth:blue] Round #492
[earth:blue] Round #493
[earth:blue] Round #494
[earth:blue] Round #495
[earth:blue] Round #496
[earth:blue] Round #497
[earth:blue] Round #498
[earth:blue] Round #499
[earth:blue] Round #500
[earth:blue] Round #501
[earth:blue] Round #502
[earth:blue] Round #503
[earth:blue] Round #504
[earth:blue] Round #505
[earth:blue] Round #506
[earth:blue] Round #507
[earth:blue] Round #508
[earth:blue] Round #509
[earth:blue] Round #510
[earth:blue] Round #511
[earth:blue] Round #512
[earth:blue] Round #513
[earth:blue] Round #514
[earth:blue] Round #515
[earth:blue] Round #516
[earth:blue] Round #517
[earth:blue] Round #518
[earth:blue] Round #519
[earth:blue] Round #520
[earth:blue] Round #521
[earth:blue] Round #522
[earth:blue] Round #523
[earth:blue] Round #524
[earth:blue] Round #525
[earth:blue] Round #526
[earth:blue] Round #527
[earth:blue] Round #528
[earth:blue] Round #529
[earth:blue] Round #530
[earth:blue] Round #531
[earth:blue] Round #532
[earth:blue] Round #533
[earth:blue] Round #534
[earth:blue] Round #535
[earth:blue] Round #536
[earth:blue] Round #537
[earth:blue] Round #538
[earth:blue] Round #539
[earth:blue] Round #540
[earth:blue] Round #541
[earth:blue] Round #542
[earth:blue] Round #543
[earth:blue] Round #544
[earth:blue] Round #545
[earth:blue] Round #546
[earth:blue] Round #547
[earth:blue] Round #548
[earth:blue] Round #549
[earth:blue] Round #550
[earth:blue] Round #551
[earth:blue] Round #552
[earth:blue] Round #553
[earth:blue] Round #554
[earth:blue] Round #555
[earth:blue] Round #556
[earth:blue] Round #557
[earth:blue] Round #558
[earth:blue] Round #559
[earth:blue] Round #560
[earth:blue] Round #561
[earth:blue] Round #562
[earth:blue] Round #563
[earth:blue] Round #564
[earth:blue] Round #565
[earth:blue] Round #566
[earth:blue] Round #567
[earth:blue] Round #568
[earth:blue] Round #569
[earth:blue] Round #570
[earth:blue] Round #571
[earth:blue] Round #572
[earth:blue] Round #573
[earth:blue] Round #574
[earth:blue] Round #575
[earth:blue] Round #576
[earth:blue] Round #577
[earth:blue] Round #578
[earth:blue] Round #579
[earth:blue] Round #580
[earth:blue] Round #581
[earth:blue] Round #582
[earth:blue] Round #583
[earth:blue] Round #584
[earth:blue] Round #585
[earth:blue] Round #586
[earth:blue] Round #587
[earth:blue] Round #588
[earth:blue] Round #589
[earth:blue] Round #590
[earth:blue] Round #591
[earth:blue] Round #592
[earth:blue] Round #593
[earth:blue] Round #594
[earth:blue] Round #595
[earth:blue] Round #596
[earth:blue] Round #597
[earth:blue] Round #598
[earth:blue] Round #599
[earth:blue] Round #600
[earth:blue] Round #601
[earth:blue] Round #602
[earth:blue] Round #603
[earth:blue] Round #604
[earth:blue] Round #605
[earth:blue] Round #606
[earth:blue] Round #607
[earth:blue] Round #608
[earth:blue] Round #609
[earth:blue] Round #610
[earth:blue] Round #611
[earth:blue] Round #612
[earth:blue] Round #613
[earth:blue] Round #614
[earth:blue] Round #615
[earth:blue] Round #616
[earth:blue] Round #617
[earth:blue] Round #618
[earth:blue] Round #619
[earth:blue] Round #620
[earth:blue] Round #621
[earth:blue] Round #622
[earth:blue] Round #623
[earth:blue] Round #624
[earth:blue] Round #625
[earth:blue] Round #626
[earth:blue] Round #627
[earth:blue] Round #628
[earth:blue] Round #629
[earth:blue] Round #630
[earth:blue] Round #631
[earth:blue] Round #632
[earth:blue] Round #633
[earth:blue] Round #634
[earth:blue] Round #635
[earth:blue] Round #636
[earth:blue] Round #637
[earth:blue] Round #638
[earth:blue] Round #639
[earth:blue] Round #640
[earth:blue] Round #641
[earth:blue] Round #642
[earth:blue] Round #643
[earth:blue] Round #644
[earth:blue] Round #645
[earth:blue] Round #646
[earth:blue] Round #647
[earth:blue] Round #648
[earth:blue] Round #649
[earth:blue] Round #650
[earth:blue] Round #651
[earth:blue] Round #652
[earth:blue] Round #653
[earth:blue] Round #654
[earth:blue] Round #655
[earth:blue] Round #656
[earth:blue] Round #657
[earth:blue] Round #658
[earth:blue] Round #659
[earth:blue] Round #660
[earth:blue] Round #661
[earth:blue] Round #662
[earth:blue] Round #663
[earth:blue] Round #664
[earth:blue] Round #665
[earth:blue] Round #666
[earth:blue] Round #667
[earth:blue] Round #668
[earth:blue] Round #669
[earth:blue] Round #670
[earth:blue] Round #671
[earth:blue] Round #672
[earth:blue] Round #673
[earth:blue] Round #674
[earth:blue] Round #675
[earth:blue] Round #676
[earth:blue] Round #677
[earth:blue] Round #678
[earth:blue] Round #679
[earth:blue] Round #680
[earth:blue] Round #681
[earth:blue] Round #682
[earth:blue] Round #683
[earth:blue] Round #684
[earth:blue] Round #685
[earth:blue] Round #686
[earth:blue] Round #687
[earth:blue] Round #688
[earth:blue] Round #689
[earth:blue] Round #690
[earth:blue] Round #691
[earth:blue] Round #692
[earth:blue] Round #693
[earth:blue] Round #694
[earth:blue] Round #695
[earth:blue] Round #696
[earth:blue] Round #697
[earth:blue] Round #698
[earth:blue] Round #699
[earth:blue] Round #700
[earth:blue] Round #701
[earth:blue] Round #702
[earth:blue] Round #703
[earth:blue] Round #704
[earth:blue] Round #705
[earth:blue] Round #706
[earth:blue] Round #707
[earth:blue] Round #708
[earth:blue] Round #709
[earth:blue] Round #710
[earth:blue] Round #711
[earth:blue] Round #712
[earth:blue] Round #713
[earth:blue] Round #714
[earth:blue] Round #715
[earth:blue] Round #716
[earth:blue] Round #717
[earth:blue] Round #718
[earth:blue] Round #719
[earth:blue] Round #720
[earth:blue] Round #721
[earth:blue] Round #722
[earth:blue] Round #723
[earth:blue] Round #724
[earth:blue] Round #725
[earth:blue] Round #726
[earth:blue] Round #727
[earth:blue] Round #728
[earth:blue] Round #729
[earth:blue] Round #730
[earth:blue] Round #731
[earth:blue] Round #732
[earth:blue] Round #733
[earth:blue] Round #734
[earth:blue] Round #735
[earth:blue] Round #736
[earth:blue] Round #737
[earth:blue] Round #738
[earth:blue] Round #739
[earth:blue] Round #740
[earth:blue] Round #741
[earth:blue] Round #742
[earth:blue] Round #743
[earth:blue] Round #744
[earth:blue] Round #745
[earth:blue] Round #746
[earth:blue] Round #747
[earth:blue] Round #748
[earth:blue] Round #749
Saving replay to /player/replay.bc18
Ready to run next game.
Loading map /player/battlecode-maps/bananas.bc18t
Running game server on socket unix:///tmp/battlecode-0
Running game...
[earth:red] Note: Some input files use or override a deprecated API.
[earth:red] Note: Recompile with -Xlint:deprecation for details.
[mars:red] Note: Some input files use or override a deprecated API.
[mars:red] Note: Recompile with -Xlint:deprecation for details.
[earth:red] -- Starting battlecode java engine, vroom vroom! --
[earth:red] -- Note: you may get a warning about stack guards, please ignore it. --
[earth:red] Loading linux library: /battlecode/java/bc/libbattlecode-java-linux.so
[earth:red] Java HotSpot(TM) 64-Bit Server VM warning: You have loaded library /battlecode/java/bc/libbattlecode-java-linux.so which might have disabled stack guard. The VM will try to fix the stack guard now.
[earth:red] It's highly recommended that you fix the library with 'execstack -c <libfile>', or link it with '-z noexecstack'.
[earth:red] -- Engine loaded. --
[earth:red] Player connecting to unix:///tmp/battlecode-socket
[mars:red] -- Starting battlecode java engine, vroom vroom! --
[mars:red] -- Note: you may get a warning about stack guards, please ignore it. --
[mars:red] Loading linux library: /battlecode/java/bc/libbattlecode-java-linux.so
[mars:red] Java HotSpot(TM) 64-Bit Server VM warning: You have loaded library /battlecode/java/bc/libbattlecode-java-linux.so which might have disabled stack guard. The VM will try to fix the stack guard now.
[mars:red] It's highly recommended that you fix the library with 'execstack -c <libfile>', or link it with '-z noexecstack'.
[mars:red] -- Engine loaded. --
[mars:red] Player connecting to unix:///tmp/battlecode-socket
[earth:blue] Note: Some input files use or override a deprecated API.
[earth:blue] Note: Recompile with -Xlint:deprecation for details.
[mars:blue] Note: Some input files use or override a deprecated API.
[mars:blue] Note: Recompile with -Xlint:deprecation for details.
[earth:blue] Structure Base initiated
[earth:blue] -- Starting battlecode java engine, vroom vroom! --
[earth:blue] -- Note: you may get a warning about stack guards, please ignore it. --
[mars:blue] Structure Base initiated
[mars:blue] -- Starting battlecode java engine, vroom vroom! --
[earth:blue] Loading linux library: /battlecode/java/bc/libbattlecode-java-linux.so
[earth:blue] Java HotSpot(TM) 64-Bit Server VM warning: You have loaded library /battlecode/java/bc/libbattlecode-java-linux.so which might have disabled stack guard. The VM will try to fix the stack guard now.
[earth:blue] It's highly recommended that you fix the library with 'execstack -c <libfile>', or link it with '-z noexecstack'.
[mars:blue] -- Note: you may get a warning about stack guards, please ignore it. --
[earth:blue] -- Engine loaded. --
[earth:blue] Player connecting to unix:///tmp/battlecode-socket
[mars:blue] Loading linux library: /battlecode/java/bc/libbattlecode-java-linux.so
[mars:blue] Java HotSpot(TM) 64-Bit Server VM warning: You have loaded library /battlecode/java/bc/libbattlecode-java-linux.so which might have disabled stack guard. The VM will try to fix the stack guard now.
[mars:blue] It's highly recommended that you fix the library with 'execstack -c <libfile>', or link it with '-z noexecstack'.
[mars:blue] -- Engine loaded. --
[mars:blue] Player connecting to unix:///tmp/battlecode-socket
[earth:red] Successfully connected to the manager!
[earth:blue] Successfully connected to the manager!
[earth:blue] Running PlayerController...
[earth:blue] Earth Controller initiated
[earth:blue] Round #1
[mars:red] Successfully connected to the manager!
[mars:blue] Successfully connected to the manager!
[mars:blue] Running PlayerController...
[mars:blue] Mars Controller initiated
[earth:blue] Round #2
[earth:blue] Round #3
[earth:blue] Round #4
[earth:blue] Round #5
[earth:blue] Round #6
[earth:blue] Round #7
[earth:blue] Round #8
[earth:blue] Unit { id: 11, team: Blue, level: 0, unit_type: Worker, location: OnMap(MapLocation { planet: Earth, x: 13, y: 15 }), health: 100, max_health: 100, vision_range: 50, damage: 0, attack_range: 0, movement_heat: 10, attack_heat: 0, movement_cooldown: 20, attack_cooldown: 0, is_ability_unlocked: true, ability_heat: 0, ability_cooldown: 500, ability_range: 2, has_worker_acted: false, build_health: 5, repair_health: 10, harvest_amount: 3, defense: 5, cannot_attack_range: 10, countdown: 0, max_countdown: 5, target_location: None, self_heal_amount: 1, is_built: false, max_capacity: 8, garrison: [], factory_unit_type: None, factory_rounds_left: None, factory_max_rounds_left: 5, is_used: false, blast_damage: 50, travel_time_decrease: 0 }
[earth:blue] Round #9
[earth:blue] Round #10
[earth:blue] Round #11
[earth:blue] Round #12
[earth:blue] Round #13
[earth:blue] Round #14
[earth:blue] Round #15
[earth:blue] Round #16
[earth:blue] Round #17
[earth:blue] Round #18
[earth:blue] Round #19
[earth:blue] Round #20
[earth:blue] Round #21
[earth:blue] Round #22
[earth:blue] Round #23
[earth:blue] Round #24
[earth:blue] Round #25
[earth:blue] Round #26
[earth:blue] Round #27
[earth:blue] Round #28
[earth:blue] Round #29
[earth:blue] Round #30
[earth:blue] Round #31
[earth:blue] Round #32
[earth:blue] Round #33
[earth:blue] Round #34
[earth:blue] Round #35
[earth:blue] Round #36
[earth:blue] Round #37
[earth:blue] Round #38
[earth:blue] Round #39
[earth:blue] Round #40
[earth:blue] Round #41
[earth:blue] Round #42
[earth:blue] Round #43
[earth:blue] Round #44
[earth:blue] Round #45
[earth:blue] Round #46
[earth:blue] Round #47
[earth:blue] Round #48
[earth:blue] Round #49
[earth:blue] Round #50
[earth:blue] Round #51
[earth:blue] Round #52
[earth:blue] Round #53
[earth:blue] Round #54
[earth:blue] Round #55
[earth:blue] Round #56
[earth:blue] Round #57
[earth:blue] Round #58
[earth:blue] Round #59
[earth:blue] Round #60
[earth:blue] Round #61
[earth:blue] Round #62
[earth:blue] Round #63
[earth:blue] Round #64
[earth:blue] Round #65
[earth:blue] Round #66
[earth:blue] Round #67
[earth:blue] Round #68
[earth:blue] Round #69
[earth:blue] Round #70
[earth:blue] Round #71
[earth:blue] Round #72
[earth:blue] Round #73
[earth:blue] Round #74
[earth:blue] Round #75
[earth:blue] Round #76
[earth:blue] Round #77
[earth:blue] Round #78
[earth:blue] Round #79
[earth:blue] Round #80
[earth:blue] Round #81
[earth:blue] Round #82
[earth:blue] Round #83
[earth:blue] Round #84
[earth:blue] Round #85
[earth:blue] Round #86
[earth:blue] Round #87
[earth:blue] Round #88
[earth:blue] Round #89
[earth:blue] Round #90
[earth:blue] Round #91
[earth:blue] Round #92
[earth:blue] Round #93
[earth:blue] Round #94
[earth:blue] Round #95
[earth:blue] Round #96
[earth:blue] Round #97
[earth:blue] Round #98
[earth:blue] Round #99
[earth:blue] Round #100
[earth:blue] Round #101
[earth:blue] Round #102
[earth:blue] Round #103
[earth:blue] Round #104
[earth:blue] Round #105
[earth:blue] Round #106
[earth:blue] Round #107
[earth:blue] Round #108
[earth:blue] Round #109
[earth:blue] Round #110
[earth:blue] Round #111
[earth:blue] Round #112
[earth:blue] Round #113
[earth:blue] Round #114
[earth:blue] Round #115
[earth:blue] Round #116
[earth:blue] Round #117
[earth:blue] Round #118
[earth:blue] Round #119
[earth:blue] Round #120
[earth:blue] Round #121
[earth:blue] Round #122
[earth:blue] Round #123
[earth:blue] Round #124
[earth:blue] Round #125
[earth:blue] Round #126
[earth:blue] Round #127
[earth:blue] Round #128
[earth:blue] Round #129
[earth:blue] Round #130
[earth:blue] Round #131
[earth:blue] Round #132
[earth:blue] Round #133
[earth:blue] Round #134
[earth:blue] Round #135
[earth:blue] Round #136
[earth:blue] Round #137
[earth:blue] Round #138
[earth:blue] Round #139
[earth:blue] Round #140
[earth:blue] Round #141
[earth:blue] Round #142
[earth:blue] Round #143
[earth:blue] Round #144
[earth:blue] Round #145
[earth:blue] Round #146
[earth:blue] Round #147
[earth:blue] Round #148
[earth:blue] Round #149
[earth:blue] Round #150
[earth:blue] Round #151
[earth:blue] Round #152
[earth:blue] Round #153
[earth:blue] Round #154
[earth:blue] Round #155
[earth:blue] Round #156
[earth:blue] Round #157
[earth:blue] Round #158
[earth:blue] Round #159
[earth:blue] Round #160
[earth:blue] Round #161
[earth:blue] Round #162
[earth:blue] Round #163
[earth:blue] Round #164
[earth:blue] Round #165
[earth:blue] Round #166
[earth:blue] Round #167
[earth:blue] Round #168
[earth:blue] Round #169
[earth:blue] Round #170
[earth:blue] Round #171
[earth:blue] Round #172
[earth:blue] Round #173
[earth:blue] Round #174
[earth:blue] Round #175
[earth:blue] Round #176
[earth:blue] Round #177
[earth:blue] Round #178
[earth:blue] Round #179
[earth:blue] Round #180
[earth:blue] Round #181
[earth:blue] Round #182
[earth:blue] Round #183
[earth:blue] Round #184
[earth:blue] Round #185
[earth:blue] Round #186
[earth:blue] Round #187
[earth:blue] Round #188
[earth:blue] Round #189
[earth:blue] Round #190
[earth:blue] Round #191
[earth:blue] Round #192
[earth:blue] Round #193
[earth:blue] Round #194
[earth:blue] Round #195
[earth:blue] Round #196
[earth:blue] Round #197
[earth:blue] Round #198
[earth:blue] Round #199
[earth:blue] Round #200
[earth:blue] Round #201
[earth:blue] Round #202
[earth:blue] Round #203
[earth:blue] Round #204
[earth:blue] Round #205
[earth:blue] Round #206
[earth:blue] Round #207
[earth:blue] Round #208
[earth:blue] Round #209
[earth:blue] Round #210
[earth:blue] Round #211
[earth:blue] Round #212
[earth:blue] Round #213
[earth:blue] Round #214
[earth:blue] Round #215
[earth:blue] Round #216
[earth:blue] Round #217
[earth:blue] Round #218
[earth:blue] Round #219
[earth:blue] Round #220
[earth:blue] Round #221
[earth:blue] Round #222
[earth:blue] Round #223
[earth:blue] Round #224
[earth:blue] Round #225
[earth:blue] Round #226
[earth:blue] Round #227
[earth:blue] Round #228
[earth:blue] Round #229
[earth:blue] Round #230
[earth:blue] Round #231
[earth:blue] Round #232
[earth:blue] Round #233
[earth:blue] Round #234
[earth:blue] Round #235
[earth:blue] Round #236
[earth:blue] Round #237
[earth:blue] Round #238
[earth:blue] Round #239
[earth:blue] Round #240
[earth:blue] Round #241
[earth:blue] Round #242
[earth:blue] Round #243
[earth:blue] Round #244
[earth:blue] Round #245
[earth:blue] Round #246
[earth:blue] Round #247
[earth:blue] Round #248
[earth:blue] Round #249
[earth:blue] Round #250
[earth:blue] Round #251
[earth:blue] Round #252
[earth:blue] Round #253
[earth:blue] Round #254
[earth:blue] Round #255
[earth:blue] Round #256
[earth:blue] Round #257
[earth:blue] Round #258
[earth:blue] Round #259
[earth:blue] Round #260
[earth:blue] Round #261
[earth:blue] Round #262
[earth:blue] Round #263
[earth:blue] Round #264
[earth:blue] Round #265
[earth:blue] Round #266
[earth:blue] Round #267
[earth:blue] Round #268
[earth:blue] Round #269
[earth:blue] Round #270
[earth:blue] Round #271
[earth:blue] Round #272
[earth:blue] Round #273
[earth:blue] Round #274
[earth:blue] Round #275
[earth:blue] Round #276
[earth:blue] Round #277
[earth:blue] Round #278
[earth:blue] Round #279
[earth:blue] Round #280
[earth:blue] Round #281
[earth:blue] Round #282
[earth:blue] Round #283
[earth:blue] Round #284
[earth:blue] Round #285
[earth:blue] Round #286
[earth:blue] Round #287
[earth:blue] Round #288
[earth:blue] Round #289
[earth:blue] Round #290
[earth:blue] Round #291
[earth:blue] Round #292
[earth:blue] Round #293
[earth:blue] Round #294
[earth:blue] Round #295
[earth:blue] Round #296
[earth:blue] Round #297
[earth:blue] Round #298
[earth:blue] Round #299
[earth:blue] Round #300
[earth:blue] Round #301
[earth:blue] Round #302
[earth:blue] Round #303
[earth:blue] Round #304
[earth:blue] Round #305
[earth:blue] Round #306
[earth:blue] Round #307
[earth:blue] Round #308
[earth:blue] Round #309
[earth:blue] Round #310
[earth:blue] Round #311
[earth:blue] Round #312
[earth:blue] Round #313
[earth:blue] Round #314
[earth:blue] Round #315
[earth:blue] Round #316
[earth:blue] Round #317
[earth:blue] Round #318
[earth:blue] Round #319
[earth:blue] Round #320
[earth:blue] Round #321
[earth:blue] Round #322
[earth:blue] Round #323
[earth:blue] Round #324
[earth:blue] Round #325
[earth:blue] Round #326
[earth:blue] Round #327
[earth:blue] Round #328
[earth:blue] Round #329
[earth:blue] Round #330
[earth:blue] Round #331
[earth:blue] Round #332
[earth:blue] Round #333
[earth:blue] Round #334
[earth:blue] Round #335
[earth:blue] Round #336
[earth:blue] Round #337
[earth:blue] Round #338
[earth:blue] Round #339
[earth:blue] Round #340
[earth:blue] Round #341
[earth:blue] Round #342
[earth:blue] Round #343
[earth:blue] Round #344
[earth:blue] Round #345
[earth:blue] Round #346
[earth:blue] Round #347
[earth:blue] Round #348
[earth:blue] Round #349
[earth:blue] Round #350
[earth:blue] Round #351
[earth:blue] Round #352
[earth:blue] Round #353
[earth:blue] Round #354
[earth:blue] Round #355
[earth:blue] Round #356
[earth:blue] Round #357
[earth:blue] Round #358
[earth:blue] Round #359
[earth:blue] Round #360
[earth:blue] Round #361
[earth:blue] Round #362
[earth:blue] Round #363
[earth:blue] Round #364
[earth:blue] Round #365
[earth:blue] Round #366
[earth:blue] Round #367
[earth:blue] Round #368
[earth:blue] Round #369
[earth:blue] Round #370
[earth:blue] Round #371
[earth:blue] Round #372
[earth:blue] Round #373
[earth:blue] Round #374
[earth:blue] Round #375
[earth:blue] Round #376
[earth:blue] Round #377
[earth:blue] Round #378
[earth:blue] Round #379
[earth:blue] Round #380
[earth:blue] Round #381
[earth:blue] Round #382
[earth:blue] Round #383
[earth:blue] Round #384
[earth:blue] Round #385
[earth:blue] Round #386
[earth:blue] Round #387
[earth:blue] Round #388
[earth:blue] Round #389
[earth:blue] Round #390
[earth:blue] Round #391
[earth:blue] Round #392
[earth:blue] Round #393
[earth:blue] Round #394
[earth:blue] Round #395
[earth:blue] Round #396
[earth:blue] Round #397
[earth:blue] Round #398
[earth:blue] Round #399
[earth:blue] Round #400
[earth:blue] Round #401
[earth:blue] Round #402
[earth:blue] Round #403
[earth:blue] Round #404
[earth:blue] Round #405
[earth:blue] Round #406
[earth:blue] Round #407
[earth:blue] Round #408
[earth:blue] Round #409
[earth:blue] Round #410
[earth:blue] Round #411
[earth:blue] Round #412
[earth:blue] Round #413
[earth:blue] Round #414
[earth:blue] Round #415
[earth:blue] Round #416
[earth:blue] Round #417
[earth:blue] Round #418
[earth:blue] Round #419
[earth:blue] Round #420
[earth:blue] Round #421
[earth:blue] Round #422
[earth:blue] Round #423
[earth:blue] Round #424
[earth:blue] Round #425
[earth:blue] Round #426
[earth:blue] Round #427
[earth:blue] Round #428
[earth:blue] Round #429
[earth:blue] Round #430
[earth:blue] Round #431
[earth:blue] Round #432
[earth:blue] Round #433
[earth:blue] Round #434
[earth:blue] Round #435
[earth:blue] Round #436
[earth:blue] Round #437
[earth:blue] Round #438
[earth:blue] Round #439
[earth:blue] Round #440
[earth:blue] Round #441
[earth:blue] Round #442
[earth:blue] Round #443
[earth:blue] Round #444
[earth:blue] Round #445
[earth:blue] Round #446
[earth:blue] Round #447
[earth:blue] Round #448
[earth:blue] Round #449
[earth:blue] Round #450
[earth:blue] Round #451
[earth:blue] Round #452
[earth:blue] Round #453
[earth:blue] Round #454
[earth:blue] Round #455
[earth:blue] Round #456
[earth:blue] Round #457
[earth:blue] Round #458
[earth:blue] Round #459
[earth:blue] Round #460
[earth:blue] Round #461
[earth:blue] Round #462
[earth:blue] Round #463
[earth:blue] Round #464
[earth:blue] Round #465
[earth:blue] Round #466
[earth:blue] Round #467
[earth:blue] Round #468
[earth:blue] Round #469
[earth:blue] Round #470
[earth:blue] Round #471
[earth:blue] Round #472
[earth:blue] Round #473
[earth:blue] Round #474
[earth:blue] Round #475
[earth:blue] Round #476
[earth:blue] Round #477
[earth:blue] Round #478
[earth:blue] Round #479
[earth:blue] Round #480
[earth:blue] Round #481
[earth:blue] Round #482
[earth:blue] Round #483
[earth:blue] Round #484
[earth:blue] Round #485
[earth:blue] Round #486
[earth:blue] Round #487
[earth:blue] Round #488
[earth:blue] Round #489
[earth:blue] Round #490
[earth:blue] Round #491
[earth:blue] Round #492
[earth:blue] Round #493
[earth:blue] Round #494
[earth:blue] Round #495
[earth:blue] Round #496
[earth:blue] Round #497
[earth:blue] Round #498
[earth:blue] Round #499
[earth:blue] Round #500
[earth:blue] Round #501
[earth:blue] Round #502
[earth:blue] Round #503
[earth:blue] Round #504
[earth:blue] Round #505
[earth:blue] Round #506
[earth:blue] Round #507
[earth:blue] Round #508
[earth:blue] Round #509
[earth:blue] Round #510
[earth:blue] Round #511
[earth:blue] Round #512
[earth:blue] Round #513
[earth:blue] Round #514
[earth:blue] Round #515
[earth:blue] Round #516
[earth:blue] Round #517
[earth:blue] Round #518
[earth:blue] Round #519
[earth:blue] Round #520
[earth:blue] Round #521
[earth:blue] Round #522
[earth:blue] Round #523
[earth:blue] Round #524
[earth:blue] Round #525
[earth:blue] Round #526
[earth:blue] Round #527
[earth:blue] Round #528
[earth:blue] Round #529
[earth:blue] Round #530
[earth:blue] Round #531
[earth:blue] Round #532
[earth:blue] Round #533
[earth:blue] Round #534
[earth:blue] Round #535
[earth:blue] Round #536
[earth:blue] Round #537
[earth:blue] Round #538
[earth:blue] Round #539
[earth:blue] Round #540
[earth:blue] Round #541
[earth:blue] Round #542
[earth:blue] Round #543
[earth:blue] Round #544
[earth:blue] Round #545
[earth:blue] Round #546
[earth:blue] Round #547
[earth:blue] Round #548
[earth:blue] Round #549
[earth:blue] Round #550
[earth:blue] Round #551
[earth:blue] Round #552
[earth:blue] Round #553
[earth:blue] Round #554
[earth:blue] Round #555
[earth:blue] Round #556
[earth:blue] Round #557
[earth:blue] Round #558
[earth:blue] Round #559
[earth:blue] Round #560
[earth:blue] Round #561
[earth:blue] Round #562
[earth:blue] Round #563
[earth:blue] Round #564
[earth:blue] Round #565
[earth:blue] Round #566
[earth:blue] Round #567
[earth:blue] Round #568
[earth:blue] Round #569
[earth:blue] Round #570
[earth:blue] Round #571
[earth:blue] Round #572
[earth:blue] Round #573
[earth:blue] Round #574
[earth:blue] Round #575
[earth:blue] Round #576
[earth:blue] Round #577
[earth:blue] Round #578
[earth:blue] Round #579
[earth:blue] Round #580
[earth:blue] Round #581
[earth:blue] Round #582
[earth:blue] Round #583
[earth:blue] Round #584
[earth:blue] Round #585
[earth:blue] Round #586
[earth:blue] Round #587
[earth:blue] Round #588
[earth:blue] Round #589
[earth:blue] Round #590
[earth:blue] Round #591
[earth:blue] Round #592
[earth:blue] Round #593
[earth:blue] Round #594
[earth:blue] Round #595
[earth:blue] Round #596
[earth:blue] Round #597
[earth:blue] Round #598
[earth:blue] Round #599
[earth:blue] Round #600
[earth:blue] Round #601
[earth:blue] Round #602
[earth:blue] Round #603
[earth:blue] Round #604
[earth:blue] Round #605
[earth:blue] Round #606
[earth:blue] Round #607
[earth:blue] Round #608
[earth:blue] Round #609
[earth:blue] Round #610
[earth:blue] Round #611
[earth:blue] Round #612
[earth:blue] Round #613
[earth:blue] Round #614
[earth:blue] Round #615
[earth:blue] Round #616
[earth:blue] Round #617
[earth:blue] Round #618
[earth:blue] Round #619
[earth:blue] Round #620
[earth:blue] Round #621
[earth:blue] Round #622
[earth:blue] Round #623
[earth:blue] Round #624
[earth:blue] Round #625
[earth:blue] Round #626
[earth:blue] Round #627
[earth:blue] Round #628
[earth:blue] Round #629
[earth:blue] Round #630
[earth:blue] Round #631
[earth:blue] Round #632
[earth:blue] Round #633
[earth:blue] Round #634
[earth:blue] Round #635
[earth:blue] Round #636
[earth:blue] Round #637
[earth:blue] Round #638
[earth:blue] Round #639
[earth:blue] Round #640
[earth:blue] Round #641
[earth:blue] Round #642
[earth:blue] Round #643
[earth:blue] Round #644
[earth:blue] Round #645
[earth:blue] Round #646
[earth:blue] Round #647
[earth:blue] Round #648
[earth:blue] Round #649
[earth:blue] Round #650
[earth:blue] Round #651
[earth:blue] Round #652
[earth:blue] Round #653
[earth:blue] Round #654
[earth:blue] Round #655
[earth:blue] Round #656
[earth:blue] Round #657
[earth:blue] Round #658
[earth:blue] Round #659
[earth:blue] Round #660
[earth:blue] Round #661
[earth:blue] Round #662
[earth:blue] Round #663
[earth:blue] Round #664
[earth:blue] Round #665
[earth:blue] Round #666
[earth:blue] Round #667
[earth:blue] Round #668
[earth:blue] Round #669
[earth:blue] Round #670
[earth:blue] Round #671
[earth:blue] Round #672
[earth:blue] Round #673
[earth:blue] Round #674
[earth:blue] Round #675
[earth:blue] Round #676
[earth:blue] Round #677
[earth:blue] Round #678
[earth:blue] Round #679
[earth:blue] Round #680
[earth:blue] Round #681
[earth:blue] Round #682
[earth:blue] Round #683
[earth:blue] Round #684
[earth:blue] Round #685
[earth:blue] Round #686
[earth:blue] Round #687
[earth:blue] Round #688
[earth:blue] Round #689
[earth:blue] Round #690
[earth:blue] Round #691
[earth:blue] Round #692
[earth:blue] Round #693
[earth:blue] Round #694
[earth:blue] Round #695
[earth:blue] Round #696
[earth:blue] Round #697
[earth:blue] Round #698
[earth:blue] Round #699
[earth:blue] Round #700
[earth:blue] Round #701
[earth:blue] Round #702
[earth:blue] Round #703
[earth:blue] Round #704
[earth:blue] Round #705
[earth:blue] Round #706
[earth:blue] Round #707
[earth:blue] Round #708
[earth:blue] Round #709
[earth:blue] Round #710
[earth:blue] Round #711
[earth:blue] Round #712
[earth:blue] Round #713
[earth:blue] Round #714
[earth:blue] Round #715
[earth:blue] Round #716
[earth:blue] Round #717
[earth:blue] Round #718
[earth:blue] Round #719
[earth:blue] Round #720
[earth:blue] Round #721
[earth:blue] Round #722
[earth:blue] Round #723
[earth:blue] Round #724
[earth:blue] Round #725
[earth:blue] Round #726
[earth:blue] Round #727
[earth:blue] Round #728
[earth:blue] Round #729
[earth:blue] Round #730
[earth:blue] Round #731
[earth:blue] Round #732
[earth:blue] Round #733
[earth:blue] Round #734
[earth:blue] Round #735
[earth:blue] Round #736
[earth:blue] Round #737
[earth:blue] Round #738
[earth:blue] Round #739
[earth:blue] Round #740
[earth:blue] Round #741
[earth:blue] Round #742
[earth:blue] Round #743
[earth:blue] Round #744
[earth:blue] Round #745
[earth:blue] Round #746
[earth:blue] Round #747
[earth:blue] Round #748
[earth:blue] Round #749
Saving replay to /player/replay.bc18
Ready to run next game.
Loading map /player/battlecode-maps/bananas.bc18t
Running game server on socket unix:///tmp/battlecode-0
Running game...
[earth:red] Note: Some input files use or override a deprecated API.
[earth:red] Note: Recompile with -Xlint:deprecation for details.
[earth:red] -- Starting battlecode java engine, vroom vroom! --
[mars:red] Note: Some input files use or override a deprecated API.
[mars:red] Note: Recompile with -Xlint:deprecation for details.
[earth:red] -- Note: you may get a warning about stack guards, please ignore it. --
[earth:red] Loading linux library: /battlecode/java/bc/libbattlecode-java-linux.so
[earth:red] Java HotSpot(TM) 64-Bit Server VM warning: You have loaded library /battlecode/java/bc/libbattlecode-java-linux.so which might have disabled stack guard. The VM will try to fix the stack guard now.
[earth:red] It's highly recommended that you fix the library with 'execstack -c <libfile>', or link it with '-z noexecstack'.
[earth:red] -- Engine loaded. --
[earth:red] Player connecting to unix:///tmp/battlecode-socket
[mars:red] -- Starting battlecode java engine, vroom vroom! --
[mars:red] -- Note: you may get a warning about stack guards, please ignore it. --
[mars:red] Loading linux library: /battlecode/java/bc/libbattlecode-java-linux.so
[mars:red] Java HotSpot(TM) 64-Bit Server VM warning: You have loaded library /battlecode/java/bc/libbattlecode-java-linux.so which might have disabled stack guard. The VM will try to fix the stack guard now.
[mars:red] It's highly recommended that you fix the library with 'execstack -c <libfile>', or link it with '-z noexecstack'.
[mars:red] -- Engine loaded. --
[mars:red] Player connecting to unix:///tmp/battlecode-socket
[earth:blue] Note: Some input files use or override a deprecated API.
[earth:blue] Note: Recompile with -Xlint:deprecation for details.
[mars:blue] Note: Some input files use or override a deprecated API.
[mars:blue] Note: Recompile with -Xlint:deprecation for details.
[earth:blue] Structure Base initiated
[earth:blue] -- Starting battlecode java engine, vroom vroom! --
[earth:blue] -- Note: you may get a warning about stack guards, please ignore it. --
[earth:blue] Loading linux library: /battlecode/java/bc/libbattlecode-java-linux.so
[earth:blue] Java HotSpot(TM) 64-Bit Server VM warning: You have loaded library /battlecode/java/bc/libbattlecode-java-linux.so which might have disabled stack guard. The VM will try to fix the stack guard now.
[earth:blue] It's highly recommended that you fix the library with 'execstack -c <libfile>', or link it with '-z noexecstack'.
[earth:blue] -- Engine loaded. --
[earth:blue] Player connecting to unix:///tmp/battlecode-socket
[mars:blue] Structure Base initiated
[mars:blue] -- Starting battlecode java engine, vroom vroom! --
[mars:blue] -- Note: you may get a warning about stack guards, please ignore it. --
[mars:blue] Loading linux library: /battlecode/java/bc/libbattlecode-java-linux.so
[mars:blue] Java HotSpot(TM) 64-Bit Server VM warning: You have loaded library /battlecode/java/bc/libbattlecode-java-linux.so which might have disabled stack guard. The VM will try to fix the stack guard now.
[mars:blue] It's highly recommended that you fix the library with 'execstack -c <libfile>', or link it with '-z noexecstack'.
[mars:blue] -- Engine loaded. --
[mars:blue] Player connecting to unix:///tmp/battlecode-socket
[earth:red] Successfully connected to the manager!
[earth:blue] Successfully connected to the manager!
[earth:blue] Running PlayerController...
[earth:blue] Earth Controller initiated
[earth:blue] Round #1
[mars:red] Successfully connected to the manager!
[mars:blue] Successfully connected to the manager!
[mars:blue] Running PlayerController...
[mars:blue] Mars Controller initiated
[earth:blue] Round #2
[earth:blue] Round #3
[earth:blue] Round #4
[earth:blue] Round #5
[earth:blue] Round #6
[earth:blue] Round #7
[earth:blue] Round #8
[earth:blue] Round #9
[earth:blue] Round #10
[earth:blue] Round #11
[earth:blue] Round #12
[earth:blue] Round #13
[earth:blue] Round #14
[earth:blue] Round #15
[earth:blue] Round #16
[earth:blue] Round #17
[earth:blue] Round #18
[earth:blue] Round #19
[earth:blue] Round #20
[earth:blue] Round #21
[earth:blue] Round #22
[earth:blue] Round #23
[earth:blue] Round #24
[earth:blue] Round #25
[earth:blue] Round #26
[earth:blue] Round #27
[earth:blue] Round #28
[earth:blue] Round #29
[earth:blue] Round #30
[earth:blue] Round #31
[earth:blue] Round #32
[earth:blue] Round #33
[earth:blue] Round #34
[earth:blue] Round #35
[earth:blue] Round #36
[earth:blue] Round #37
[earth:blue] Round #38
[earth:blue] Round #39
[earth:blue] Round #40
[earth:blue] Round #41
[earth:blue] Round #42
[earth:blue] Round #43
[earth:blue] Round #44
[earth:blue] Round #45
[earth:blue] Round #46
[earth:blue] Round #47
[earth:blue] Round #48
[earth:blue] Round #49
[earth:blue] Round #50
[earth:blue] Round #51
[earth:blue] Round #52
[earth:blue] Round #53
[earth:blue] Round #54
[earth:blue] Round #55
[earth:blue] Round #56
[earth:blue] Round #57
[earth:blue] Round #58
[earth:blue] Round #59
[earth:blue] Round #60
[earth:blue] Round #61
[earth:blue] Round #62
[earth:blue] Round #63
[earth:blue] Round #64
[earth:blue] Round #65
[earth:blue] Round #66
[earth:blue] Round #67
[earth:blue] Round #68
[earth:blue] Round #69
[earth:blue] Round #70
[earth:blue] Round #71
[earth:blue] Round #72
[earth:blue] Round #73
[earth:blue] Round #74
[earth:blue] Round #75
[earth:blue] Round #76
[earth:blue] Round #77
[earth:blue] Round #78
[earth:blue] Round #79
[earth:blue] Round #80
[earth:blue] Round #81
[earth:blue] Round #82
[earth:blue] Round #83
[earth:blue] Round #84
[earth:blue] Round #85
[earth:blue] Round #86
[earth:blue] Round #87
[earth:blue] Round #88
[earth:blue] Round #89
[earth:blue] Round #90
[earth:blue] Round #91
[earth:blue] Round #92
[earth:blue] Round #93
[earth:blue] Round #94
[earth:blue] Round #95
[earth:blue] Round #96
[earth:blue] Round #97
[earth:blue] Round #98
[earth:blue] Round #99
[earth:blue] Round #100
[earth:blue] Round #101
[earth:blue] Round #102
[earth:blue] Round #103
[earth:blue] Round #104
[earth:blue] Round #105
[earth:blue] Round #106
[earth:blue] Round #107
[earth:blue] Round #108
[earth:blue] Round #109
[earth:blue] Round #110
[earth:blue] Round #111
[earth:blue] Round #112
[earth:blue] Round #113
[earth:blue] Round #114
[earth:blue] Round #115
[earth:blue] Round #116
[earth:blue] Round #117
[earth:blue] Round #118
[earth:blue] Round #119
[earth:blue] Round #120
[earth:blue] Round #121
[earth:blue] Round #122
[earth:blue] Round #123
[earth:blue] Round #124
[earth:blue] Round #125
[earth:blue] Round #126
[earth:blue] Round #127
[earth:blue] Round #128
[earth:blue] Round #129
[earth:blue] Round #130
[earth:blue] Round #131
[earth:blue] Round #132
[earth:blue] Round #133
[earth:blue] Round #134
[earth:blue] Round #135
[earth:blue] Round #136
[earth:blue] Round #137
[earth:blue] Round #138
[earth:blue] Round #139
[earth:blue] Round #140
[earth:blue] Round #141
[earth:blue] Round #142
[earth:blue] Round #143
[earth:blue] Round #144
[earth:blue] Round #145
[earth:blue] Round #146
[earth:blue] Round #147
[earth:blue] Round #148
[earth:blue] Round #149
[earth:blue] Round #150
[earth:blue] Round #151
[earth:blue] Round #152
[earth:blue] Round #153
[earth:blue] Round #154
[earth:blue] Round #155
[earth:blue] Round #156
[earth:blue] Round #157
[earth:blue] Round #158
[earth:blue] Round #159
[earth:blue] Round #160
[earth:blue] Round #161
[earth:blue] Round #162
[earth:blue] Round #163
[earth:blue] Round #164
[earth:blue] Round #165
[earth:blue] Round #166
[earth:blue] Round #167
[earth:blue] Round #168
[earth:blue] Round #169
[earth:blue] Round #170
[earth:blue] Round #171
[earth:blue] Round #172
[earth:blue] Round #173
[earth:blue] Round #174
[earth:blue] Round #175
[earth:blue] Round #176
[earth:blue] Round #177
[earth:blue] Round #178
[earth:blue] Round #179
[earth:blue] Round #180
[earth:blue] Round #181
[earth:blue] Round #182
[earth:blue] Round #183
[earth:blue] Round #184
[earth:blue] Round #185
[earth:blue] Round #186
[earth:blue] Round #187
[earth:blue] Round #188
[earth:blue] Round #189
[earth:blue] Round #190
[earth:blue] Round #191
[earth:blue] Round #192
[earth:blue] Round #193
[earth:blue] Round #194
[earth:blue] Round #195
[earth:blue] Round #196
[earth:blue] Round #197
[earth:blue] Round #198
[earth:blue] Round #199
[earth:blue] Round #200
[earth:blue] Round #201
[earth:blue] Round #202
[earth:blue] Round #203
[earth:blue] Round #204
[earth:blue] Round #205
[earth:blue] Round #206
[earth:blue] Round #207
[earth:blue] Round #208
[earth:blue] Round #209
[earth:blue] Round #210
[earth:blue] Round #211
[earth:blue] Round #212
[earth:blue] Round #213
[earth:blue] Round #214
[earth:blue] Round #215
[earth:blue] Round #216
[earth:blue] Round #217
[earth:blue] Round #218
[earth:blue] Round #219
[earth:blue] Round #220
[earth:blue] Round #221
[earth:blue] Round #222
[earth:blue] Round #223
[earth:blue] Round #224
[earth:blue] Round #225
[earth:blue] Round #226
[earth:blue] Round #227
[earth:blue] Round #228
[earth:blue] Round #229
[earth:blue] Round #230
[earth:blue] Round #231
[earth:blue] Round #232
[earth:blue] Round #233
[earth:blue] Round #234
[earth:blue] Round #235
[earth:blue] Round #236
[earth:blue] Round #237
[earth:blue] Round #238
[earth:blue] Round #239
[earth:blue] Round #240
[earth:blue] Round #241
[earth:blue] Round #242
[earth:blue] Round #243
[earth:blue] Round #244
[earth:blue] Round #245
[earth:blue] Round #246
[earth:blue] Round #247
[earth:blue] Round #248
[earth:blue] Round #249
[earth:blue] Round #250
[earth:blue] Round #251
[earth:blue] Round #252
[earth:blue] Round #253
[earth:blue] Round #254
[earth:blue] Round #255
[earth:blue] Round #256
[earth:blue] Round #257
[earth:blue] Round #258
[earth:blue] Round #259
[earth:blue] Round #260
[earth:blue] Round #261
[earth:blue] Round #262
[earth:blue] Round #263
[earth:blue] Round #264
[earth:blue] Round #265
[earth:blue] Round #266
[earth:blue] Round #267
[earth:blue] Round #268
[earth:blue] Round #269
[earth:blue] Round #270
[earth:blue] Round #271
[earth:blue] Round #272
[earth:blue] Round #273
[earth:blue] Round #274
[earth:blue] Round #275
[earth:blue] Round #276
[earth:blue] Round #277
[earth:blue] Round #278
[earth:blue] Round #279
[earth:blue] Round #280
[earth:blue] Round #281
[earth:blue] Round #282
[earth:blue] Round #283
[earth:blue] Round #284
[earth:blue] Round #285
[earth:blue] Round #286
[earth:blue] Round #287
[earth:blue] Round #288
[earth:blue] Round #289
[earth:blue] Round #290
[earth:blue] Round #291
[earth:blue] Round #292
[earth:blue] Round #293
[earth:blue] Round #294
[earth:blue] Round #295
[earth:blue] Round #296
[earth:blue] Round #297
[earth:blue] Round #298
[earth:blue] Round #299
[earth:blue] Round #300
[earth:blue] Round #301
[earth:blue] Round #302
[earth:blue] Round #303
[earth:blue] Round #304
[earth:blue] Round #305
[earth:blue] Round #306
[earth:blue] Round #307
[earth:blue] Round #308
[earth:blue] Round #309
[earth:blue] Round #310
[earth:blue] Round #311
[earth:blue] Round #312
[earth:blue] Round #313
[earth:blue] Round #314
[earth:blue] Round #315
[earth:blue] Round #316
[earth:blue] Round #317
[earth:blue] Round #318
[earth:blue] Round #319
[earth:blue] Round #320
[earth:blue] Round #321
[earth:blue] Round #322
[earth:blue] Round #323
[earth:blue] Round #324
[earth:blue] Round #325
[earth:blue] Round #326
[earth:blue] Round #327
[earth:blue] Round #328
[earth:blue] Round #329
[earth:blue] Round #330
[earth:blue] Round #331
[earth:blue] Round #332
[earth:blue] Round #333
[earth:blue] Round #334
[earth:blue] Round #335
[earth:blue] Round #336
[earth:blue] Round #337
[earth:blue] Round #338
[earth:blue] Round #339
[earth:blue] Round #340
[earth:blue] Round #341
[earth:blue] Round #342
[earth:blue] Round #343
[earth:blue] Round #344
[earth:blue] Round #345
[earth:blue] Round #346
[earth:blue] Round #347
[earth:blue] Round #348
[earth:blue] Round #349
[earth:blue] Round #350
[earth:blue] Round #351
[earth:blue] Round #352
[earth:blue] Round #353
[earth:blue] Round #354
[earth:blue] Round #355
[earth:blue] Round #356
[earth:blue] Round #357
[earth:blue] Round #358
[earth:blue] Round #359
[earth:blue] Round #360
[earth:blue] Round #361
[earth:blue] Round #362
[earth:blue] Round #363
[earth:blue] Round #364
[earth:blue] Round #365
[earth:blue] Round #366
[earth:blue] Round #367
[earth:blue] Round #368
[earth:blue] Round #369
[earth:blue] Round #370
[earth:blue] Round #371
[earth:blue] Round #372
[earth:blue] Round #373
[earth:blue] Round #374
[earth:blue] Round #375
[earth:blue] Round #376
[earth:blue] Round #377
[earth:blue] Round #378
[earth:blue] Round #379
[earth:blue] Round #380
[earth:blue] Round #381
[earth:blue] Round #382
[earth:blue] Round #383
[earth:blue] Round #384
[earth:blue] Round #385
[earth:blue] Round #386
[earth:blue] Round #387
[earth:blue] Round #388
[earth:blue] Round #389
[earth:blue] Round #390
[earth:blue] Round #391
[earth:blue] Round #392
[earth:blue] Round #393
[earth:blue] Round #394
[earth:blue] Round #395
[earth:blue] Round #396
[earth:blue] Round #397
[earth:blue] Round #398
[earth:blue] Round #399
[earth:blue] Round #400
[earth:blue] Round #401
[earth:blue] Round #402
[earth:blue] Round #403
[earth:blue] Round #404
[earth:blue] Round #405
[earth:blue] Round #406
[earth:blue] Round #407
[earth:blue] Round #408
[earth:blue] Round #409
[earth:blue] Round #410
[earth:blue] Round #411
[earth:blue] Round #412
[earth:blue] Round #413
[earth:blue] Round #414
[earth:blue] Round #415
[earth:blue] Round #416
[earth:blue] Round #417
[earth:blue] Round #418
[earth:blue] Round #419
[earth:blue] Round #420
[earth:blue] Round #421
[earth:blue] Round #422
[earth:blue] Round #423
[earth:blue] Round #424
[earth:blue] Round #425
[earth:blue] Round #426
[earth:blue] Round #427
[earth:blue] Round #428
[earth:blue] Round #429
[earth:blue] Round #430
[earth:blue] Round #431
[earth:blue] Round #432
[earth:blue] Round #433
[earth:blue] Round #434
[earth:blue] Round #435
[earth:blue] Round #436
[earth:blue] Round #437
[earth:blue] Round #438
[earth:blue] Round #439
[earth:blue] Round #440
[earth:blue] Round #441
[earth:blue] Round #442
[earth:blue] Round #443
[earth:blue] Round #444
[earth:blue] Round #445
[earth:blue] Round #446
[earth:blue] Round #447
[earth:blue] Round #448
[earth:blue] Round #449
[earth:blue] Round #450
[earth:blue] Round #451
[earth:blue] Round #452
[earth:blue] Round #453
[earth:blue] Round #454
[earth:blue] Round #455
[earth:blue] Round #456
[earth:blue] Round #457
[earth:blue] Round #458
[earth:blue] Round #459
[earth:blue] Round #460
[earth:blue] Round #461
[earth:blue] Round #462
[earth:blue] Round #463
[earth:blue] Round #464
[earth:blue] Round #465
[earth:blue] Round #466
[earth:blue] Round #467
[earth:blue] Round #468
[earth:blue] Round #469
[earth:blue] Round #470
[earth:blue] Round #471
[earth:blue] Round #472
[earth:blue] Round #473
[earth:blue] Round #474
[earth:blue] Round #475
[earth:blue] Round #476
[earth:blue] Round #477
[earth:blue] Round #478
[earth:blue] Round #479
[earth:blue] Round #480
[earth:blue] Round #481
[earth:blue] Round #482
[earth:blue] Round #483
[earth:blue] Round #484
[earth:blue] Round #485
[earth:blue] Round #486
[earth:blue] Round #487
[earth:blue] Round #488
[earth:blue] Round #489
[earth:blue] Round #490
[earth:blue] Round #491
[earth:blue] Round #492
[earth:blue] Round #493
[earth:blue] Round #494
[earth:blue] Round #495
[earth:blue] Round #496
[earth:blue] Round #497
[earth:blue] Round #498
[earth:blue] Round #499
[earth:blue] Round #500
[earth:blue] Round #501
[earth:blue] Round #502
[earth:blue] Round #503
[earth:blue] Round #504
[earth:blue] Round #505
[earth:blue] Round #506
[earth:blue] Round #507
[earth:blue] Round #508
[earth:blue] Round #509
[earth:blue] Round #510
[earth:blue] Round #511
[earth:blue] Round #512
[earth:blue] Round #513
[earth:blue] Round #514
[earth:blue] Round #515
[earth:blue] Round #516
[earth:blue] Round #517
[earth:blue] Round #518
[earth:blue] Round #519
[earth:blue] Round #520
[earth:blue] Round #521
[earth:blue] Round #522
[earth:blue] Round #523
[earth:blue] Round #524
[earth:blue] Round #525
[earth:blue] Round #526
[earth:blue] Round #527
[earth:blue] Round #528
[earth:blue] Round #529
[earth:blue] Round #530
[earth:blue] Round #531
[earth:blue] Round #532
[earth:blue] Round #533
[earth:blue] Round #534
[earth:blue] Round #535
[earth:blue] Round #536
[earth:blue] Round #537
[earth:blue] Round #538
[earth:blue] Round #539
[earth:blue] Round #540
[earth:blue] Round #541
[earth:blue] Round #542
[earth:blue] Round #543
[earth:blue] Round #544
[earth:blue] Round #545
[earth:blue] Round #546
[earth:blue] Round #547
[earth:blue] Round #548
[earth:blue] Round #549
[earth:blue] Round #550
[earth:blue] Round #551
[earth:blue] Round #552
[earth:blue] Round #553
[earth:blue] Round #554
[earth:blue] Round #555
[earth:blue] Round #556
[earth:blue] Round #557
[earth:blue] Round #558
[earth:blue] Round #559
[earth:blue] Round #560
[earth:blue] Round #561
[earth:blue] Round #562
[earth:blue] Round #563
[earth:blue] Round #564
[earth:blue] Round #565
[earth:blue] Round #566
[earth:blue] Round #567
[earth:blue] Round #568
[earth:blue] Round #569
[earth:blue] Round #570
[earth:blue] Round #571
[earth:blue] Round #572
[earth:blue] Round #573
[earth:blue] Round #574
[earth:blue] Round #575
[earth:blue] Round #576
[earth:blue] Round #577
[earth:blue] Round #578
[earth:blue] Round #579
[earth:blue] Round #580
[earth:blue] Round #581
[earth:blue] Round #582
[earth:blue] Round #583
[earth:blue] Round #584
[earth:blue] Round #585
[earth:blue] Round #586
[earth:blue] Round #587
[earth:blue] Round #588
[earth:blue] Round #589
[earth:blue] Round #590
[earth:blue] Round #591
[earth:blue] Round #592
[earth:blue] Round #593
[earth:blue] Round #594
[earth:blue] Round #595
[earth:blue] Round #596
[earth:blue] Round #597
[earth:blue] Round #598
[earth:blue] Round #599
[earth:blue] Round #600
[earth:blue] Round #601
[earth:blue] Round #602
[earth:blue] Round #603
[earth:blue] Round #604
[earth:blue] Round #605
[earth:blue] Round #606
[earth:blue] Round #607
[earth:blue] Round #608
[earth:blue] Round #609
[earth:blue] Round #610
[earth:blue] Round #611
[earth:blue] Round #612
[earth:blue] Round #613
[earth:blue] Round #614
[earth:blue] Round #615
[earth:blue] Round #616
[earth:blue] Round #617
[earth:blue] Round #618
[earth:blue] Round #619
[earth:blue] Round #620
[earth:blue] Round #621
[earth:blue] Round #622
[earth:blue] Round #623
[earth:blue] Round #624
[earth:blue] Round #625
[earth:blue] Round #626
[earth:blue] Round #627
[earth:blue] Round #628
[earth:blue] Round #629
[earth:blue] Round #630
[earth:blue] Round #631
[earth:blue] Round #632
[earth:blue] Round #633
[earth:blue] Round #634
[earth:blue] Round #635
[earth:blue] Round #636
[earth:blue] Round #637
[earth:blue] Round #638
[earth:blue] Round #639
[earth:blue] Round #640
[earth:blue] Round #641
[earth:blue] Round #642
[earth:blue] Round #643
[earth:blue] Round #644
[earth:blue] Round #645
[earth:blue] Round #646
[earth:blue] Round #647
[earth:blue] Round #648
[earth:blue] Round #649
[earth:blue] Round #650
[earth:blue] Round #651
[earth:blue] Round #652
[earth:blue] Round #653
[earth:blue] Round #654
[earth:blue] Round #655
[earth:blue] Round #656
[earth:blue] Round #657
[earth:blue] Round #658
[earth:blue] Round #659
[earth:blue] Round #660
[earth:blue] Round #661
[earth:blue] Round #662
[earth:blue] Round #663
[earth:blue] Round #664
[earth:blue] Round #665
[earth:blue] Round #666
[earth:blue] Round #667
[earth:blue] Round #668
[earth:blue] Round #669
[earth:blue] Round #670
[earth:blue] Round #671
[earth:blue] Round #672
[earth:blue] Round #673
[earth:blue] Round #674
[earth:blue] Round #675
[earth:blue] Round #676
[earth:blue] Round #677
[earth:blue] Round #678
[earth:blue] Round #679
[earth:blue] Round #680
[earth:blue] Round #681
[earth:blue] Round #682
[earth:blue] Round #683
[earth:blue] Round #684
[earth:blue] Round #685
[earth:blue] Round #686
[earth:blue] Round #687
[earth:blue] Round #688
[earth:blue] Round #689
[earth:blue] Round #690
[earth:blue] Round #691
[earth:blue] Round #692
[earth:blue] Round #693
[earth:blue] Round #694
[earth:blue] Round #695
[earth:blue] Round #696
[earth:blue] Round #697
[earth:blue] Round #698
[earth:blue] Round #699
[earth:blue] Round #700
[earth:blue] Round #701
[earth:blue] Round #702
[earth:blue] Round #703
[earth:blue] Round #704
[earth:blue] Round #705
[earth:blue] Round #706
[earth:blue] Round #707
[earth:blue] Round #708
[earth:blue] Round #709
[earth:blue] Round #710
[earth:blue] Round #711
[earth:blue] Round #712
[earth:blue] Round #713
[earth:blue] Round #714
[earth:blue] Round #715
[earth:blue] Round #716
[earth:blue] Round #717
[earth:blue] Round #718
[earth:blue] Round #719
[earth:blue] Round #720
[earth:blue] Round #721
[earth:blue] Round #722
[earth:blue] Round #723
[earth:blue] Round #724
[earth:blue] Round #725
[earth:blue] Round #726
[earth:blue] Round #727
[earth:blue] Round #728
[earth:blue] Round #729
[earth:blue] Round #730
[earth:blue] Round #731
[earth:blue] Round #732
[earth:blue] Round #733
[earth:blue] Round #734
[earth:blue] Round #735
[earth:blue] Round #736
[earth:blue] Round #737
[earth:blue] Round #738
[earth:blue] Round #739
[earth:blue] Round #740
[earth:blue] Round #741
[earth:blue] Round #742
[earth:blue] Round #743
[earth:blue] Round #744
[earth:blue] Round #745
[earth:blue] Round #746
[earth:blue] Round #747
[earth:blue] Round #748
[earth:blue] Round #749
Saving replay to /player/replay.bc18
Ready to run next game.
Loading map /player/battlecode-maps/bananas.bc18t
Running game server on socket unix:///tmp/battlecode-0
Running game...
[earth:red] Note: Some input files use or override a deprecated API.
[earth:red] Note: Recompile with -Xlint:deprecation for details.
[earth:red] -- Starting battlecode java engine, vroom vroom! --
[earth:red] -- Note: you may get a warning about stack guards, please ignore it. --
[mars:red] Note: Some input files use or override a deprecated API.
[mars:red] Note: Recompile with -Xlint:deprecation for details.
[earth:red] Loading linux library: /battlecode/java/bc/libbattlecode-java-linux.so
[earth:red] Java HotSpot(TM) 64-Bit Server VM warning: You have loaded library /battlecode/java/bc/libbattlecode-java-linux.so which might have disabled stack guard. The VM will try to fix the stack guard now.
[earth:red] It's highly recommended that you fix the library with 'execstack -c <libfile>', or link it with '-z noexecstack'.
[earth:red] -- Engine loaded. --
[earth:red] Player connecting to unix:///tmp/battlecode-socket
[mars:red] -- Starting battlecode java engine, vroom vroom! --
[mars:red] -- Note: you may get a warning about stack guards, please ignore it. --
[mars:red] Loading linux library: /battlecode/java/bc/libbattlecode-java-linux.so
[mars:red] Java HotSpot(TM) 64-Bit Server VM warning: You have loaded library /battlecode/java/bc/libbattlecode-java-linux.so which might have disabled stack guard. The VM will try to fix the stack guard now.
[mars:red] It's highly recommended that you fix the library with 'execstack -c <libfile>', or link it with '-z noexecstack'.
[mars:red] -- Engine loaded. --
[mars:red] Player connecting to unix:///tmp/battlecode-socket
[earth:blue] Note: Some input files use or override a deprecated API.
[earth:blue] Note: Recompile with -Xlint:deprecation for details.
[mars:blue] Note: Some input files use or override a deprecated API.
[mars:blue] Note: Recompile with -Xlint:deprecation for details.
[earth:blue] Structure Base initiated
[earth:blue] -- Starting battlecode java engine, vroom vroom! --
[earth:blue] -- Note: you may get a warning about stack guards, please ignore it. --
[earth:blue] Loading linux library: /battlecode/java/bc/libbattlecode-java-linux.so
[earth:blue] Java HotSpot(TM) 64-Bit Server VM warning: You have loaded library /battlecode/java/bc/libbattlecode-java-linux.so which might have disabled stack guard. The VM will try to fix the stack guard now.
[earth:blue] -- Engine loaded. --
[earth:blue] Player connecting to unix:///tmp/battlecode-socket
[earth:blue] It's highly recommended that you fix the library with 'execstack -c <libfile>', or link it with '-z noexecstack'.
[mars:blue] Structure Base initiated
[mars:blue] -- Starting battlecode java engine, vroom vroom! --
[mars:blue] -- Note: you may get a warning about stack guards, please ignore it. --
[mars:blue] Loading linux library: /battlecode/java/bc/libbattlecode-java-linux.so
[mars:blue] Java HotSpot(TM) 64-Bit Server VM warning: You have loaded library /battlecode/java/bc/libbattlecode-java-linux.so which might have disabled stack guard. The VM will try to fix the stack guard now.
[mars:blue] It's highly recommended that you fix the library with 'execstack -c <libfile>', or link it with '-z noexecstack'.
[mars:blue] -- Engine loaded. --
[mars:blue] Player connecting to unix:///tmp/battlecode-socket
[earth:red] Successfully connected to the manager!
[earth:blue] Successfully connected to the manager!
[earth:blue] Running PlayerController...
[earth:blue] Earth Controller initiated
[earth:blue] Round #1
[mars:red] Successfully connected to the manager!
[mars:blue] Successfully connected to the manager!
[mars:blue] Running PlayerController...
[mars:blue] Mars Controller initiated
[earth:blue] Round #2
[earth:blue] Round #3
[earth:blue] Round #4
[earth:blue] Round #5
[earth:blue] Round #6
[earth:blue] Round #7
[earth:blue] Round #8
[earth:blue] Round #9
[earth:blue] Round #10
[earth:blue] Round #11
[earth:blue] Round #12
[earth:blue] Round #13
[earth:blue] Round #14
[earth:blue] Round #15
[earth:blue] Round #16
[earth:blue] Round #17
[earth:blue] Round #18
[earth:blue] Round #19
[earth:blue] Round #20
[earth:blue] Round #21
[earth:blue] Round #22
[earth:blue] Round #23
[earth:blue] Round #24
[earth:blue] Round #25
[earth:blue] Round #26
[earth:blue] Round #27
[earth:blue] Round #28
[earth:blue] Round #29
[earth:blue] Round #30
[earth:blue] Round #31
[earth:blue] Round #32
[earth:blue] Round #33
[earth:blue] Round #34
[earth:blue] Round #35
[earth:blue] Round #36
[earth:blue] Round #37
[earth:blue] Round #38
[earth:blue] Round #39
[earth:blue] Round #40
[earth:blue] Round #41
[earth:blue] Round #42
[earth:blue] Round #43
[earth:blue] Round #44
[earth:blue] Round #45
[earth:blue] Round #46
[earth:blue] Round #47
[earth:blue] Round #48
[earth:blue] Round #49
[earth:blue] Round #50
[earth:blue] Round #51
[earth:blue] Round #52
[earth:blue] Round #53
[earth:blue] Round #54
[earth:blue] Round #55
[earth:blue] Round #56
[earth:blue] Round #57
[earth:blue] Round #58
[earth:blue] Round #59
[earth:blue] Round #60
[earth:blue] Round #61
[earth:blue] Round #62
[earth:blue] Round #63
[earth:blue] Round #64
[earth:blue] Round #65
[earth:blue] Round #66
[earth:blue] Round #67
[earth:blue] Round #68
[earth:blue] Round #69
[earth:blue] Round #70
[earth:blue] Round #71
[earth:blue] Round #72
[earth:blue] Round #73
[earth:blue] Round #74
[earth:blue] Round #75
[earth:blue] Round #76
[earth:blue] Round #77
[earth:blue] Round #78
[earth:blue] Round #79
[earth:blue] Round #80
[earth:blue] Round #81
[earth:blue] Round #82
[earth:blue] Round #83
[earth:blue] Round #84
[earth:blue] Round #85
[earth:blue] Round #86
[earth:blue] Round #87
[earth:blue] Round #88
[earth:blue] Round #89
[earth:blue] Round #90
[earth:blue] Round #91
[earth:blue] Round #92
[earth:blue] Round #93
[earth:blue] Round #94
[earth:blue] Round #95
[earth:blue] Round #96
[earth:blue] Round #97
[earth:blue] Round #98
[earth:blue] Round #99
[earth:blue] Round #100
[earth:blue] Round #101
[earth:blue] Round #102
[earth:blue] Round #103
[earth:blue] Round #104
[earth:blue] Round #105
[earth:blue] Round #106
[earth:blue] Round #107
[earth:blue] Round #108
[earth:blue] Round #109
[earth:blue] Round #110
[earth:blue] Round #111
[earth:blue] Round #112
[earth:blue] Round #113
[earth:blue] Round #114
[earth:blue] Round #115
[earth:blue] Round #116
[earth:blue] Round #117
[earth:blue] Round #118
[earth:blue] Round #119
[earth:blue] Round #120
[earth:blue] Round #121
[earth:blue] Round #122
[earth:blue] Round #123
[earth:blue] Round #124
[earth:blue] Round #125
[earth:blue] Round #126
[earth:blue] Round #127
[earth:blue] Round #128
[earth:blue] Round #129
[earth:blue] Round #130
[earth:blue] Round #131
[earth:blue] Round #132
[earth:blue] Round #133
[earth:blue] Round #134
[earth:blue] Round #135
[earth:blue] Round #136
[earth:blue] Round #137
[earth:blue] Round #138
[earth:blue] Round #139
[earth:blue] Round #140
[earth:blue] Round #141
[earth:blue] Round #142
[earth:blue] Round #143
[earth:blue] Round #144
[earth:blue] Round #145
[earth:blue] Round #146
[earth:blue] Round #147
[earth:blue] Round #148
[earth:blue] Round #149
[earth:blue] Round #150
[earth:blue] Round #151
[earth:blue] Round #152
[earth:blue] Round #153
[earth:blue] Round #154
[earth:blue] Round #155
[earth:blue] Round #156
[earth:blue] Round #157
[earth:blue] Round #158
[earth:blue] Round #159
[earth:blue] Round #160
[earth:blue] Round #161
[earth:blue] Round #162
[earth:blue] Round #163
[earth:blue] Round #164
[earth:blue] Round #165
[earth:blue] Round #166
[earth:blue] Round #167
[earth:blue] Round #168
[earth:blue] Round #169
[earth:blue] Round #170
[earth:blue] Round #171
[earth:blue] Round #172
[earth:blue] Round #173
[earth:blue] Round #174
[earth:blue] Round #175
[earth:blue] Round #176
[earth:blue] Round #177
[earth:blue] Round #178
[earth:blue] Round #179
[earth:blue] Round #180
[earth:blue] Round #181
[earth:blue] Round #182
[earth:blue] Round #183
[earth:blue] Round #184
[earth:blue] Round #185
[earth:blue] Round #186
[earth:blue] Round #187
[earth:blue] Round #188
[earth:blue] Round #189
[earth:blue] Round #190
[earth:blue] Round #191
[earth:blue] Round #192
[earth:blue] Round #193
[earth:blue] Round #194
[earth:blue] Round #195
[earth:blue] Round #196
[earth:blue] Round #197
[earth:blue] Round #198
[earth:blue] Round #199
[earth:blue] Round #200
[earth:blue] Round #201
[earth:blue] Round #202
[earth:blue] Round #203
[earth:blue] Round #204
[earth:blue] Round #205
[earth:blue] Round #206
[earth:blue] Round #207
[earth:blue] Round #208
[earth:blue] Round #209
[earth:blue] Round #210
[earth:blue] Round #211
[earth:blue] Round #212
[earth:blue] Round #213
[earth:blue] Round #214
[earth:blue] Round #215
[earth:blue] Round #216
[earth:blue] Round #217
[earth:blue] Round #218
[earth:blue] Round #219
[earth:blue] Round #220
[earth:blue] Round #221
[earth:blue] Round #222
[earth:blue] Round #223
[earth:blue] Round #224
[earth:blue] Round #225
[earth:blue] Round #226
[earth:blue] Round #227
[earth:blue] Round #228
[earth:blue] Round #229
[earth:blue] Round #230
[earth:blue] Round #231
[earth:blue] Round #232
[earth:blue] Round #233
[earth:blue] Round #234
[earth:blue] Round #235
[earth:blue] Round #236
[earth:blue] Round #237
[earth:blue] Round #238
[earth:blue] Round #239
[earth:blue] Round #240
[earth:blue] Round #241
[earth:blue] Round #242
[earth:blue] Round #243
[earth:blue] Round #244
[earth:blue] Round #245
[earth:blue] Round #246
[earth:blue] Round #247
[earth:blue] Round #248
[earth:blue] Round #249
[earth:blue] Round #250
[earth:blue] Round #251
[earth:blue] Round #252
[earth:blue] Round #253
[earth:blue] Round #254
[earth:blue] Round #255
[earth:blue] Round #256
[earth:blue] Round #257
[earth:blue] Round #258
[earth:blue] Round #259
[earth:blue] Round #260
[earth:blue] Round #261
[earth:blue] Round #262
[earth:blue] Round #263
[earth:blue] Round #264
[earth:blue] Round #265
[earth:blue] Round #266
[earth:blue] Round #267
[earth:blue] Round #268
[earth:blue] Round #269
[earth:blue] Round #270
[earth:blue] Round #271
[earth:blue] Round #272
[earth:blue] Round #273
[earth:blue] Round #274
[earth:blue] Round #275
[earth:blue] Round #276
[earth:blue] Round #277
[earth:blue] Round #278
[earth:blue] Round #279
[earth:blue] Round #280
[earth:blue] Round #281
[earth:blue] Round #282
[earth:blue] Round #283
[earth:blue] Round #284
[earth:blue] Round #285
[earth:blue] Round #286
[earth:blue] Round #287
[earth:blue] Round #288
[earth:blue] Round #289
[earth:blue] Round #290
[earth:blue] Round #291
[earth:blue] Round #292
[earth:blue] Round #293
[earth:blue] Round #294
[earth:blue] Round #295
[earth:blue] Round #296
[earth:blue] Round #297
[earth:blue] Round #298
[earth:blue] Round #299
[earth:blue] Round #300
[earth:blue] Round #301
[earth:blue] Round #302
[earth:blue] Round #303
[earth:blue] Round #304
[earth:blue] Round #305
[earth:blue] Round #306
[earth:blue] Round #307
[earth:blue] Round #308
[earth:blue] Round #309
[earth:blue] Round #310
[earth:blue] Round #311
[earth:blue] Round #312
[earth:blue] Round #313
[earth:blue] Round #314
[earth:blue] Round #315
[earth:blue] Round #316
[earth:blue] Round #317
[earth:blue] Round #318
[earth:blue] Round #319
[earth:blue] Round #320
[earth:blue] Round #321
[earth:blue] Round #322
[earth:blue] Round #323
[earth:blue] Round #324
[earth:blue] Round #325
[earth:blue] Round #326
[earth:blue] Round #327
[earth:blue] Round #328
[earth:blue] Round #329
[earth:blue] Round #330
[earth:blue] Round #331
[earth:blue] Round #332
[earth:blue] Round #333
[earth:blue] Round #334
[earth:blue] Round #335
[earth:blue] Round #336
[earth:blue] Round #337
[earth:blue] Round #338
[earth:blue] Round #339
[earth:blue] Round #340
[earth:blue] Round #341
[earth:blue] Round #342
[earth:blue] Round #343
[earth:blue] Round #344
[earth:blue] Round #345
[earth:blue] Round #346
[earth:blue] Round #347
[earth:blue] Round #348
[earth:blue] Round #349
[earth:blue] Round #350
[earth:blue] Round #351
[earth:blue] Round #352
[earth:blue] Round #353
[earth:blue] Round #354
[earth:blue] Round #355
[earth:blue] Round #356
[earth:blue] Round #357
[earth:blue] Round #358
[earth:blue] Round #359
[earth:blue] Round #360
[earth:blue] Round #361
[earth:blue] Round #362
[earth:blue] Round #363
[earth:blue] Round #364
[earth:blue] Round #365
[earth:blue] Round #366
[earth:blue] Round #367
[earth:blue] Round #368
[earth:blue] Round #369
[earth:blue] Round #370
[earth:blue] Round #371
[earth:blue] Round #372
[earth:blue] Round #373
[earth:blue] Round #374
[earth:blue] Round #375
[earth:blue] Round #376
[earth:blue] Round #377
[earth:blue] Round #378
[earth:blue] Round #379
[earth:blue] Round #380
[earth:blue] Round #381
[earth:blue] Round #382
[earth:blue] Round #383
[earth:blue] Round #384
[earth:blue] Round #385
[earth:blue] Round #386
[earth:blue] Round #387
[earth:blue] Round #388
[earth:blue] Round #389
[earth:blue] Round #390
[earth:blue] Round #391
[earth:blue] Round #392
[earth:blue] Round #393
[earth:blue] Round #394
[earth:blue] Round #395
[earth:blue] Round #396
[earth:blue] Round #397
[earth:blue] Round #398
[earth:blue] Round #399
[earth:blue] Round #400
[earth:blue] Round #401
[earth:blue] Round #402
[earth:blue] Round #403
[earth:blue] Round #404
[earth:blue] Round #405
[earth:blue] Round #406
[earth:blue] Round #407
[earth:blue] Round #408
[earth:blue] Round #409
[earth:blue] Round #410
[earth:blue] Round #411
[earth:blue] Round #412
[earth:blue] Round #413
[earth:blue] Round #414
[earth:blue] Round #415
[earth:blue] Round #416
[earth:blue] Round #417
[earth:blue] Round #418
[earth:blue] Round #419
[earth:blue] Round #420
[earth:blue] Round #421
[earth:blue] Round #422
[earth:blue] Round #423
[earth:blue] Round #424
[earth:blue] Round #425
[earth:blue] Round #426
[earth:blue] Round #427
[earth:blue] Round #428
[earth:blue] Round #429
[earth:blue] Round #430
[earth:blue] Round #431
[earth:blue] Round #432
[earth:blue] Round #433
[earth:blue] Round #434
[earth:blue] Round #435
[earth:blue] Round #436
[earth:blue] Round #437
[earth:blue] Round #438
[earth:blue] Round #439
[earth:blue] Round #440
[earth:blue] Round #441
[earth:blue] Round #442
[earth:blue] Round #443
[earth:blue] Round #444
[earth:blue] Round #445
[earth:blue] Round #446
[earth:blue] Round #447
[earth:blue] Round #448
[earth:blue] Round #449
[earth:blue] Round #450
[earth:blue] Round #451
[earth:blue] Round #452
[earth:blue] Round #453
[earth:blue] Round #454
[earth:blue] Round #455
[earth:blue] Round #456
[earth:blue] Round #457
[earth:blue] Round #458
[earth:blue] Round #459
[earth:blue] Round #460
[earth:blue] Round #461
[earth:blue] Round #462
[earth:blue] Round #463
[earth:blue] Round #464
[earth:blue] Round #465
[earth:blue] Round #466
[earth:blue] Round #467
[earth:blue] Round #468
[earth:blue] Round #469
[earth:blue] Round #470
[earth:blue] Round #471
[earth:blue] Round #472
[earth:blue] Round #473
[earth:blue] Round #474
[earth:blue] Round #475
[earth:blue] Round #476
[earth:blue] Round #477
[earth:blue] Round #478
[earth:blue] Round #479
[earth:blue] Round #480
[earth:blue] Round #481
[earth:blue] Round #482
[earth:blue] Round #483
[earth:blue] Round #484
[earth:blue] Round #485
[earth:blue] Round #486
[earth:blue] Round #487
[earth:blue] Round #488
[earth:blue] Round #489
[earth:blue] Round #490
[earth:blue] Round #491
[earth:blue] Round #492
[earth:blue] Round #493
[earth:blue] Round #494
[earth:blue] Round #495
[earth:blue] Round #496
[earth:blue] Round #497
[earth:blue] Round #498
[earth:blue] Round #499
[earth:blue] Round #500
[earth:blue] Round #501
[earth:blue] Round #502
[earth:blue] Round #503
[earth:blue] Round #504
[earth:blue] Round #505
[earth:blue] Round #506
[earth:blue] Round #507
[earth:blue] Round #508
[earth:blue] Round #509
[earth:blue] Round #510
[earth:blue] Round #511
[earth:blue] Round #512
[earth:blue] Round #513
[earth:blue] Round #514
[earth:blue] Round #515
[earth:blue] Round #516
[earth:blue] Round #517
[earth:blue] Round #518
[earth:blue] Round #519
[earth:blue] Round #520
[earth:blue] Round #521
[earth:blue] Round #522
[earth:blue] Round #523
[earth:blue] Round #524
[earth:blue] Round #525
[earth:blue] Round #526
[earth:blue] Round #527
[earth:blue] Round #528
[earth:blue] Round #529
[earth:blue] Round #530
[earth:blue] Round #531
[earth:blue] Round #532
[earth:blue] Round #533
[earth:blue] Round #534
[earth:blue] Round #535
[earth:blue] Round #536
[earth:blue] Round #537
[earth:blue] Round #538
[earth:blue] Round #539
[earth:blue] Round #540
[earth:blue] Round #541
[earth:blue] Round #542
[earth:blue] Round #543
[earth:blue] Round #544
[earth:blue] Round #545
[earth:blue] Round #546
[earth:blue] Round #547
[earth:blue] Round #548
[earth:blue] Round #549
[earth:blue] Round #550
[earth:blue] Round #551
[earth:blue] Round #552
[earth:blue] Round #553
[earth:blue] Round #554
[earth:blue] Round #555
[earth:blue] Round #556
[earth:blue] Round #557
[earth:blue] Round #558
[earth:blue] Round #559
[earth:blue] Round #560
[earth:blue] Round #561
[earth:blue] Round #562
[earth:blue] Round #563
[earth:blue] Round #564
[earth:blue] Round #565
[earth:blue] Round #566
[earth:blue] Round #567
[earth:blue] Round #568
[earth:blue] Round #569
[earth:blue] Round #570
[earth:blue] Round #571
[earth:blue] Round #572
[earth:blue] Round #573
[earth:blue] Round #574
[earth:blue] Round #575
[earth:blue] Round #576
[earth:blue] Round #577
[earth:blue] Round #578
[earth:blue] Round #579
[earth:blue] Round #580
[earth:blue] Round #581
[earth:blue] Round #582
[earth:blue] Round #583
[earth:blue] Round #584
[earth:blue] Round #585
[earth:blue] Round #586
[earth:blue] Round #587
[earth:blue] Round #588
[earth:blue] Round #589
[earth:blue] Round #590
[earth:blue] Round #591
[earth:blue] Round #592
[earth:blue] Round #593
[earth:blue] Round #594
[earth:blue] Round #595
[earth:blue] Round #596
[earth:blue] Round #597
[earth:blue] Round #598
[earth:blue] Round #599
[earth:blue] Round #600
[earth:blue] Round #601
[earth:blue] Round #602
[earth:blue] Round #603
[earth:blue] Round #604
[earth:blue] Round #605
[earth:blue] Round #606
[earth:blue] Round #607
[earth:blue] Round #608
[earth:blue] Round #609
[earth:blue] Round #610
[earth:blue] Round #611
[earth:blue] Round #612
[earth:blue] Round #613
[earth:blue] Round #614
[earth:blue] Round #615
[earth:blue] Round #616
[earth:blue] Round #617
[earth:blue] Round #618
[earth:blue] Round #619
[earth:blue] Round #620
[earth:blue] Round #621
[earth:blue] Round #622
[earth:blue] Round #623
[earth:blue] Round #624
[earth:blue] Round #625
[earth:blue] Round #626
[earth:blue] Round #627
[earth:blue] Round #628
[earth:blue] Round #629
[earth:blue] Round #630
[earth:blue] Round #631
[earth:blue] Round #632
[earth:blue] Round #633
[earth:blue] Round #634
[earth:blue] Round #635
[earth:blue] Round #636
[earth:blue] Round #637
[earth:blue] Round #638
[earth:blue] Round #639
[earth:blue] Round #640
[earth:blue] Round #641
[earth:blue] Round #642
[earth:blue] Round #643
[earth:blue] Round #644
[earth:blue] Round #645
[earth:blue] Round #646
[earth:blue] Round #647
[earth:blue] Round #648
[earth:blue] Round #649
[earth:blue] Round #650
[earth:blue] Round #651
[earth:blue] Round #652
[earth:blue] Round #653
[earth:blue] Round #654
[earth:blue] Round #655
[earth:blue] Round #656
[earth:blue] Round #657
[earth:blue] Round #658
[earth:blue] Round #659
[earth:blue] Round #660
[earth:blue] Round #661
[earth:blue] Round #662
[earth:blue] Round #663
[earth:blue] Round #664
[earth:blue] Round #665
[earth:blue] Round #666
[earth:blue] Round #667
[earth:blue] Round #668
[earth:blue] Round #669
[earth:blue] Round #670
[earth:blue] Round #671
[earth:blue] Round #672
[earth:blue] Round #673
[earth:blue] Round #674
[earth:blue] Round #675
[earth:blue] Round #676
[earth:blue] Round #677
[earth:blue] Round #678
[earth:blue] Round #679
[earth:blue] Round #680
[earth:blue] Round #681
[earth:blue] Round #682
[earth:blue] Round #683
[earth:blue] Round #684
[earth:blue] Round #685
[earth:blue] Round #686
[earth:blue] Round #687
[earth:blue] Round #688
[earth:blue] Round #689
[earth:blue] Round #690
[earth:blue] Round #691
[earth:blue] Round #692
[earth:blue] Round #693
[earth:blue] Round #694
[earth:blue] Round #695
[earth:blue] Round #696
[earth:blue] Round #697
[earth:blue] Round #698
[earth:blue] Round #699
[earth:blue] Round #700
[earth:blue] Round #701
[earth:blue] Round #702
[earth:blue] Round #703
[earth:blue] Round #704
[earth:blue] Round #705
[earth:blue] Round #706
[earth:blue] Round #707
[earth:blue] Round #708
[earth:blue] Round #709
[earth:blue] Round #710
[earth:blue] Round #711
[earth:blue] Round #712
[earth:blue] Round #713
[earth:blue] Round #714
[earth:blue] Round #715
[earth:blue] Round #716
[earth:blue] Round #717
[earth:blue] Round #718
[earth:blue] Round #719
[earth:blue] Round #720
[earth:blue] Round #721
[earth:blue] Round #722
[earth:blue] Round #723
[earth:blue] Round #724
[earth:blue] Round #725
[earth:blue] Round #726
[earth:blue] Round #727
[earth:blue] Round #728
[earth:blue] Round #729
[earth:blue] Round #730
[earth:blue] Round #731
[earth:blue] Round #732
[earth:blue] Round #733
[earth:blue] Round #734
[earth:blue] Round #735
[earth:blue] Round #736
[earth:blue] Round #737
[earth:blue] Round #738
[earth:blue] Round #739
[earth:blue] Round #740
[earth:blue] Round #741
[earth:blue] Round #742
[earth:blue] Round #743
[earth:blue] Round #744
[earth:blue] Round #745
[earth:blue] Round #746
[earth:blue] Round #747
[earth:blue] Round #748
[earth:blue] Round #749
Saving replay to /player/replay.bc18
Ready to run next game.
Loading map /player/battlecode-maps/bananas.bc18t
Running game server on socket unix:///tmp/battlecode-0
Running game...
[earth:red] Note: Some input files use or override a deprecated API.
[earth:red] Note: Recompile with -Xlint:deprecation for details.
[earth:red] -- Starting battlecode java engine, vroom vroom! --
[mars:red] Note: Some input files use or override a deprecated API.
[mars:red] Note: Recompile with -Xlint:deprecation for details.
[earth:red] -- Note: you may get a warning about stack guards, please ignore it. --
[earth:red] Loading linux library: /battlecode/java/bc/libbattlecode-java-linux.so
[earth:red] Java HotSpot(TM) 64-Bit Server VM warning: You have loaded library /battlecode/java/bc/libbattlecode-java-linux.so which might have disabled stack guard. The VM will try to fix the stack guard now.
[earth:red] It's highly recommended that you fix the library with 'execstack -c <libfile>', or link it with '-z noexecstack'.
[earth:red] -- Engine loaded. --
[earth:red] Player connecting to unix:///tmp/battlecode-socket
[mars:red] -- Starting battlecode java engine, vroom vroom! --
[mars:red] -- Note: you may get a warning about stack guards, please ignore it. --
[mars:red] Loading linux library: /battlecode/java/bc/libbattlecode-java-linux.so
[mars:red] Java HotSpot(TM) 64-Bit Server VM warning: You have loaded library /battlecode/java/bc/libbattlecode-java-linux.so which might have disabled stack guard. The VM will try to fix the stack guard now.
[mars:red] It's highly recommended that you fix the library with 'execstack -c <libfile>', or link it with '-z noexecstack'.
[mars:red] -- Engine loaded. --
[mars:red] Player connecting to unix:///tmp/battlecode-socket
[earth:blue] Note: Some input files use or override a deprecated API.
[earth:blue] Note: Recompile with -Xlint:deprecation for details.
[mars:blue] Note: Some input files use or override a deprecated API.
[mars:blue] Note: Recompile with -Xlint:deprecation for details.
[earth:blue] Structure Base initiated
[earth:blue] -- Starting battlecode java engine, vroom vroom! --
[earth:blue] -- Note: you may get a warning about stack guards, please ignore it. --
[mars:blue] Structure Base initiated
[mars:blue] -- Starting battlecode java engine, vroom vroom! --
[earth:blue] Loading linux library: /battlecode/java/bc/libbattlecode-java-linux.so
[earth:blue] Java HotSpot(TM) 64-Bit Server VM warning: You have loaded library /battlecode/java/bc/libbattlecode-java-linux.so which might have disabled stack guard. The VM will try to fix the stack guard now.
[earth:blue] It's highly recommended that you fix the library with 'execstack -c <libfile>', or link it with '-z noexecstack'.
[earth:blue] -- Engine loaded. --
[earth:blue] Player connecting to unix:///tmp/battlecode-socket
[mars:blue] -- Note: you may get a warning about stack guards, please ignore it. --
[mars:blue] Loading linux library: /battlecode/java/bc/libbattlecode-java-linux.so
[mars:blue] Java HotSpot(TM) 64-Bit Server VM warning: You have loaded library /battlecode/java/bc/libbattlecode-java-linux.so which might have disabled stack guard. The VM will try to fix the stack guard now.
[mars:blue] It's highly recommended that you fix the library with 'execstack -c <libfile>', or link it with '-z noexecstack'.
[mars:blue] -- Engine loaded. --
[mars:blue] Player connecting to unix:///tmp/battlecode-socket
[earth:red] Successfully connected to the manager!
[earth:blue] Successfully connected to the manager!
[earth:blue] Running PlayerController...
[earth:blue] Earth Controller initiated
[earth:blue] Round #1
[mars:red] Successfully connected to the manager!
[mars:blue] Successfully connected to the manager!
[mars:blue] Running PlayerController...
[mars:blue] Mars Controller initiated
[earth:blue] Round #2
[earth:blue] Round #3
[earth:blue] Round #4
[earth:blue] Round #5
[earth:blue] Round #6
[earth:blue] Round #7
[earth:blue] Round #8
[earth:blue] Unit { id: 11, team: Blue, level: 0, unit_type: Worker, location: OnMap(MapLocation { planet: Earth, x: 12, y: 13 }), health: 100, max_health: 100, vision_range: 50, damage: 0, attack_range: 0, movement_heat: 10, attack_heat: 0, movement_cooldown: 20, attack_cooldown: 0, is_ability_unlocked: true, ability_heat: 0, ability_cooldown: 500, ability_range: 2, has_worker_acted: false, build_health: 5, repair_health: 10, harvest_amount: 3, defense: 5, cannot_attack_range: 10, countdown: 0, max_countdown: 5, target_location: None, self_heal_amount: 1, is_built: false, max_capacity: 8, garrison: [], factory_unit_type: None, factory_rounds_left: None, factory_max_rounds_left: 5, is_used: false, blast_damage: 50, travel_time_decrease: 0 }
[earth:blue] Round #9
[earth:blue] Round #10
[earth:blue] Round #11
[earth:blue] Round #12
[earth:blue] Round #13
[earth:blue] Round #14
[earth:blue] Round #15
[earth:blue] Round #16
[earth:blue] Round #17
[earth:blue] Round #18
[earth:blue] Round #19
[earth:blue] Round #20
[earth:blue] Round #21
[earth:blue] Round #22
[earth:blue] Round #23
[earth:blue] Round #24
[earth:blue] Round #25
[earth:blue] Round #26
[earth:blue] Round #27
[earth:blue] Round #28
[earth:blue] Round #29
[earth:blue] Round #30
[earth:blue] Round #31
[earth:blue] Round #32
[earth:blue] Round #33
[earth:blue] Round #34
[earth:blue] Round #35
[earth:blue] Round #36
[earth:blue] Round #37
[earth:blue] Round #38
[earth:blue] Round #39
[earth:blue] Round #40
[earth:blue] Round #41
[earth:blue] Round #42
[earth:blue] Round #43
[earth:blue] Round #44
[earth:blue] Round #45
[earth:blue] Round #46
[earth:blue] Round #47
[earth:blue] Round #48
[earth:blue] Round #49
[earth:blue] Round #50
[earth:blue] Round #51
[earth:blue] Round #52
[earth:blue] Round #53
[earth:blue] Round #54
[earth:blue] Round #55
[earth:blue] Round #56
[earth:blue] Round #57
[earth:blue] Round #58
[earth:blue] Round #59
[earth:blue] Round #60
[earth:blue] Round #61
[earth:blue] Round #62
[earth:blue] Round #63
[earth:blue] Round #64
[earth:blue] Round #65
[earth:blue] Round #66
[earth:blue] Round #67
[earth:blue] Round #68
[earth:blue] Round #69
[earth:blue] Round #70
[earth:blue] Round #71
[earth:blue] Round #72
[earth:blue] Round #73
[earth:blue] Round #74
[earth:blue] Round #75
[earth:blue] Round #76
[earth:blue] Round #77
[earth:blue] Round #78
[earth:blue] Round #79
[earth:blue] Round #80
[earth:blue] Round #81
[earth:blue] Round #82
[earth:blue] Round #83
[earth:blue] Round #84
[earth:blue] Round #85
[earth:blue] Round #86
[earth:blue] Round #87
[earth:blue] Round #88
[earth:blue] Round #89
[earth:blue] Round #90
[earth:blue] Round #91
[earth:blue] Round #92
[earth:blue] Round #93
[earth:blue] Round #94
[earth:blue] Round #95
[earth:blue] Round #96
[earth:blue] Round #97
[earth:blue] Round #98
[earth:blue] Round #99
[earth:blue] Round #100
[earth:blue] Round #101
[earth:blue] Round #102
[earth:blue] Round #103
[earth:blue] Round #104
[earth:blue] Round #105
[earth:blue] Round #106
[earth:blue] Round #107
[earth:blue] Round #108
[earth:blue] Round #109
[earth:blue] Round #110
[earth:blue] Round #111
[earth:blue] Round #112
[earth:blue] Round #113
[earth:blue] Round #114
[earth:blue] Round #115
[earth:blue] Round #116
[earth:blue] Round #117
[earth:blue] Round #118
[earth:blue] Round #119
[earth:blue] Round #120
[earth:blue] Round #121
[earth:blue] Round #122
[earth:blue] Round #123
[earth:blue] Round #124
[earth:blue] Round #125
[earth:blue] Round #126
[earth:blue] Round #127
[earth:blue] Round #128
[earth:blue] Round #129
[earth:blue] Round #130
[earth:blue] Round #131
[earth:blue] Round #132
[earth:blue] Round #133
[earth:blue] Round #134
[earth:blue] Round #135
[earth:blue] Round #136
[earth:blue] Round #137
[earth:blue] Round #138
[earth:blue] Round #139
[earth:blue] Round #140
[earth:blue] Round #141
[earth:blue] Round #142
[earth:blue] Round #143
[earth:blue] Round #144
[earth:blue] Round #145
[earth:blue] Round #146
[earth:blue] Round #147
[earth:blue] Round #148
[earth:blue] Round #149
[earth:blue] Round #150
[earth:blue] Round #151
[earth:blue] Round #152
[earth:blue] Round #153
[earth:blue] Round #154
[earth:blue] Round #155
[earth:blue] Round #156
[earth:blue] Round #157
[earth:blue] Round #158
[earth:blue] Round #159
[earth:blue] Round #160
[earth:blue] Round #161
[earth:blue] Round #162
[earth:blue] Round #163
[earth:blue] Round #164
[earth:blue] Round #165
[earth:blue] Round #166
[earth:blue] Round #167
[earth:blue] Round #168
[earth:blue] Round #169
[earth:blue] Round #170
[earth:blue] Round #171
[earth:blue] Round #172
[earth:blue] Round #173
[earth:blue] Round #174
[earth:blue] Round #175
[earth:blue] Round #176
[earth:blue] Round #177
[earth:blue] Round #178
[earth:blue] Round #179
[earth:blue] Round #180
[earth:blue] Round #181
[earth:blue] Round #182
[earth:blue] Round #183
[earth:blue] Round #184
[earth:blue] Round #185
[earth:blue] Round #186
[earth:blue] Round #187
[earth:blue] Round #188
[earth:blue] Round #189
[earth:blue] Round #190
[earth:blue] Round #191
[earth:blue] Round #192
[earth:blue] Round #193
[earth:blue] Round #194
[earth:blue] Round #195
[earth:blue] Round #196
[earth:blue] Round #197
[earth:blue] Round #198
[earth:blue] Round #199
[earth:blue] Round #200
[earth:blue] Round #201
[earth:blue] Round #202
[earth:blue] Round #203
[earth:blue] Round #204
[earth:blue] Round #205
[earth:blue] Round #206
[earth:blue] Round #207
[earth:blue] Round #208
[earth:blue] Round #209
[earth:blue] Round #210
[earth:blue] Round #211
[earth:blue] Round #212
[earth:blue] Round #213
[earth:blue] Round #214
[earth:blue] Round #215
[earth:blue] Round #216
[earth:blue] Round #217
[earth:blue] Round #218
[earth:blue] Round #219
[earth:blue] Round #220
[earth:blue] Round #221
[earth:blue] Round #222
[earth:blue] Round #223
[earth:blue] Round #224
[earth:blue] Round #225
[earth:blue] Round #226
[earth:blue] Round #227
[earth:blue] Round #228
[earth:blue] Round #229
[earth:blue] Round #230
[earth:blue] Round #231
[earth:blue] Round #232
[earth:blue] Round #233
[earth:blue] Round #234
[earth:blue] Round #235
[earth:blue] Round #236
[earth:blue] Round #237
[earth:blue] Round #238
[earth:blue] Round #239
[earth:blue] Round #240
[earth:blue] Round #241
[earth:blue] Round #242
[earth:blue] Round #243
[earth:blue] Round #244
[earth:blue] Round #245
[earth:blue] Round #246
[earth:blue] Round #247
[earth:blue] Round #248
[earth:blue] Round #249
[earth:blue] Round #250
[earth:blue] Round #251
[earth:blue] Round #252
[earth:blue] Round #253
[earth:blue] Round #254
[earth:blue] Round #255
[earth:blue] Round #256
[earth:blue] Round #257
[earth:blue] Round #258
[earth:blue] Round #259
[earth:blue] Round #260
[earth:blue] Round #261
[earth:blue] Round #262
[earth:blue] Round #263
[earth:blue] Round #264
[earth:blue] Round #265
[earth:blue] Round #266
[earth:blue] Round #267
[earth:blue] Round #268
[earth:blue] Round #269
[earth:blue] Round #270
[earth:blue] Round #271
[earth:blue] Round #272
[earth:blue] Round #273
[earth:blue] Round #274
[earth:blue] Round #275
[earth:blue] Round #276
[earth:blue] Round #277
[earth:blue] Round #278
[earth:blue] Round #279
[earth:blue] Round #280
[earth:blue] Round #281
[earth:blue] Round #282
[earth:blue] Round #283
[earth:blue] Round #284
[earth:blue] Round #285
[earth:blue] Round #286
[earth:blue] Round #287
[earth:blue] Round #288
[earth:blue] Round #289
[earth:blue] Round #290
[earth:blue] Round #291
[earth:blue] Round #292
[earth:blue] Round #293
[earth:blue] Round #294
[earth:blue] Round #295
[earth:blue] Round #296
[earth:blue] Round #297
[earth:blue] Round #298
[earth:blue] Round #299
[earth:blue] Round #300
[earth:blue] Round #301
[earth:blue] Round #302
[earth:blue] Round #303
[earth:blue] Round #304
[earth:blue] Round #305
[earth:blue] Round #306
[earth:blue] Round #307
[earth:blue] Round #308
[earth:blue] Round #309
[earth:blue] Round #310
[earth:blue] Round #311
[earth:blue] Round #312
[earth:blue] Round #313
[earth:blue] Round #314
[earth:blue] Round #315
[earth:blue] Round #316
[earth:blue] Round #317
[earth:blue] Round #318
[earth:blue] Round #319
[earth:blue] Round #320
[earth:blue] Round #321
[earth:blue] Round #322
[earth:blue] Round #323
[earth:blue] Round #324
[earth:blue] Round #325
[earth:blue] Round #326
[earth:blue] Round #327
[earth:blue] Round #328
[earth:blue] Round #329
[earth:blue] Round #330
[earth:blue] Round #331
[earth:blue] Round #332
[earth:blue] Round #333
[earth:blue] Round #334
[earth:blue] Round #335
[earth:blue] Round #336
[earth:blue] Round #337
[earth:blue] Round #338
[earth:blue] Round #339
[earth:blue] Round #340
[earth:blue] Round #341
[earth:blue] Round #342
[earth:blue] Round #343
[earth:blue] Round #344
[earth:blue] Round #345
[earth:blue] Round #346
[earth:blue] Round #347
[earth:blue] Round #348
[earth:blue] Round #349
[earth:blue] Round #350
[earth:blue] Round #351
[earth:blue] Round #352
[earth:blue] Round #353
[earth:blue] Round #354
[earth:blue] Round #355
[earth:blue] Round #356
[earth:blue] Round #357
[earth:blue] Round #358
[earth:blue] Round #359
[earth:blue] Round #360
[earth:blue] Round #361
[earth:blue] Round #362
[earth:blue] Round #363
[earth:blue] Round #364
[earth:blue] Round #365
[earth:blue] Round #366
[earth:blue] Round #367
[earth:blue] Round #368
[earth:blue] Round #369
[earth:blue] Round #370
[earth:blue] Round #371
[earth:blue] Round #372
[earth:blue] Round #373
[earth:blue] Round #374
[earth:blue] Round #375
[earth:blue] Round #376
[earth:blue] Round #377
[earth:blue] Round #378
[earth:blue] Round #379
[earth:blue] Round #380
[earth:blue] Round #381
[earth:blue] Round #382
[earth:blue] Round #383
[earth:blue] Round #384
[earth:blue] Round #385
[earth:blue] Round #386
[earth:blue] Round #387
[earth:blue] Round #388
[earth:blue] Round #389
[earth:blue] Round #390
[earth:blue] Round #391
[earth:blue] Round #392
[earth:blue] Round #393
[earth:blue] Round #394
[earth:blue] Round #395
[earth:blue] Round #396
[earth:blue] Round #397
[earth:blue] Round #398
[earth:blue] Round #399
[earth:blue] Round #400
[earth:blue] Round #401
[earth:blue] Round #402
[earth:blue] Round #403
[earth:blue] Round #404
[earth:blue] Round #405
[earth:blue] Round #406
[earth:blue] Round #407
[earth:blue] Round #408
[earth:blue] Round #409
[earth:blue] Round #410
[earth:blue] Round #411
[earth:blue] Round #412
[earth:blue] Round #413
[earth:blue] Round #414
[earth:blue] Round #415
[earth:blue] Round #416
[earth:blue] Round #417
[earth:blue] Round #418
[earth:blue] Round #419
[earth:blue] Round #420
[earth:blue] Round #421
[earth:blue] Round #422
[earth:blue] Round #423
[earth:blue] Round #424
[earth:blue] Round #425
[earth:blue] Round #426
[earth:blue] Round #427
[earth:blue] Round #428
[earth:blue] Round #429
[earth:blue] Round #430
[earth:blue] Round #431
[earth:blue] Round #432
[earth:blue] Round #433
[earth:blue] Round #434
[earth:blue] Round #435
[earth:blue] Round #436
[earth:blue] Round #437
[earth:blue] Round #438
[earth:blue] Round #439
[earth:blue] Round #440
[earth:blue] Round #441
[earth:blue] Round #442
[earth:blue] Round #443
[earth:blue] Round #444
[earth:blue] Round #445
[earth:blue] Round #446
[earth:blue] Round #447
[earth:blue] Round #448
[earth:blue] Round #449
[earth:blue] Round #450
[earth:blue] Round #451
[earth:blue] Round #452
[earth:blue] Round #453
[earth:blue] Round #454
[earth:blue] Round #455
[earth:blue] Round #456
[earth:blue] Round #457
[earth:blue] Round #458
[earth:blue] Round #459
[earth:blue] Round #460
[earth:blue] Round #461
[earth:blue] Round #462
[earth:blue] Round #463
[earth:blue] Round #464
[earth:blue] Round #465
[earth:blue] Round #466
[earth:blue] Round #467
[earth:blue] Round #468
[earth:blue] Round #469
[earth:blue] Round #470
[earth:blue] Round #471
[earth:blue] Round #472
[earth:blue] Round #473
[earth:blue] Round #474
[earth:blue] Round #475
[earth:blue] Round #476
[earth:blue] Round #477
[earth:blue] Round #478
[earth:blue] Round #479
[earth:blue] Round #480
[earth:blue] Round #481
[earth:blue] Round #482
[earth:blue] Round #483
[earth:blue] Round #484
[earth:blue] Round #485
[earth:blue] Round #486
[earth:blue] Round #487
[earth:blue] Round #488
[earth:blue] Round #489
[earth:blue] Round #490
[earth:blue] Round #491
[earth:blue] Round #492
[earth:blue] Round #493
[earth:blue] Round #494
[earth:blue] Round #495
[earth:blue] Round #496
[earth:blue] Round #497
[earth:blue] Round #498
[earth:blue] Round #499
[earth:blue] Round #500
[earth:blue] Round #501
[earth:blue] Round #502
[earth:blue] Round #503
[earth:blue] Round #504
[earth:blue] Round #505
[earth:blue] Round #506
[earth:blue] Round #507
[earth:blue] Round #508
[earth:blue] Round #509
[earth:blue] Round #510
[earth:blue] Round #511
[earth:blue] Round #512
[earth:blue] Round #513
[earth:blue] Round #514
[earth:blue] Round #515
[earth:blue] Round #516
[earth:blue] Round #517
[earth:blue] Round #518
[earth:blue] Round #519
[earth:blue] Round #520
[earth:blue] Round #521
[earth:blue] Round #522
[earth:blue] Round #523
[earth:blue] Round #524
[earth:blue] Round #525
[earth:blue] Round #526
[earth:blue] Round #527
[earth:blue] Round #528
[earth:blue] Round #529
[earth:blue] Round #530
[earth:blue] Round #531
[earth:blue] Round #532
[earth:blue] Round #533
[earth:blue] Round #534
[earth:blue] Round #535
[earth:blue] Round #536
[earth:blue] Round #537
[earth:blue] Round #538
[earth:blue] Round #539
[earth:blue] Round #540
[earth:blue] Round #541
[earth:blue] Round #542
[earth:blue] Round #543
[earth:blue] Round #544
[earth:blue] Round #545
[earth:blue] Round #546
[earth:blue] Round #547
[earth:blue] Round #548
[earth:blue] Round #549
[earth:blue] Round #550
[earth:blue] Round #551
[earth:blue] Round #552
[earth:blue] Round #553
[earth:blue] Round #554
[earth:blue] Round #555
[earth:blue] Round #556
[earth:blue] Round #557
[earth:blue] Round #558
[earth:blue] Round #559
[earth:blue] Round #560
[earth:blue] Round #561
[earth:blue] Round #562
[earth:blue] Round #563
[earth:blue] Round #564
[earth:blue] Round #565
[earth:blue] Round #566
[earth:blue] Round #567
[earth:blue] Round #568
[earth:blue] Round #569
[earth:blue] Round #570
[earth:blue] Round #571
[earth:blue] Round #572
[earth:blue] Round #573
[earth:blue] Round #574
[earth:blue] Round #575
[earth:blue] Round #576
[earth:blue] Round #577
[earth:blue] Round #578
[earth:blue] Round #579
[earth:blue] Round #580
[earth:blue] Round #581
[earth:blue] Round #582
[earth:blue] Round #583
[earth:blue] Round #584
[earth:blue] Round #585
[earth:blue] Round #586
[earth:blue] Round #587
[earth:blue] Round #588
[earth:blue] Round #589
[earth:blue] Round #590
[earth:blue] Round #591
[earth:blue] Round #592
[earth:blue] Round #593
[earth:blue] Round #594
[earth:blue] Round #595
[earth:blue] Round #596
[earth:blue] Round #597
[earth:blue] Round #598
[earth:blue] Round #599
[earth:blue] Round #600
[earth:blue] Round #601
[earth:blue] Round #602
[earth:blue] Round #603
[earth:blue] Round #604
[earth:blue] Round #605
[earth:blue] Round #606
[earth:blue] Round #607
[earth:blue] Round #608
[earth:blue] Round #609
[earth:blue] Round #610
[earth:blue] Round #611
[earth:blue] Round #612
[earth:blue] Round #613
[earth:blue] Round #614
[earth:blue] Round #615
[earth:blue] Round #616
[earth:blue] Round #617
[earth:blue] Round #618
[earth:blue] Round #619
[earth:blue] Round #620
[earth:blue] Round #621
[earth:blue] Round #622
[earth:blue] Round #623
[earth:blue] Round #624
[earth:blue] Round #625
[earth:blue] Round #626
[earth:blue] Round #627
[earth:blue] Round #628
[earth:blue] Round #629
[earth:blue] Round #630
[earth:blue] Round #631
[earth:blue] Round #632
[earth:blue] Round #633
[earth:blue] Round #634
[earth:blue] Round #635
[earth:blue] Round #636
[earth:blue] Round #637
[earth:blue] Round #638
[earth:blue] Round #639
[earth:blue] Round #640
[earth:blue] Round #641
[earth:blue] Round #642
[earth:blue] Round #643
[earth:blue] Round #644
[earth:blue] Round #645
[earth:blue] Round #646
[earth:blue] Round #647
[earth:blue] Round #648
[earth:blue] Round #649
[earth:blue] Round #650
[earth:blue] Round #651
[earth:blue] Round #652
[earth:blue] Round #653
[earth:blue] Round #654
[earth:blue] Round #655
[earth:blue] Round #656
[earth:blue] Round #657
[earth:blue] Round #658
[earth:blue] Round #659
[earth:blue] Round #660
[earth:blue] Round #661
[earth:blue] Round #662
[earth:blue] Round #663
[earth:blue] Round #664
[earth:blue] Round #665
[earth:blue] Round #666
[earth:blue] Round #667
[earth:blue] Round #668
[earth:blue] Round #669
[earth:blue] Round #670
[earth:blue] Round #671
[earth:blue] Round #672
[earth:blue] Round #673
[earth:blue] Round #674
[earth:blue] Round #675
[earth:blue] Round #676
[earth:blue] Round #677
[earth:blue] Round #678
[earth:blue] Round #679
[earth:blue] Round #680
[earth:blue] Round #681
[earth:blue] Round #682
[earth:blue] Round #683
[earth:blue] Round #684
[earth:blue] Round #685
[earth:blue] Round #686
[earth:blue] Round #687
[earth:blue] Round #688
[earth:blue] Round #689
[earth:blue] Round #690
[earth:blue] Round #691
[earth:blue] Round #692
[earth:blue] Round #693
[earth:blue] Round #694
[earth:blue] Round #695
[earth:blue] Round #696
[earth:blue] Round #697
[earth:blue] Round #698
[earth:blue] Round #699
[earth:blue] Round #700
[earth:blue] Round #701
[earth:blue] Round #702
[earth:blue] Round #703
[earth:blue] Round #704
[earth:blue] Round #705
[earth:blue] Round #706
[earth:blue] Round #707
[earth:blue] Round #708
[earth:blue] Round #709
[earth:blue] Round #710
[earth:blue] Round #711
[earth:blue] Round #712
[earth:blue] Round #713
[earth:blue] Round #714
[earth:blue] Round #715
[earth:blue] Round #716
[earth:blue] Round #717
[earth:blue] Round #718
[earth:blue] Round #719
[earth:blue] Round #720
[earth:blue] Round #721
[earth:blue] Round #722
[earth:blue] Round #723
[earth:blue] Round #724
[earth:blue] Round #725
[earth:blue] Round #726
[earth:blue] Round #727
[earth:blue] Round #728
[earth:blue] Round #729
[earth:blue] Round #730
[earth:blue] Round #731
[earth:blue] Round #732
[earth:blue] Round #733
[earth:blue] Round #734
[earth:blue] Round #735
[earth:blue] Round #736
[earth:blue] Round #737
[earth:blue] Round #738
[earth:blue] Round #739
[earth:blue] Round #740
[earth:blue] Round #741
[earth:blue] Round #742
[earth:blue] Round #743
[earth:blue] Round #744
[earth:blue] Round #745
[earth:blue] Round #746
[earth:blue] Round #747
[earth:blue] Round #748
[earth:blue] Round #749
Saving replay to /player/replay.bc18
Ready to run next game.
Loading map /player/battlecode-maps/bananas.bc18t
Running game server on socket unix:///tmp/battlecode-0
Running game...
[earth:red] Note: Some input files use or override a deprecated API.
[earth:red] Note: Recompile with -Xlint:deprecation for details.
[mars:red] Note: Some input files use or override a deprecated API.
[mars:red] Note: Recompile with -Xlint:deprecation for details.
[earth:red] -- Starting battlecode java engine, vroom vroom! --
[earth:red] -- Note: you may get a warning about stack guards, please ignore it. --
[earth:blue] WorkerHandler.java:63: error: incompatible types: short cannot be converted to boolean
[earth:blue]             if (nearbyUnit.structureIsBuilt()) {
[earth:blue]                                            ^
[earth:red] Loading linux library: /battlecode/java/bc/libbattlecode-java-linux.so
[earth:red] Java HotSpot(TM) 64-Bit Server VM warning: You have loaded library /battlecode/java/bc/libbattlecode-java-linux.so which might have disabled stack guard. The VM will try to fix the stack guard now.
[earth:red] It's highly recommended that you fix the library with 'execstack -c <libfile>', or link it with '-z noexecstack'.
[earth:red] -- Engine loaded. --
[earth:red] Player connecting to unix:///tmp/battlecode-socket
[mars:red] -- Starting battlecode java engine, vroom vroom! --
[mars:blue] WorkerHandler.java:63: error: incompatible types: short cannot be converted to boolean
[mars:blue]             if (nearbyUnit.structureIsBuilt()) {
[mars:blue]                                            ^
[earth:blue] Note: Some input files use or override a deprecated API.
[earth:blue] Note: Recompile with -Xlint:deprecation for details.
[earth:blue] 1 error
[mars:red] -- Note: you may get a warning about stack guards, please ignore it. --
[mars:red] Loading linux library: /battlecode/java/bc/libbattlecode-java-linux.so
[mars:red] Java HotSpot(TM) 64-Bit Server VM warning: You have loaded library /battlecode/java/bc/libbattlecode-java-linux.so which might have disabled stack guard. The VM will try to fix the stack guard now.
[mars:red] It's highly recommended that you fix the library with 'execstack -c <libfile>', or link it with '-z noexecstack'.
[mars:red] -- Engine loaded. --
[mars:red] Player connecting to unix:///tmp/battlecode-socket
[mars:blue] Note: Some input files use or override a deprecated API.
[mars:blue] Note: Recompile with -Xlint:deprecation for details.
[mars:blue] 1 error
[earth:blue] Structure Base initiated
[earth:blue] -- Starting battlecode java engine, vroom vroom! --
[earth:blue] -- Note: you may get a warning about stack guards, please ignore it. --
[earth:blue] Loading linux library: /battlecode/java/bc/libbattlecode-java-linux.so
[earth:blue] Java HotSpot(TM) 64-Bit Server VM warning: You have loaded library /battlecode/java/bc/libbattlecode-java-linux.so which might have disabled stack guard. The VM will try to fix the stack guard now.
[earth:blue] It's highly recommended that you fix the library with 'execstack -c <libfile>', or link it with '-z noexecstack'.
[earth:blue] -- Engine loaded. --
[earth:blue] Player connecting to unix:///tmp/battlecode-socket
[mars:blue] Structure Base initiated
[mars:blue] -- Starting battlecode java engine, vroom vroom! --
[mars:blue] -- Note: you may get a warning about stack guards, please ignore it. --
[mars:blue] Loading linux library: /battlecode/java/bc/libbattlecode-java-linux.so
[mars:blue] Java HotSpot(TM) 64-Bit Server VM warning: You have loaded library /battlecode/java/bc/libbattlecode-java-linux.so which might have disabled stack guard. The VM will try to fix the stack guard now.
[mars:blue] It's highly recommended that you fix the library with 'execstack -c <libfile>', or link it with '-z noexecstack'.
[mars:blue] -- Engine loaded. --
[mars:blue] Player connecting to unix:///tmp/battlecode-socket
[earth:red] Successfully connected to the manager!
[earth:blue] Successfully connected to the manager!
[earth:blue] Exception in thread "main" java.lang.NoClassDefFoundError: WorkerHandler
[earth:blue] 	at Player.main(Player.java:21)
[earth:blue] Caused by: java.lang.ClassNotFoundException: WorkerHandler
Here?
[earth:blue] 	at java.base/jdk.internal.loader.BuiltinClassLoader.loadClass(BuiltinClassLoader.java:582)
[earth:blue] 	at java.base/jdk.internal.loader.ClassLoaders$AppClassLoader.loadClass(ClassLoaders.java:185)
[earth:blue] 	at java.base/java.lang.ClassLoader.loadClass(ClassLoader.java:496)
[earth:blue] 	... 1 more
Saving replay to /player/replay.bc18
Ready to run next game.
Loading map /player/battlecode-maps/bananas.bc18t
Running game server on socket unix:///tmp/battlecode-0
Running game...
[earth:red] Note: Some input files use or override a deprecated API.
[earth:red] Note: Recompile with -Xlint:deprecation for details.
[earth:red] -- Starting battlecode java engine, vroom vroom! --
[mars:red] Note: Some input files use or override a deprecated API.
[mars:red] Note: Recompile with -Xlint:deprecation for details.
[earth:red] -- Note: you may get a warning about stack guards, please ignore it. --
[earth:red] Loading linux library: /battlecode/java/bc/libbattlecode-java-linux.so
[earth:red] Java HotSpot(TM) 64-Bit Server VM warning: You have loaded library /battlecode/java/bc/libbattlecode-java-linux.so which might have disabled stack guard. The VM will try to fix the stack guard now.
[earth:red] It's highly recommended that you fix the library with 'execstack -c <libfile>', or link it with '-z noexecstack'.
[earth:red] -- Engine loaded. --
[earth:red] Player connecting to unix:///tmp/battlecode-socket
[mars:red] -- Starting battlecode java engine, vroom vroom! --
[earth:blue] Note: Some input files use or override a deprecated API.
[mars:red] -- Note: you may get a warning about stack guards, please ignore it. --
[earth:blue] Note: Recompile with -Xlint:deprecation for details.
[mars:red] Loading linux library: /battlecode/java/bc/libbattlecode-java-linux.so
[mars:red] Java HotSpot(TM) 64-Bit Server VM warning: You have loaded library /battlecode/java/bc/libbattlecode-java-linux.so which might have disabled stack guard. The VM will try to fix the stack guard now.
[mars:red] It's highly recommended that you fix the library with 'execstack -c <libfile>', or link it with '-z noexecstack'.
[mars:red] -- Engine loaded. --
[mars:red] Player connecting to unix:///tmp/battlecode-socket
[mars:blue] Note: Some input files use or override a deprecated API.
[earth:blue] Structure Base initiated
[earth:blue] -- Starting battlecode java engine, vroom vroom! --
[mars:blue] Note: Recompile with -Xlint:deprecation for details.
[earth:blue] -- Note: you may get a warning about stack guards, please ignore it. --
[earth:blue] Loading linux library: /battlecode/java/bc/libbattlecode-java-linux.so
[earth:blue] Java HotSpot(TM) 64-Bit Server VM warning: You have loaded library /battlecode/java/bc/libbattlecode-java-linux.so which might have disabled stack guard. The VM will try to fix the stack guard now.
[earth:blue] It's highly recommended that you fix the library with 'execstack -c <libfile>', or link it with '-z noexecstack'.
[earth:blue] -- Engine loaded. --
[earth:blue] Player connecting to unix:///tmp/battlecode-socket
[mars:blue] Structure Base initiated
[mars:blue] -- Starting battlecode java engine, vroom vroom! --
[mars:blue] -- Note: you may get a warning about stack guards, please ignore it. --
[mars:blue] Loading linux library: /battlecode/java/bc/libbattlecode-java-linux.so
[mars:blue] Java HotSpot(TM) 64-Bit Server VM warning: You have loaded library /battlecode/java/bc/libbattlecode-java-linux.so which might have disabled stack guard. The VM will try to fix the stack guard now.
[mars:blue] It's highly recommended that you fix the library with 'execstack -c <libfile>', or link it with '-z noexecstack'.
[mars:blue] -- Engine loaded. --
[mars:blue] Player connecting to unix:///tmp/battlecode-socket
[earth:red] Successfully connected to the manager!
[earth:blue] Successfully connected to the manager!
[earth:blue] Running PlayerController...
[earth:blue] Earth Controller initiated
[earth:blue] Round #1
[mars:red] Successfully connected to the manager!
[mars:blue] Successfully connected to the manager!
[mars:blue] Running PlayerController...
[mars:blue] Mars Controller initiated
[earth:blue] Round #2
[earth:blue] Round #3
[earth:blue] Round #4
[earth:blue] Round #5
[earth:blue] Round #6
[earth:blue] Round #7
[earth:blue] Round #8
[earth:blue] Round #9
[earth:blue] Round #10
[earth:blue] Round #11
[earth:blue] Round #12
[earth:blue] Round #13
[earth:blue] Round #14
[earth:blue] Round #15
[earth:blue] Round #16
[earth:blue] Round #17
[earth:blue] Round #18
[earth:blue] Round #19
[earth:blue] Round #20
[earth:blue] Round #21
[earth:blue] Round #22
[earth:blue] Round #23
[earth:blue] Round #24
[earth:blue] Round #25
[earth:blue] Round #26
[earth:blue] Round #27
[earth:blue] Round #28
[earth:blue] Round #29
[earth:blue] Round #30
[earth:blue] Round #31
[earth:blue] Round #32
[earth:blue] Round #33
[earth:blue] Round #34
[earth:blue] Round #35
[earth:blue] Round #36
[earth:blue] Round #37
[earth:blue] Round #38
[earth:blue] Round #39
[earth:blue] Round #40
[earth:blue] Round #41
[earth:blue] Round #42
[earth:blue] Round #43
[earth:blue] Round #44
[earth:blue] Round #45
[earth:blue] Round #46
[earth:blue] Round #47
[earth:blue] Round #48
[earth:blue] Round #49
[earth:blue] Round #50
[earth:blue] Round #51
[earth:blue] Round #52
[earth:blue] Round #53
[earth:blue] Round #54
[earth:blue] Round #55
[earth:blue] Round #56
[earth:blue] Round #57
[earth:blue] Round #58
[earth:blue] Round #59
[earth:blue] Round #60
[earth:blue] Round #61
[earth:blue] Round #62
[earth:blue] Round #63
[earth:blue] Round #64
[earth:blue] Round #65
[earth:blue] Round #66
[earth:blue] Round #67
[earth:blue] Round #68
[earth:blue] Round #69
[earth:blue] Round #70
[earth:blue] Round #71
[earth:blue] Round #72
[earth:blue] Round #73
[earth:blue] Round #74
[earth:blue] Round #75
[earth:blue] Round #76
[earth:blue] Round #77
[earth:blue] Round #78
[earth:blue] Round #79
[earth:blue] Round #80
[earth:blue] Round #81
[earth:blue] Round #82
[earth:blue] Round #83
[earth:blue] Round #84
[earth:blue] Round #85
[earth:blue] Round #86
[earth:blue] Round #87
[earth:blue] Round #88
[earth:blue] Round #89
[earth:blue] Round #90
[earth:blue] Round #91
[earth:blue] Round #92
[earth:blue] Round #93
[earth:blue] Round #94
[earth:blue] Round #95
[earth:blue] Round #96
[earth:blue] Round #97
[earth:blue] Round #98
[earth:blue] Round #99
[earth:blue] Round #100
[earth:blue] Round #101
[earth:blue] Round #102
[earth:blue] Round #103
[earth:blue] Round #104
[earth:blue] Round #105
[earth:blue] Round #106
[earth:blue] Round #107
[earth:blue] Round #108
[earth:blue] Round #109
[earth:blue] Round #110
[earth:blue] Round #111
[earth:blue] Round #112
[earth:blue] Round #113
[earth:blue] Round #114
[earth:blue] Round #115
[earth:blue] Round #116
[earth:blue] Round #117
[earth:blue] Round #118
[earth:blue] Round #119
[earth:blue] Round #120
[earth:blue] Round #121
[earth:blue] Round #122
[earth:blue] Round #123
[earth:blue] Round #124
[earth:blue] Round #125
[earth:blue] Round #126
[earth:blue] Round #127
[earth:blue] Round #128
[earth:blue] Round #129
[earth:blue] Round #130
[earth:blue] Round #131
[earth:blue] Round #132
[earth:blue] Round #133
[earth:blue] Round #134
[earth:blue] Round #135
[earth:blue] Round #136
[earth:blue] Round #137
[earth:blue] Round #138
[earth:blue] Round #139
[earth:blue] Round #140
[earth:blue] Round #141
[earth:blue] Round #142
[earth:blue] Round #143
[earth:blue] Round #144
[earth:blue] Round #145
[earth:blue] Round #146
[earth:blue] Round #147
[earth:blue] Round #148
[earth:blue] Round #149
[earth:blue] Round #150
[earth:blue] Round #151
[earth:blue] Round #152
[earth:blue] Round #153
[earth:blue] Round #154
[earth:blue] Round #155
[earth:blue] Round #156
[earth:blue] Round #157
[earth:blue] Round #158
[earth:blue] Round #159
[earth:blue] Round #160
[earth:blue] Round #161
[earth:blue] Round #162
[earth:blue] Round #163
[earth:blue] Round #164
[earth:blue] Round #165
[earth:blue] Round #166
[earth:blue] Round #167
[earth:blue] Round #168
[earth:blue] Round #169
[earth:blue] Round #170
[earth:blue] Round #171
[earth:blue] Round #172
[earth:blue] Round #173
[earth:blue] Round #174
[earth:blue] Round #175
[earth:blue] Round #176
[earth:blue] Round #177
[earth:blue] Round #178
[earth:blue] Round #179
[earth:blue] Round #180
[earth:blue] Round #181
[earth:blue] Round #182
[earth:blue] Round #183
[earth:blue] Round #184
[earth:blue] Round #185
[earth:blue] Round #186
[earth:blue] Round #187
[earth:blue] Round #188
[earth:blue] Round #189
[earth:blue] Round #190
[earth:blue] Round #191
[earth:blue] Round #192
[earth:blue] Round #193
[earth:blue] Round #194
[earth:blue] Round #195
[earth:blue] Round #196
[earth:blue] Round #197
[earth:blue] Round #198
[earth:blue] Round #199
[earth:blue] Round #200
[earth:blue] Round #201
[earth:blue] Round #202
[earth:blue] Round #203
[earth:blue] Round #204
[earth:blue] Round #205
[earth:blue] Round #206
[earth:blue] Round #207
[earth:blue] Round #208
[earth:blue] Round #209
[earth:blue] Round #210
[earth:blue] Round #211
[earth:blue] Round #212
[earth:blue] Round #213
[earth:blue] Round #214
[earth:blue] Round #215
[earth:blue] Round #216
[earth:blue] Round #217
[earth:blue] Round #218
[earth:blue] Round #219
[earth:blue] Round #220
[earth:blue] Round #221
[earth:blue] Round #222
[earth:blue] Round #223
[earth:blue] Round #224
[earth:blue] Round #225
[earth:blue] Round #226
[earth:blue] Round #227
[earth:blue] Round #228
[earth:blue] Round #229
[earth:blue] Round #230
[earth:blue] Round #231
[earth:blue] Round #232
[earth:blue] Round #233
[earth:blue] Round #234
[earth:blue] Round #235
[earth:blue] Round #236
[earth:blue] Round #237
[earth:blue] Round #238
[earth:blue] Round #239
[earth:blue] Round #240
[earth:blue] Round #241
[earth:blue] Round #242
[earth:blue] Round #243
[earth:blue] Round #244
[earth:blue] Round #245
[earth:blue] Round #246
[earth:blue] Round #247
[earth:blue] Round #248
[earth:blue] Round #249
[earth:blue] Round #250
[earth:blue] Round #251
[earth:blue] Round #252
[earth:blue] Round #253
[earth:blue] Round #254
[earth:blue] Round #255
[earth:blue] Round #256
[earth:blue] Round #257
[earth:blue] Round #258
[earth:blue] Round #259
[earth:blue] Round #260
[earth:blue] Round #261
[earth:blue] Round #262
[earth:blue] Round #263
[earth:blue] Round #264
[earth:blue] Round #265
[earth:blue] Round #266
[earth:blue] Round #267
[earth:blue] Round #268
[earth:blue] Round #269
[earth:blue] Round #270
[earth:blue] Round #271
[earth:blue] Round #272
[earth:blue] Round #273
[earth:blue] Round #274
[earth:blue] Round #275
[earth:blue] Round #276
[earth:blue] Round #277
[earth:blue] Round #278
[earth:blue] Round #279
[earth:blue] Round #280
[earth:blue] Round #281
[earth:blue] Round #282
[earth:blue] Round #283
[earth:blue] Round #284
[earth:blue] Round #285
[earth:blue] Round #286
[earth:blue] Round #287
[earth:blue] Round #288
[earth:blue] Round #289
[earth:blue] Round #290
[earth:blue] Round #291
[earth:blue] Round #292
[earth:blue] Round #293
[earth:blue] Round #294
[earth:blue] Round #295
[earth:blue] Round #296
[earth:blue] Round #297
[earth:blue] Round #298
[earth:blue] Round #299
[earth:blue] Round #300
[earth:blue] Round #301
[earth:blue] Round #302
[earth:blue] Round #303
[earth:blue] Round #304
[earth:blue] Round #305
[earth:blue] Round #306
[earth:blue] Round #307
[earth:blue] Round #308
[earth:blue] Round #309
[earth:blue] Round #310
[earth:blue] Round #311
[earth:blue] Round #312
[earth:blue] Round #313
[earth:blue] Round #314
[earth:blue] Round #315
[earth:blue] Round #316
[earth:blue] Round #317
[earth:blue] Round #318
[earth:blue] Round #319
[earth:blue] Round #320
[earth:blue] Round #321
[earth:blue] Round #322
[earth:blue] Round #323
[earth:blue] Round #324
[earth:blue] Round #325
[earth:blue] Round #326
[earth:blue] Round #327
[earth:blue] Round #328
[earth:blue] Round #329
[earth:blue] Round #330
[earth:blue] Round #331
[earth:blue] Round #332
[earth:blue] Round #333
[earth:blue] Round #334
[earth:blue] Round #335
[earth:blue] Round #336
[earth:blue] Round #337
[earth:blue] Round #338
[earth:blue] Round #339
[earth:blue] Round #340
[earth:blue] Round #341
[earth:blue] Round #342
[earth:blue] Round #343
[earth:blue] Round #344
[earth:blue] Round #345
[earth:blue] Round #346
[earth:blue] Round #347
[earth:blue] Round #348
[earth:blue] Round #349
[earth:blue] Round #350
[earth:blue] Round #351
[earth:blue] Round #352
[earth:blue] Round #353
[earth:blue] Round #354
[earth:blue] Round #355
[earth:blue] Round #356
[earth:blue] Round #357
[earth:blue] Round #358
[earth:blue] Round #359
[earth:blue] Round #360
[earth:blue] Round #361
[earth:blue] Round #362
[earth:blue] Round #363
[earth:blue] Round #364
[earth:blue] Round #365
[earth:blue] Round #366
[earth:blue] Round #367
[earth:blue] Round #368
[earth:blue] Round #369
[earth:blue] Round #370
[earth:blue] Round #371
[earth:blue] Round #372
[earth:blue] Round #373
[earth:blue] Round #374
[earth:blue] Round #375
[earth:blue] Round #376
[earth:blue] Round #377
[earth:blue] Round #378
[earth:blue] Round #379
[earth:blue] Round #380
[earth:blue] Round #381
[earth:blue] Round #382
[earth:blue] Round #383
[earth:blue] Round #384
[earth:blue] Round #385
[earth:blue] Round #386
[earth:blue] Round #387
[earth:blue] Round #388
[earth:blue] Round #389
[earth:blue] Round #390
[earth:blue] Round #391
[earth:blue] Round #392
[earth:blue] Round #393
[earth:blue] Round #394
[earth:blue] Round #395
[earth:blue] Round #396
[earth:blue] Round #397
[earth:blue] Round #398
[earth:blue] Round #399
[earth:blue] Round #400
[earth:blue] Round #401
[earth:blue] Round #402
[earth:blue] Round #403
[earth:blue] Round #404
[earth:blue] Round #405
[earth:blue] Round #406
[earth:blue] Round #407
[earth:blue] Round #408
[earth:blue] Round #409
[earth:blue] Round #410
[earth:blue] Round #411
[earth:blue] Round #412
[earth:blue] Round #413
[earth:blue] Round #414
[earth:blue] Round #415
[earth:blue] Round #416
[earth:blue] Round #417
[earth:blue] Round #418
[earth:blue] Round #419
[earth:blue] Round #420
[earth:blue] Round #421
[earth:blue] Round #422
[earth:blue] Round #423
[earth:blue] Round #424
[earth:blue] Round #425
[earth:blue] Round #426
[earth:blue] Round #427
[earth:blue] Round #428
[earth:blue] Round #429
[earth:blue] Round #430
[earth:blue] Round #431
[earth:blue] Round #432
[earth:blue] Round #433
[earth:blue] Round #434
[earth:blue] Round #435
[earth:blue] Round #436
[earth:blue] Round #437
[earth:blue] Round #438
[earth:blue] Round #439
[earth:blue] Round #440
[earth:blue] Round #441
[earth:blue] Round #442
[earth:blue] Round #443
[earth:blue] Round #444
[earth:blue] Round #445
[earth:blue] Round #446
[earth:blue] Round #447
[earth:blue] Round #448
[earth:blue] Round #449
[earth:blue] Round #450
[earth:blue] Round #451
[earth:blue] Round #452
[earth:blue] Round #453
[earth:blue] Round #454
[earth:blue] Round #455
[earth:blue] Round #456
[earth:blue] Round #457
[earth:blue] Round #458
[earth:blue] Round #459
[earth:blue] Round #460
[earth:blue] Round #461
[earth:blue] Round #462
[earth:blue] Round #463
[earth:blue] Round #464
[earth:blue] Round #465
[earth:blue] Round #466
[earth:blue] Round #467
[earth:blue] Round #468
[earth:blue] Round #469
[earth:blue] Round #470
[earth:blue] Round #471
[earth:blue] Round #472
[earth:blue] Round #473
[earth:blue] Round #474
[earth:blue] Round #475
[earth:blue] Round #476
[earth:blue] Round #477
[earth:blue] Round #478
[earth:blue] Round #479
[earth:blue] Round #480
[earth:blue] Round #481
[earth:blue] Round #482
[earth:blue] Round #483
[earth:blue] Round #484
[earth:blue] Round #485
[earth:blue] Round #486
[earth:blue] Round #487
[earth:blue] Round #488
[earth:blue] Round #489
[earth:blue] Round #490
[earth:blue] Round #491
[earth:blue] Round #492
[earth:blue] Round #493
[earth:blue] Round #494
[earth:blue] Round #495
[earth:blue] Round #496
[earth:blue] Round #497
[earth:blue] Round #498
[earth:blue] Round #499
[earth:blue] Round #500
[earth:blue] Round #501
[earth:blue] Round #502
[earth:blue] Round #503
[earth:blue] Round #504
[earth:blue] Round #505
[earth:blue] Round #506
[earth:blue] Round #507
[earth:blue] Round #508
[earth:blue] Round #509
[earth:blue] Round #510
[earth:blue] Round #511
[earth:blue] Round #512
[earth:blue] Round #513
[earth:blue] Round #514
[earth:blue] Round #515
[earth:blue] Round #516
[earth:blue] Round #517
[earth:blue] Round #518
[earth:blue] Round #519
[earth:blue] Round #520
[earth:blue] Round #521
[earth:blue] Round #522
[earth:blue] Round #523
[earth:blue] Round #524
[earth:blue] Round #525
[earth:blue] Round #526
[earth:blue] Round #527
[earth:blue] Round #528
[earth:blue] Round #529
[earth:blue] Round #530
[earth:blue] Round #531
[earth:blue] Round #532
[earth:blue] Round #533
[earth:blue] Round #534
[earth:blue] Round #535
[earth:blue] Round #536
[earth:blue] Round #537
[earth:blue] Round #538
[earth:blue] Round #539
[earth:blue] Round #540
[earth:blue] Round #541
[earth:blue] Round #542
[earth:blue] Round #543
[earth:blue] Round #544
[earth:blue] Round #545
[earth:blue] Round #546
[earth:blue] Round #547
[earth:blue] Round #548
[earth:blue] Round #549
[earth:blue] Round #550
[earth:blue] Round #551
[earth:blue] Round #552
[earth:blue] Round #553
[earth:blue] Round #554
[earth:blue] Round #555
[earth:blue] Round #556
[earth:blue] Round #557
[earth:blue] Round #558
[earth:blue] Round #559
[earth:blue] Round #560
[earth:blue] Round #561
[earth:blue] Round #562
[earth:blue] Round #563
[earth:blue] Round #564
[earth:blue] Round #565
[earth:blue] Round #566
[earth:blue] Round #567
[earth:blue] Round #568
[earth:blue] Round #569
[earth:blue] Round #570
[earth:blue] Round #571
[earth:blue] Round #572
[earth:blue] Round #573
[earth:blue] Round #574
[earth:blue] Round #575
[earth:blue] Round #576
[earth:blue] Round #577
[earth:blue] Round #578
[earth:blue] Round #579
[earth:blue] Round #580
[earth:blue] Round #581
[earth:blue] Round #582
[earth:blue] Round #583
[earth:blue] Round #584
[earth:blue] Round #585
[earth:blue] Round #586
[earth:blue] Round #587
[earth:blue] Round #588
[earth:blue] Round #589
[earth:blue] Round #590
[earth:blue] Round #591
[earth:blue] Round #592
[earth:blue] Round #593
[earth:blue] Round #594
[earth:blue] Round #595
[earth:blue] Round #596
[earth:blue] Round #597
[earth:blue] Round #598
[earth:blue] Round #599
[earth:blue] Round #600
[earth:blue] Round #601
[earth:blue] Round #602
[earth:blue] Round #603
[earth:blue] Round #604
[earth:blue] Round #605
[earth:blue] Round #606
[earth:blue] Round #607
[earth:blue] Round #608
[earth:blue] Round #609
[earth:blue] Round #610
[earth:blue] Round #611
[earth:blue] Round #612
[earth:blue] Round #613
[earth:blue] Round #614
[earth:blue] Round #615
[earth:blue] Round #616
[earth:blue] Round #617
[earth:blue] Round #618
[earth:blue] Round #619
[earth:blue] Round #620
[earth:blue] Round #621
[earth:blue] Round #622
[earth:blue] Round #623
[earth:blue] Round #624
[earth:blue] Round #625
[earth:blue] Round #626
[earth:blue] Round #627
[earth:blue] Round #628
[earth:blue] Round #629
[earth:blue] Round #630
[earth:blue] Round #631
[earth:blue] Round #632
[earth:blue] Round #633
[earth:blue] Round #634
[earth:blue] Round #635
[earth:blue] Round #636
[earth:blue] Round #637
[earth:blue] Round #638
[earth:blue] Round #639
[earth:blue] Round #640
[earth:blue] Round #641
[earth:blue] Round #642
[earth:blue] Round #643
[earth:blue] Round #644
[earth:blue] Round #645
[earth:blue] Round #646
[earth:blue] Round #647
[earth:blue] Round #648
[earth:blue] Round #649
[earth:blue] Round #650
[earth:blue] Round #651
[earth:blue] Round #652
[earth:blue] Round #653
[earth:blue] Round #654
[earth:blue] Round #655
[earth:blue] Round #656
[earth:blue] Round #657
[earth:blue] Round #658
[earth:blue] Round #659
[earth:blue] Round #660
[earth:blue] Round #661
[earth:blue] Round #662
[earth:blue] Round #663
[earth:blue] Round #664
[earth:blue] Round #665
[earth:blue] Round #666
[earth:blue] Round #667
[earth:blue] Round #668
[earth:blue] Round #669
[earth:blue] Round #670
[earth:blue] Round #671
[earth:blue] Round #672
[earth:blue] Round #673
[earth:blue] Round #674
[earth:blue] Round #675
[earth:blue] Round #676
[earth:blue] Round #677
[earth:blue] Round #678
[earth:blue] Round #679
[earth:blue] Round #680
[earth:blue] Round #681
[earth:blue] Round #682
[earth:blue] Round #683
[earth:blue] Round #684
[earth:blue] Round #685
[earth:blue] Round #686
[earth:blue] Round #687
[earth:blue] Round #688
[earth:blue] Round #689
[earth:blue] Round #690
[earth:blue] Round #691
[earth:blue] Round #692
[earth:blue] Round #693
[earth:blue] Round #694
[earth:blue] Round #695
[earth:blue] Round #696
[earth:blue] Round #697
[earth:blue] Round #698
[earth:blue] Round #699
[earth:blue] Round #700
[earth:blue] Round #701
[earth:blue] Round #702
[earth:blue] Round #703
[earth:blue] Round #704
[earth:blue] Round #705
[earth:blue] Round #706
[earth:blue] Round #707
[earth:blue] Round #708
[earth:blue] Round #709
[earth:blue] Round #710
[earth:blue] Round #711
[earth:blue] Round #712
[earth:blue] Round #713
[earth:blue] Round #714
[earth:blue] Round #715
[earth:blue] Round #716
[earth:blue] Round #717
[earth:blue] Round #718
[earth:blue] Round #719
[earth:blue] Round #720
[earth:blue] Round #721
[earth:blue] Round #722
[earth:blue] Round #723
[earth:blue] Round #724
[earth:blue] Round #725
[earth:blue] Round #726
[earth:blue] Round #727
[earth:blue] Round #728
[earth:blue] Round #729
[earth:blue] Round #730
[earth:blue] Round #731
[earth:blue] Round #732
[earth:blue] Round #733
[earth:blue] Round #734
[earth:blue] Round #735
[earth:blue] Round #736
[earth:blue] Round #737
[earth:blue] Round #738
[earth:blue] Round #739
[earth:blue] Round #740
[earth:blue] Round #741
[earth:blue] Round #742
[earth:blue] Round #743
[earth:blue] Round #744
[earth:blue] Round #745
[earth:blue] Round #746
[earth:blue] Round #747
[earth:blue] Round #748
[earth:blue] Round #749
Saving replay to /player/replay.bc18
Ready to run next game.
Loading map /player/battlecode-maps/bananas.bc18t
Running game server on socket unix:///tmp/battlecode-0
Running game...
[earth:red] Note: Some input files use or override a deprecated API.
[earth:red] Note: Recompile with -Xlint:deprecation for details.
[mars:red] Note: Some input files use or override a deprecated API.
[mars:red] Note: Recompile with -Xlint:deprecation for details.
[earth:red] -- Starting battlecode java engine, vroom vroom! --
[earth:red] -- Note: you may get a warning about stack guards, please ignore it. --
[mars:red] -- Starting battlecode java engine, vroom vroom! --
[earth:red] Loading linux library: /battlecode/java/bc/libbattlecode-java-linux.so
[earth:red] Java HotSpot(TM) 64-Bit Server VM warning: You have loaded library /battlecode/java/bc/libbattlecode-java-linux.so which might have disabled stack guard. The VM will try to fix the stack guard now.
[earth:red] It's highly recommended that you fix the library with 'execstack -c <libfile>', or link it with '-z noexecstack'.
[earth:red] -- Engine loaded. --
[earth:red] Player connecting to unix:///tmp/battlecode-socket
[earth:blue] Note: Some input files use or override a deprecated API.
[mars:red] -- Note: you may get a warning about stack guards, please ignore it. --
[earth:blue] Note: Recompile with -Xlint:deprecation for details.
[mars:red] Loading linux library: /battlecode/java/bc/libbattlecode-java-linux.so
[mars:red] Java HotSpot(TM) 64-Bit Server VM warning: You have loaded library /battlecode/java/bc/libbattlecode-java-linux.so which might have disabled stack guard. The VM will try to fix the stack guard now.
[mars:red] It's highly recommended that you fix the library with 'execstack -c <libfile>', or link it with '-z noexecstack'.
[mars:red] -- Engine loaded. --
[mars:red] Player connecting to unix:///tmp/battlecode-socket
[mars:blue] Note: Some input files use or override a deprecated API.
[mars:blue] Note: Recompile with -Xlint:deprecation for details.
[earth:blue] Structure Base initiated
[earth:blue] -- Starting battlecode java engine, vroom vroom! --
[earth:blue] -- Note: you may get a warning about stack guards, please ignore it. --
[earth:blue] Loading linux library: /battlecode/java/bc/libbattlecode-java-linux.so
[earth:blue] Java HotSpot(TM) 64-Bit Server VM warning: You have loaded library /battlecode/java/bc/libbattlecode-java-linux.so which might have disabled stack guard. The VM will try to fix the stack guard now.
[earth:blue] It's highly recommended that you fix the library with 'execstack -c <libfile>', or link it with '-z noexecstack'.
[earth:blue] -- Engine loaded. --
[earth:blue] Player connecting to unix:///tmp/battlecode-socket
[mars:blue] Structure Base initiated
[mars:blue] -- Starting battlecode java engine, vroom vroom! --
[mars:blue] -- Note: you may get a warning about stack guards, please ignore it. --
[mars:blue] Loading linux library: /battlecode/java/bc/libbattlecode-java-linux.so
[mars:blue] Java HotSpot(TM) 64-Bit Server VM warning: You have loaded library /battlecode/java/bc/libbattlecode-java-linux.so which might have disabled stack guard. The VM will try to fix the stack guard now.
[mars:blue] It's highly recommended that you fix the library with 'execstack -c <libfile>', or link it with '-z noexecstack'.
[mars:blue] -- Engine loaded. --
[mars:blue] Player connecting to unix:///tmp/battlecode-socket
[earth:red] Successfully connected to the manager!
[earth:blue] Successfully connected to the manager!
[earth:blue] Running PlayerController...
[earth:blue] Earth Controller initiated
[earth:blue] Round #1
[mars:red] Successfully connected to the manager!
[mars:blue] Successfully connected to the manager!
[mars:blue] Running PlayerController...
[earth:blue] Round #2
[mars:blue] Mars Controller initiated
[earth:blue] Round #3
[earth:blue] Round #4
[earth:blue] Round #5
[earth:blue] Round #6
[earth:blue] Round #7
[earth:blue] Round #8
[earth:blue] Round #9
[earth:blue] Round #10
[earth:blue] Round #11
[earth:blue] Round #12
[earth:blue] Round #13
[earth:blue] Round #14
[earth:blue] Round #15
[earth:blue] Round #16
[earth:blue] Round #17
[earth:blue] Round #18
[earth:blue] Round #19
[earth:blue] Round #20
[earth:blue] Round #21
[earth:blue] Round #22
[earth:blue] Round #23
[earth:blue] Round #24
[earth:blue] Round #25
[earth:blue] Round #26
[earth:blue] Round #27
[earth:blue] Round #28
[earth:blue] Round #29
[earth:blue] Round #30
[earth:blue] Round #31
[earth:blue] Round #32
[earth:blue] Round #33
[earth:blue] Round #34
[earth:blue] Round #35
[earth:blue] Round #36
[earth:blue] Round #37
[earth:blue] Round #38
[earth:blue] Round #39
[earth:blue] Round #40
[earth:blue] Round #41
[earth:blue] Round #42
[earth:blue] Round #43
[earth:blue] Round #44
[earth:blue] Round #45
[earth:blue] Round #46
[earth:blue] Round #47
[earth:blue] Round #48
[earth:blue] Round #49
[earth:blue] Round #50
[earth:blue] Round #51
[earth:blue] Round #52
[earth:blue] Round #53
[earth:blue] Round #54
[earth:blue] Round #55
[earth:blue] Round #56
[earth:blue] Round #57
[earth:blue] Round #58
[earth:blue] Round #59
[earth:blue] Round #60
[earth:blue] Round #61
[earth:blue] Round #62
[earth:blue] Round #63
[earth:blue] Round #64
[earth:blue] Round #65
[earth:blue] Round #66
[earth:blue] Round #67
[earth:blue] Round #68
[earth:blue] Round #69
[earth:blue] Round #70
[earth:blue] Round #71
[earth:blue] Round #72
[earth:blue] Round #73
[earth:blue] Round #74
[earth:blue] Round #75
[earth:blue] Round #76
[earth:blue] Round #77
[earth:blue] Round #78
[earth:blue] Round #79
[earth:blue] Round #80
[earth:blue] Round #81
[earth:blue] Round #82
[earth:blue] Round #83
[earth:blue] Round #84
[earth:blue] Round #85
[earth:blue] Round #86
[earth:blue] Round #87
[earth:blue] Round #88
[earth:blue] Round #89
[earth:blue] Round #90
[earth:blue] Round #91
[earth:blue] Round #92
[earth:blue] Round #93
[earth:blue] Round #94
[earth:blue] Round #95
[earth:blue] Round #96
[earth:blue] Round #97
[earth:blue] Round #98
[earth:blue] Round #99
[earth:blue] Round #100
[earth:blue] Round #101
[earth:blue] Round #102
[earth:blue] Round #103
[earth:blue] Round #104
[earth:blue] Round #105
[earth:blue] Round #106
[earth:blue] Round #107
[earth:blue] Round #108
[earth:blue] Round #109
[earth:blue] Round #110
[earth:blue] Round #111
[earth:blue] Round #112
[earth:blue] Round #113
[earth:blue] Round #114
[earth:blue] Round #115
[earth:blue] Round #116
[earth:blue] Round #117
[earth:blue] Round #118
[earth:blue] Round #119
[earth:blue] Round #120
[earth:blue] Round #121
[earth:blue] Round #122
[earth:blue] Round #123
[earth:blue] Round #124
[earth:blue] Round #125
[earth:blue] Round #126
[earth:blue] Round #127
[earth:blue] Round #128
[earth:blue] Round #129
[earth:blue] Round #130
[earth:blue] Round #131
[earth:blue] Round #132
[earth:blue] Round #133
[earth:blue] Round #134
[earth:blue] Round #135
[earth:blue] Round #136
[earth:blue] Round #137
[earth:blue] Round #138
[earth:blue] Round #139
[earth:blue] Round #140
[earth:blue] Round #141
[earth:blue] Round #142
[earth:blue] Round #143
[earth:blue] Round #144
[earth:blue] Round #145
[earth:blue] Round #146
[earth:blue] Round #147
[earth:blue] Round #148
[earth:blue] Round #149
[earth:blue] Round #150
[earth:blue] Round #151
[earth:blue] Round #152
[earth:blue] Round #153
[earth:blue] Round #154
[earth:blue] Round #155
[earth:blue] Round #156
[earth:blue] Round #157
[earth:blue] Round #158
[earth:blue] Round #159
[earth:blue] Round #160
[earth:blue] Round #161
[earth:blue] Round #162
[earth:blue] Round #163
[earth:blue] Round #164
[earth:blue] Round #165
[earth:blue] Round #166
[earth:blue] Round #167
[earth:blue] Round #168
[earth:blue] Round #169
[earth:blue] Round #170
[earth:blue] Round #171
[earth:blue] Round #172
[earth:blue] Round #173
[earth:blue] Round #174
[earth:blue] Round #175
[earth:blue] Round #176
[earth:blue] Round #177
[earth:blue] Round #178
[earth:blue] Round #179
[earth:blue] Round #180
[earth:blue] Round #181
[earth:blue] Round #182
[earth:blue] Round #183
[earth:blue] Round #184
[earth:blue] Round #185
[earth:blue] Round #186
[earth:blue] Round #187
[earth:blue] Round #188
[earth:blue] Round #189
[earth:blue] Round #190
[earth:blue] Round #191
[earth:blue] Round #192
[earth:blue] Round #193
[earth:blue] Round #194
[earth:blue] Round #195
[earth:blue] Round #196
[earth:blue] Round #197
[earth:blue] Round #198
[earth:blue] Round #199
[earth:blue] Round #200
[earth:blue] Round #201
[earth:blue] Round #202
[earth:blue] Round #203
[earth:blue] Round #204
[earth:blue] Round #205
[earth:blue] Round #206
[earth:blue] Round #207
[earth:blue] Round #208
[earth:blue] Round #209
[earth:blue] Round #210
[earth:blue] Round #211
[earth:blue] Round #212
[earth:blue] Round #213
[earth:blue] Round #214
[earth:blue] Round #215
[earth:blue] Round #216
[earth:blue] Round #217
[earth:blue] Round #218
[earth:blue] Round #219
[earth:blue] Round #220
[earth:blue] Round #221
[earth:blue] Round #222
[earth:blue] Round #223
[earth:blue] Round #224
[earth:blue] Round #225
[earth:blue] Round #226
[earth:blue] Round #227
[earth:blue] Round #228
[earth:blue] Round #229
[earth:blue] Round #230
[earth:blue] Round #231
[earth:blue] Round #232
[earth:blue] Round #233
[earth:blue] Round #234
[earth:blue] Round #235
[earth:blue] Round #236
[earth:blue] Round #237
[earth:blue] Round #238
[earth:blue] Round #239
[earth:blue] Round #240
[earth:blue] Round #241
[earth:blue] Round #242
[earth:blue] Round #243
[earth:blue] Round #244
[earth:blue] Round #245
[earth:blue] Round #246
[earth:blue] Round #247
[earth:blue] Round #248
[earth:blue] Round #249
[earth:blue] Round #250
[earth:blue] Round #251
[earth:blue] Round #252
[earth:blue] Round #253
[earth:blue] Round #254
[earth:blue] Round #255
[earth:blue] Round #256
[earth:blue] Round #257
[earth:blue] Round #258
[earth:blue] Round #259
[earth:blue] Round #260
[earth:blue] Round #261
[earth:blue] Round #262
[earth:blue] Round #263
[earth:blue] Round #264
[earth:blue] Round #265
[earth:blue] Round #266
[earth:blue] Round #267
[earth:blue] Round #268
[earth:blue] Round #269
[earth:blue] Round #270
[earth:blue] Round #271
[earth:blue] Round #272
[earth:blue] Round #273
[earth:blue] Round #274
[earth:blue] Round #275
[earth:blue] Round #276
[earth:blue] Round #277
[earth:blue] Round #278
[earth:blue] Round #279
[earth:blue] Round #280
[earth:blue] Round #281
[earth:blue] Round #282
[earth:blue] Round #283
[earth:blue] Round #284
[earth:blue] Round #285
[earth:blue] Round #286
[earth:blue] Round #287
[earth:blue] Round #288
[earth:blue] Round #289
[earth:blue] Round #290
[earth:blue] Round #291
[earth:blue] Round #292
[earth:blue] Round #293
[earth:blue] Round #294
[earth:blue] Round #295
[earth:blue] Round #296
[earth:blue] Round #297
[earth:blue] Round #298
[earth:blue] Round #299
[earth:blue] Round #300
[earth:blue] Round #301
[earth:blue] Round #302
[earth:blue] Round #303
[earth:blue] Round #304
[earth:blue] Round #305
[earth:blue] Round #306
[earth:blue] Round #307
[earth:blue] Round #308
[earth:blue] Round #309
[earth:blue] Round #310
[earth:blue] Round #311
[earth:blue] Round #312
[earth:blue] Round #313
[earth:blue] Round #314
[earth:blue] Round #315
[earth:blue] Round #316
[earth:blue] Round #317
[earth:blue] Round #318
[earth:blue] Round #319
[earth:blue] Round #320
[earth:blue] Round #321
[earth:blue] Round #322
[earth:blue] Round #323
[earth:blue] Round #324
[earth:blue] Round #325
[earth:blue] Round #326
[earth:blue] Round #327
[earth:blue] Round #328
[earth:blue] Round #329
[earth:blue] Round #330
[earth:blue] Round #331
[earth:blue] Round #332
[earth:blue] Round #333
[earth:blue] Round #334
[earth:blue] Round #335
[earth:blue] Round #336
[earth:blue] Round #337
[earth:blue] Round #338
[earth:blue] Round #339
[earth:blue] Round #340
[earth:blue] Round #341
[earth:blue] Round #342
[earth:blue] Round #343
[earth:blue] Round #344
[earth:blue] Round #345
[earth:blue] Round #346
[earth:blue] Round #347
[earth:blue] Round #348
[earth:blue] Round #349
[earth:blue] Round #350
[earth:blue] Round #351
[earth:blue] Round #352
[earth:blue] Round #353
[earth:blue] Round #354
[earth:blue] Round #355
[earth:blue] Round #356
[earth:blue] Round #357
[earth:blue] Round #358
[earth:blue] Round #359
[earth:blue] Round #360
[earth:blue] Round #361
[earth:blue] Round #362
[earth:blue] Round #363
[earth:blue] Round #364
[earth:blue] Round #365
[earth:blue] Round #366
[earth:blue] Round #367
[earth:blue] Round #368
[earth:blue] Round #369
[earth:blue] Round #370
[earth:blue] Round #371
[earth:blue] Round #372
[earth:blue] Round #373
[earth:blue] Round #374
[earth:blue] Round #375
[earth:blue] Round #376
[earth:blue] Round #377
[earth:blue] Round #378
[earth:blue] Round #379
[earth:blue] Round #380
[earth:blue] Round #381
[earth:blue] Round #382
[earth:blue] Round #383
[earth:blue] Round #384
[earth:blue] Round #385
[earth:blue] Round #386
[earth:blue] Round #387
[earth:blue] Round #388
[earth:blue] Round #389
[earth:blue] Round #390
[earth:blue] Round #391
[earth:blue] Round #392
[earth:blue] Round #393
[earth:blue] Round #394
[earth:blue] Round #395
[earth:blue] Round #396
[earth:blue] Round #397
[earth:blue] Round #398
[earth:blue] Round #399
[earth:blue] Round #400
[earth:blue] Round #401
[earth:blue] Round #402
[earth:blue] Round #403
[earth:blue] Round #404
[earth:blue] Round #405
[earth:blue] Round #406
[earth:blue] Round #407
[earth:blue] Round #408
[earth:blue] Round #409
[earth:blue] Round #410
[earth:blue] Round #411
[earth:blue] Round #412
[earth:blue] Round #413
[earth:blue] Round #414
[earth:blue] Round #415
[earth:blue] Round #416
[earth:blue] Round #417
[earth:blue] Round #418
[earth:blue] Round #419
[earth:blue] Round #420
[earth:blue] Round #421
[earth:blue] Round #422
[earth:blue] Round #423
[earth:blue] Round #424
[earth:blue] Round #425
[earth:blue] Round #426
[earth:blue] Round #427
[earth:blue] Round #428
[earth:blue] Round #429
[earth:blue] Round #430
[earth:blue] Round #431
[earth:blue] Round #432
[earth:blue] Round #433
[earth:blue] Round #434
[earth:blue] Round #435
[earth:blue] Round #436
[earth:blue] Round #437
[earth:blue] Round #438
[earth:blue] Round #439
[earth:blue] Round #440
[earth:blue] Round #441
[earth:blue] Round #442
[earth:blue] Round #443
[earth:blue] Round #444
[earth:blue] Round #445
[earth:blue] Round #446
[earth:blue] Round #447
[earth:blue] Round #448
[earth:blue] Round #449
[earth:blue] Round #450
[earth:blue] Round #451
[earth:blue] Round #452
[earth:blue] Round #453
[earth:blue] Round #454
[earth:blue] Round #455
[earth:blue] Round #456
[earth:blue] Round #457
[earth:blue] Round #458
[earth:blue] Round #459
[earth:blue] Round #460
[earth:blue] Round #461
[earth:blue] Round #462
[earth:blue] Round #463
[earth:blue] Round #464
[earth:blue] Round #465
[earth:blue] Round #466
[earth:blue] Round #467
[earth:blue] Round #468
[earth:blue] Round #469
[earth:blue] Round #470
[earth:blue] Round #471
[earth:blue] Round #472
[earth:blue] Round #473
[earth:blue] Round #474
[earth:blue] Round #475
[earth:blue] Round #476
[earth:blue] Round #477
[earth:blue] Round #478
[earth:blue] Round #479
[earth:blue] Round #480
[earth:blue] Round #481
[earth:blue] Round #482
[earth:blue] Round #483
[earth:blue] Round #484
[earth:blue] Round #485
[earth:blue] Round #486
[earth:blue] Round #487
[earth:blue] Round #488
[earth:blue] Round #489
[earth:blue] Round #490
[earth:blue] Round #491
[earth:blue] Round #492
[earth:blue] Round #493
[earth:blue] Round #494
[earth:blue] Round #495
[earth:blue] Round #496
[earth:blue] Round #497
[earth:blue] Round #498
[earth:blue] Round #499
[earth:blue] Round #500
[earth:blue] Round #501
[earth:blue] Round #502
[earth:blue] Round #503
[earth:blue] Round #504
[earth:blue] Round #505
[earth:blue] Round #506
[earth:blue] Round #507
[earth:blue] Round #508
[earth:blue] Round #509
[earth:blue] Round #510
[earth:blue] Round #511
[earth:blue] Round #512
[earth:blue] Round #513
[earth:blue] Round #514
[earth:blue] Round #515
[earth:blue] Round #516
[earth:blue] Round #517
[earth:blue] Round #518
[earth:blue] Round #519
[earth:blue] Round #520
[earth:blue] Round #521
[earth:blue] Round #522
[earth:blue] Round #523
[earth:blue] Round #524
[earth:blue] Round #525
[earth:blue] Round #526
[earth:blue] Round #527
[earth:blue] Round #528
[earth:blue] Round #529
[earth:blue] Round #530
[earth:blue] Round #531
[earth:blue] Round #532
[earth:blue] Round #533
[earth:blue] Round #534
[earth:blue] Round #535
[earth:blue] Round #536
[earth:blue] Round #537
[earth:blue] Round #538
[earth:blue] Round #539
[earth:blue] Round #540
[earth:blue] Round #541
[earth:blue] Round #542
[earth:blue] Round #543
[earth:blue] Round #544
[earth:blue] Round #545
[earth:blue] Round #546
[earth:blue] Round #547
[earth:blue] Round #548
[earth:blue] Round #549
[earth:blue] Round #550
[earth:blue] Round #551
[earth:blue] Round #552
[earth:blue] Round #553
[earth:blue] Round #554
[earth:blue] Round #555
[earth:blue] Round #556
[earth:blue] Round #557
[earth:blue] Round #558
[earth:blue] Round #559
[earth:blue] Round #560
[earth:blue] Round #561
[earth:blue] Round #562
[earth:blue] Round #563
[earth:blue] Round #564
[earth:blue] Round #565
[earth:blue] Round #566
[earth:blue] Round #567
[earth:blue] Round #568
[earth:blue] Round #569
[earth:blue] Round #570
[earth:blue] Round #571
[earth:blue] Round #572
[earth:blue] Round #573
[earth:blue] Round #574
[earth:blue] Round #575
[earth:blue] Round #576
[earth:blue] Round #577
[earth:blue] Round #578
[earth:blue] Round #579
[earth:blue] Round #580
[earth:blue] Round #581
[earth:blue] Round #582
[earth:blue] Round #583
[earth:blue] Round #584
[earth:blue] Round #585
[earth:blue] Round #586
[earth:blue] Round #587
[earth:blue] Round #588
[earth:blue] Round #589
[earth:blue] Round #590
[earth:blue] Round #591
[earth:blue] Round #592
[earth:blue] Round #593
[earth:blue] Round #594
[earth:blue] Round #595
[earth:blue] Round #596
[earth:blue] Round #597
[earth:blue] Round #598
[earth:blue] Round #599
[earth:blue] Round #600
[earth:blue] Round #601
[earth:blue] Round #602
[earth:blue] Round #603
[earth:blue] Round #604
[earth:blue] Round #605
[earth:blue] Round #606
[earth:blue] Round #607
[earth:blue] Round #608
[earth:blue] Round #609
[earth:blue] Round #610
[earth:blue] Round #611
[earth:blue] Round #612
[earth:blue] Round #613
[earth:blue] Round #614
[earth:blue] Round #615
[earth:blue] Round #616
[earth:blue] Round #617
[earth:blue] Round #618
[earth:blue] Round #619
[earth:blue] Round #620
[earth:blue] Round #621
[earth:blue] Round #622
[earth:blue] Round #623
[earth:blue] Round #624
[earth:blue] Round #625
[earth:blue] Round #626
[earth:blue] Round #627
[earth:blue] Round #628
[earth:blue] Round #629
[earth:blue] Round #630
[earth:blue] Round #631
[earth:blue] Round #632
[earth:blue] Round #633
[earth:blue] Round #634
[earth:blue] Round #635
[earth:blue] Round #636
[earth:blue] Round #637
[earth:blue] Round #638
[earth:blue] Round #639
[earth:blue] Round #640
[earth:blue] Round #641
[earth:blue] Round #642
[earth:blue] Round #643
[earth:blue] Round #644
[earth:blue] Round #645
[earth:blue] Round #646
[earth:blue] Round #647
[earth:blue] Round #648
[earth:blue] Round #649
[earth:blue] Round #650
[earth:blue] Round #651
[earth:blue] Round #652
[earth:blue] Round #653
[earth:blue] Round #654
[earth:blue] Round #655
[earth:blue] Round #656
[earth:blue] Round #657
[earth:blue] Round #658
[earth:blue] Round #659
[earth:blue] Round #660
[earth:blue] Round #661
[earth:blue] Round #662
[earth:blue] Round #663
[earth:blue] Round #664
[earth:blue] Round #665
[earth:blue] Round #666
[earth:blue] Round #667
[earth:blue] Round #668
[earth:blue] Round #669
[earth:blue] Round #670
[earth:blue] Round #671
[earth:blue] Round #672
[earth:blue] Round #673
[earth:blue] Round #674
[earth:blue] Round #675
[earth:blue] Round #676
[earth:blue] Round #677
[earth:blue] Round #678
[earth:blue] Round #679
[earth:blue] Round #680
[earth:blue] Round #681
[earth:blue] Round #682
[earth:blue] Round #683
[earth:blue] Round #684
[earth:blue] Round #685
[earth:blue] Round #686
[earth:blue] Round #687
[earth:blue] Round #688
[earth:blue] Round #689
[earth:blue] Round #690
[earth:blue] Round #691
[earth:blue] Round #692
[earth:blue] Round #693
[earth:blue] Round #694
[earth:blue] Round #695
[earth:blue] Round #696
[earth:blue] Round #697
[earth:blue] Round #698
[earth:blue] Round #699
[earth:blue] Round #700
[earth:blue] Round #701
[earth:blue] Round #702
[earth:blue] Round #703
[earth:blue] Round #704
[earth:blue] Round #705
[earth:blue] Round #706
[earth:blue] Round #707
[earth:blue] Round #708
[earth:blue] Round #709
[earth:blue] Round #710
[earth:blue] Round #711
[earth:blue] Round #712
[earth:blue] Round #713
[earth:blue] Round #714
[earth:blue] Round #715
[earth:blue] Round #716
[earth:blue] Round #717
[earth:blue] Round #718
[earth:blue] Round #719
[earth:blue] Round #720
[earth:blue] Round #721
[earth:blue] Round #722
[earth:blue] Round #723
[earth:blue] Round #724
[earth:blue] Round #725
[earth:blue] Round #726
[earth:blue] Round #727
[earth:blue] Round #728
[earth:blue] Round #729
[earth:blue] Round #730
[earth:blue] Round #731
[earth:blue] Round #732
[earth:blue] Round #733
[earth:blue] Round #734
[earth:blue] Round #735
[earth:blue] Round #736
[earth:blue] Round #737
[earth:blue] Round #738
[earth:blue] Round #739
[earth:blue] Round #740
[earth:blue] Round #741
[earth:blue] Round #742
[earth:blue] Round #743
[earth:blue] Round #744
[earth:blue] Round #745
[earth:blue] Round #746
[earth:blue] Round #747
[earth:blue] Round #748
[earth:blue] Round #749
Saving replay to /player/replay.bc18
Ready to run next game.
Loading map /player/battlecode-maps/socket.bc18map
Running game server on socket unix:///tmp/battlecode-0
Running game...
[earth:red] Note: Some input files use or override a deprecated API.
[earth:red] Note: Recompile with -Xlint:deprecation for details.
[earth:red] -- Starting battlecode java engine, vroom vroom! --
[mars:red] Note: Some input files use or override a deprecated API.
[mars:red] Note: Recompile with -Xlint:deprecation for details.
[earth:red] -- Note: you may get a warning about stack guards, please ignore it. --
[earth:red] Loading linux library: /battlecode/java/bc/libbattlecode-java-linux.so
[earth:red] Java HotSpot(TM) 64-Bit Server VM warning: You have loaded library /battlecode/java/bc/libbattlecode-java-linux.so which might have disabled stack guard. The VM will try to fix the stack guard now.
[earth:red] -- Engine loaded. --
[earth:red] It's highly recommended that you fix the library with 'execstack -c <libfile>', or link it with '-z noexecstack'.
[earth:red] Player connecting to unix:///tmp/battlecode-socket
[mars:red] -- Starting battlecode java engine, vroom vroom! --
[mars:red] -- Note: you may get a warning about stack guards, please ignore it. --
[earth:blue] Note: Some input files use or override a deprecated API.
[earth:blue] Note: Recompile with -Xlint:deprecation for details.
[mars:red] Loading linux library: /battlecode/java/bc/libbattlecode-java-linux.so
[mars:red] Java HotSpot(TM) 64-Bit Server VM warning: You have loaded library /battlecode/java/bc/libbattlecode-java-linux.so which might have disabled stack guard. The VM will try to fix the stack guard now.
[mars:red] It's highly recommended that you fix the library with 'execstack -c <libfile>', or link it with '-z noexecstack'.
[mars:red] -- Engine loaded. --
[mars:red] Player connecting to unix:///tmp/battlecode-socket
[mars:blue] Note: Some input files use or override a deprecated API.
[mars:blue] Note: Recompile with -Xlint:deprecation for details.
[earth:blue] Structure Base initiated
[earth:blue] -- Starting battlecode java engine, vroom vroom! --
[earth:blue] -- Note: you may get a warning about stack guards, please ignore it. --
[mars:blue] Structure Base initiated
[mars:blue] -- Starting battlecode java engine, vroom vroom! --
[earth:blue] Loading linux library: /battlecode/java/bc/libbattlecode-java-linux.so
[earth:blue] Java HotSpot(TM) 64-Bit Server VM warning: You have loaded library /battlecode/java/bc/libbattlecode-java-linux.so which might have disabled stack guard. The VM will try to fix the stack guard now.
[earth:blue] It's highly recommended that you fix the library with 'execstack -c <libfile>', or link it with '-z noexecstack'.
[earth:blue] -- Engine loaded. --
[earth:blue] Player connecting to unix:///tmp/battlecode-socket
[mars:blue] -- Note: you may get a warning about stack guards, please ignore it. --
[mars:blue] Loading linux library: /battlecode/java/bc/libbattlecode-java-linux.so
[mars:blue] Java HotSpot(TM) 64-Bit Server VM warning: You have loaded library /battlecode/java/bc/libbattlecode-java-linux.so which might have disabled stack guard. The VM will try to fix the stack guard now.
[mars:blue] It's highly recommended that you fix the library with 'execstack -c <libfile>', or link it with '-z noexecstack'.
[mars:blue] -- Engine loaded. --
[mars:blue] Player connecting to unix:///tmp/battlecode-socket
[earth:red] Successfully connected to the manager!
[earth:blue] Successfully connected to the manager!
[earth:blue] Running PlayerController...
[earth:blue] Earth Controller initiated
[earth:blue] Round #1
[mars:red] Successfully connected to the manager!
[mars:blue] Successfully connected to the manager!
[mars:blue] Running PlayerController...
[mars:blue] Mars Controller initiated
[earth:blue] Round #2
[earth:blue] Round #3
[earth:blue] Unit { id: 2, team: Blue, level: 0, unit_type: Worker, location: OnMap(MapLocation { planet: Earth, x: 5, y: 17 }), health: 100, max_health: 100, vision_range: 50, damage: 0, attack_range: 0, movement_heat: 0, attack_heat: 0, movement_cooldown: 20, attack_cooldown: 0, is_ability_unlocked: true, ability_heat: 0, ability_cooldown: 500, ability_range: 2, has_worker_acted: false, build_health: 5, repair_health: 10, harvest_amount: 3, defense: 5, cannot_attack_range: 10, countdown: 0, max_countdown: 5, target_location: None, self_heal_amount: 1, is_built: false, max_capacity: 8, garrison: [], factory_unit_type: None, factory_rounds_left: None, factory_max_rounds_left: 5, is_used: false, blast_damage: 50, travel_time_decrease: 0 }
[earth:blue] Round #4
[earth:blue] Unit { id: 2, team: Blue, level: 0, unit_type: Worker, location: OnMap(MapLocation { planet: Earth, x: 4, y: 16 }), health: 100, max_health: 100, vision_range: 50, damage: 0, attack_range: 0, movement_heat: 10, attack_heat: 0, movement_cooldown: 20, attack_cooldown: 0, is_ability_unlocked: true, ability_heat: 500, ability_cooldown: 500, ability_range: 2, has_worker_acted: true, build_health: 5, repair_health: 10, harvest_amount: 3, defense: 5, cannot_attack_range: 10, countdown: 0, max_countdown: 5, target_location: None, self_heal_amount: 1, is_built: false, max_capacity: 8, garrison: [], factory_unit_type: None, factory_rounds_left: None, factory_max_rounds_left: 5, is_used: false, blast_damage: 50, travel_time_decrease: 0 }
[earth:blue] Round #5
[earth:blue] Round #6
[earth:blue] Round #7
[earth:blue] Round #8
[earth:blue] Round #9
[earth:blue] Round #10
[earth:blue] Round #11
[earth:blue] Round #12
[earth:blue] Round #13
[earth:blue] Round #14
[earth:blue] Round #15
[earth:blue] Round #16
[earth:blue] Round #17
[earth:blue] Round #18
[earth:blue] Round #19
[earth:blue] Round #20
[earth:blue] Round #21
[earth:blue] Round #22
[earth:blue] Round #23
[earth:blue] Round #24
[earth:blue] Round #25
[earth:blue] Round #26
[earth:blue] Round #27
[earth:blue] Round #28
[earth:blue] Round #29
[earth:blue] Round #30
[earth:blue] Round #31
[earth:blue] Round #32
[earth:blue] Round #33
[earth:blue] Round #34
[earth:blue] Round #35
[earth:blue] Round #36
[earth:blue] Round #37
[earth:blue] Round #38
[earth:blue] Round #39
[earth:blue] Round #40
[earth:blue] Round #41
[earth:blue] Round #42
[earth:blue] Round #43
[earth:blue] Round #44
[earth:blue] Round #45
[earth:blue] Round #46
[earth:blue] Round #47
[earth:blue] Round #48
[earth:blue] Round #49
[earth:blue] Round #50
[earth:blue] Round #51
[earth:blue] Round #52
[earth:blue] Round #53
[earth:blue] Round #54
[earth:blue] Round #55
[earth:blue] Round #56
[earth:blue] Round #57
[earth:blue] Round #58
[earth:blue] Round #59
[earth:blue] Round #60
[earth:blue] Round #61
[earth:blue] Round #62
[earth:blue] Round #63
[earth:blue] Round #64
[earth:blue] Round #65
[earth:blue] Round #66
[earth:blue] Round #67
[earth:blue] Round #68
[earth:blue] Round #69
[earth:blue] Round #70
[earth:blue] Round #71
[earth:blue] Round #72
[earth:blue] Round #73
[earth:blue] Round #74
[earth:blue] Round #75
[earth:blue] Round #76
[earth:blue] Round #77
[earth:blue] Round #78
[earth:blue] Round #79
[earth:blue] Round #80
[earth:blue] Round #81
[earth:blue] Round #82
[earth:blue] Round #83
[earth:blue] Round #84
[earth:blue] Round #85
[earth:blue] Round #86
[earth:blue] Round #87
[earth:blue] Round #88
[earth:blue] Round #89
[earth:blue] Round #90
[earth:blue] Round #91
[earth:blue] Round #92
[earth:blue] Round #93
[earth:blue] Round #94
[earth:blue] Round #95
[earth:blue] Round #96
[earth:blue] Round #97
[earth:blue] Round #98
[earth:blue] Round #99
[earth:blue] Round #100
[earth:blue] Round #101
[earth:blue] Round #102
[earth:blue] Round #103
[earth:blue] Round #104
[earth:blue] Round #105
[earth:blue] Round #106
[earth:blue] Round #107
[earth:blue] Round #108
[earth:blue] Round #109
[earth:blue] Round #110
[earth:blue] Round #111
[earth:blue] Round #112
[earth:blue] Round #113
[earth:blue] Round #114
[earth:blue] Round #115
[earth:blue] Round #116
[earth:blue] Round #117
[earth:blue] Round #118
[earth:blue] Round #119
[earth:blue] Round #120
[earth:blue] Round #121
[earth:blue] Round #122
[earth:blue] Round #123
[earth:blue] Round #124
[earth:blue] Round #125
[earth:blue] Round #126
[earth:blue] Round #127
[earth:blue] Round #128
[earth:blue] Round #129
[earth:blue] Round #130
[earth:blue] Round #131
[earth:blue] Round #132
[earth:blue] Round #133
[earth:blue] Round #134
[earth:blue] Round #135
[earth:blue] Round #136
[earth:blue] Round #137
[earth:blue] Round #138
[earth:blue] Round #139
[earth:blue] Round #140
[earth:blue] Round #141
[earth:blue] Round #142
[earth:blue] Round #143
[earth:blue] Round #144
[earth:blue] Round #145
[earth:blue] Round #146
[earth:blue] Round #147
[earth:blue] Round #148
[earth:blue] Round #149
[earth:blue] Round #150
[earth:blue] Round #151
[earth:blue] Round #152
[earth:blue] Round #153
[earth:blue] Round #154
[earth:blue] Round #155
[earth:blue] Round #156
[earth:blue] Round #157
[earth:blue] Round #158
[earth:blue] Round #159
[earth:blue] Round #160
[earth:blue] Round #161
[earth:blue] Round #162
[earth:blue] Round #163
[earth:blue] Round #164
[earth:blue] Round #165
[earth:blue] Round #166
[earth:blue] Round #167
[earth:blue] Round #168
[earth:blue] Round #169
[earth:blue] Round #170
[earth:blue] Round #171
[earth:blue] Round #172
[earth:blue] Round #173
[earth:blue] Round #174
[earth:blue] Round #175
[earth:blue] Round #176
[earth:blue] Round #177
[earth:blue] Round #178
[earth:blue] Round #179
[earth:blue] Round #180
[earth:blue] Round #181
[earth:blue] Round #182
[earth:blue] Round #183
[earth:blue] Round #184
[earth:blue] Round #185
[earth:blue] Round #186
[earth:blue] Round #187
[earth:blue] Round #188
[earth:blue] Round #189
[earth:blue] Round #190
[earth:blue] Round #191
[earth:blue] Round #192
[earth:blue] Round #193
[earth:blue] Round #194
[earth:blue] Round #195
[earth:blue] Round #196
[earth:blue] Round #197
[earth:blue] Round #198
[earth:blue] Round #199
[earth:blue] Round #200
[earth:blue] Round #201
[earth:blue] Round #202
[earth:blue] Round #203
[earth:blue] Round #204
[earth:blue] Round #205
[earth:blue] Round #206
[earth:blue] Round #207
[earth:blue] Round #208
[earth:blue] Round #209
[earth:blue] Round #210
[earth:blue] Round #211
[earth:blue] Round #212
[earth:blue] Round #213
[earth:blue] Round #214
[earth:blue] Round #215
[earth:blue] Round #216
[earth:blue] Round #217
[earth:blue] Round #218
[earth:blue] Round #219
[earth:blue] Round #220
[earth:blue] Round #221
[earth:blue] Round #222
[earth:blue] Round #223
[earth:blue] Round #224
[earth:blue] Round #225
[earth:blue] Round #226
[earth:blue] Round #227
[earth:blue] Round #228
[earth:blue] Round #229
[earth:blue] Round #230
[earth:blue] Round #231
[earth:blue] Round #232
[earth:blue] Round #233
[earth:blue] Round #234
[earth:blue] Round #235
[earth:blue] Round #236
[earth:blue] Round #237
[earth:blue] Round #238
[earth:blue] Round #239
[earth:blue] Round #240
[earth:blue] Round #241
[earth:blue] Round #242
[earth:blue] Round #243
[earth:blue] Round #244
[earth:blue] Round #245
[earth:blue] Round #246
[earth:blue] Round #247
[earth:blue] Round #248
[earth:blue] Round #249
[earth:blue] Round #250
[earth:blue] Round #251
[earth:blue] Round #252
[earth:blue] Round #253
[earth:blue] Round #254
[earth:blue] Round #255
[earth:blue] Round #256
[earth:blue] Round #257
[earth:blue] Round #258
[earth:blue] Round #259
[earth:blue] Round #260
[earth:blue] Round #261
[earth:blue] Round #262
[earth:blue] Round #263
[earth:blue] Round #264
[earth:blue] Round #265
[earth:blue] Round #266
[earth:blue] Round #267
[earth:blue] Round #268
[earth:blue] Round #269
[earth:blue] Round #270
[earth:blue] Round #271
[earth:blue] Round #272
[earth:blue] Round #273
[earth:blue] Round #274
[earth:blue] Round #275
[earth:blue] Round #276
[earth:blue] Round #277
[earth:blue] Round #278
[earth:blue] Round #279
[earth:blue] Round #280
[earth:blue] Round #281
[earth:blue] Round #282
[earth:blue] Round #283
[earth:blue] Round #284
[earth:blue] Round #285
[earth:blue] Round #286
[earth:blue] Round #287
[earth:blue] Round #288
[earth:blue] Round #289
[earth:blue] Round #290
[earth:blue] Round #291
[earth:blue] Round #292
[earth:blue] Round #293
[earth:blue] Round #294
[earth:blue] Round #295
[earth:blue] Round #296
[earth:blue] Round #297
[earth:blue] Round #298
[earth:blue] Round #299
[earth:blue] Round #300
[earth:blue] Round #301
[earth:blue] Round #302
[earth:blue] Round #303
[earth:blue] Round #304
[earth:blue] Round #305
[earth:blue] Round #306
[earth:blue] Round #307
[earth:blue] Round #308
[earth:blue] Round #309
[earth:blue] Round #310
[earth:blue] Round #311
[earth:blue] Round #312
[earth:blue] Round #313
[earth:blue] Round #314
[earth:blue] Round #315
[earth:blue] Round #316
[earth:blue] Round #317
[earth:blue] Round #318
[earth:blue] Round #319
[earth:blue] Round #320
[earth:blue] Round #321
[earth:blue] Round #322
[earth:blue] Round #323
[earth:blue] Round #324
[earth:blue] Round #325
[earth:blue] Round #326
[earth:blue] Round #327
[earth:blue] Round #328
[earth:blue] Round #329
[earth:blue] Round #330
[earth:blue] Round #331
[earth:blue] Round #332
[earth:blue] Round #333
[earth:blue] Round #334
[earth:blue] Round #335
[earth:blue] Round #336
[earth:blue] Round #337
[earth:blue] Round #338
[earth:blue] Round #339
[earth:blue] Round #340
[earth:blue] Round #341
[earth:blue] Round #342
[earth:blue] Round #343
[earth:blue] Round #344
[earth:blue] Round #345
[earth:blue] Round #346
[earth:blue] Round #347
[earth:blue] Round #348
[earth:blue] Round #349
[earth:blue] Round #350
[earth:blue] Round #351
[earth:blue] Round #352
[earth:blue] Round #353
[earth:blue] Round #354
[earth:blue] Round #355
[earth:blue] Round #356
[earth:blue] Round #357
[earth:blue] Round #358
[earth:blue] Round #359
[earth:blue] Round #360
[earth:blue] Round #361
[earth:blue] Round #362
[earth:blue] Round #363
[earth:blue] Round #364
[earth:blue] Round #365
[earth:blue] Round #366
[earth:blue] Round #367
[earth:blue] Round #368
[earth:blue] Round #369
[earth:blue] Round #370
[earth:blue] Round #371
[earth:blue] Round #372
[earth:blue] Round #373
[earth:blue] Round #374
[earth:blue] Round #375
[earth:blue] Round #376
[earth:blue] Round #377
[earth:blue] Round #378
[earth:blue] Round #379
[earth:blue] Round #380
[earth:blue] Round #381
[earth:blue] Round #382
[earth:blue] Round #383
[earth:blue] Round #384
[earth:blue] Round #385
[earth:blue] Round #386
[earth:blue] Round #387
[earth:blue] Round #388
[earth:blue] Round #389
[earth:blue] Round #390
[earth:blue] Round #391
[earth:blue] Round #392
[earth:blue] Round #393
[earth:blue] Round #394
[earth:blue] Round #395
[earth:blue] Round #396
[earth:blue] Round #397
[earth:blue] Round #398
[earth:blue] Round #399
[earth:blue] Round #400
[earth:blue] Round #401
[earth:blue] Round #402
[earth:blue] Round #403
[earth:blue] Round #404
[earth:blue] Round #405
[earth:blue] Round #406
[earth:blue] Round #407
[earth:blue] Round #408
[earth:blue] Round #409
[earth:blue] Round #410
[earth:blue] Round #411
[earth:blue] Round #412
[earth:blue] Round #413
[earth:blue] Round #414
[earth:blue] Round #415
[earth:blue] Round #416
[earth:blue] Round #417
[earth:blue] Round #418
[earth:blue] Round #419
[earth:blue] Round #420
[earth:blue] Round #421
[earth:blue] Round #422
[earth:blue] Round #423
[earth:blue] Round #424
[earth:blue] Round #425
[earth:blue] Round #426
[earth:blue] Round #427
[earth:blue] Round #428
[earth:blue] Round #429
[earth:blue] Round #430
[earth:blue] Round #431
[earth:blue] Round #432
[earth:blue] Round #433
[earth:blue] Round #434
[earth:blue] Round #435
[earth:blue] Round #436
[earth:blue] Round #437
[earth:blue] Round #438
[earth:blue] Round #439
[earth:blue] Round #440
[earth:blue] Round #441
[earth:blue] Round #442
[earth:blue] Round #443
[earth:blue] Round #444
[earth:blue] Round #445
[earth:blue] Round #446
[earth:blue] Round #447
[earth:blue] Round #448
[earth:blue] Round #449
[earth:blue] Round #450
[earth:blue] Round #451
[earth:blue] Round #452
[earth:blue] Round #453
[earth:blue] Round #454
[earth:blue] Round #455
[earth:blue] Round #456
[earth:blue] Round #457
[earth:blue] Round #458
[earth:blue] Round #459
[earth:blue] Round #460
[earth:blue] Round #461
[earth:blue] Round #462
[earth:blue] Round #463
[earth:blue] Round #464
[earth:blue] Round #465
[earth:blue] Round #466
[earth:blue] Round #467
[earth:blue] Round #468
[earth:blue] Round #469
[earth:blue] Round #470
[earth:blue] Round #471
[earth:blue] Round #472
[earth:blue] Round #473
[earth:blue] Round #474
[earth:blue] Round #475
[earth:blue] Round #476
[earth:blue] Round #477
[earth:blue] Round #478
[earth:blue] Round #479
[earth:blue] Round #480
[earth:blue] Round #481
[earth:blue] Round #482
[earth:blue] Round #483
[earth:blue] Round #484
[earth:blue] Round #485
[earth:blue] Round #486
[earth:blue] Round #487
[earth:blue] Round #488
[earth:blue] Round #489
[earth:blue] Round #490
[earth:blue] Round #491
[earth:blue] Round #492
[earth:blue] Round #493
[earth:blue] Round #494
[earth:blue] Round #495
[earth:blue] Round #496
[earth:blue] Round #497
[earth:blue] Round #498
[earth:blue] Round #499
[earth:blue] Round #500
[earth:blue] Round #501
[earth:blue] Round #502
[earth:blue] Round #503
[earth:blue] Round #504
[earth:blue] Round #505
[earth:blue] Round #506
[earth:blue] Round #507
[earth:blue] Round #508
[earth:blue] Round #509
[earth:blue] Round #510
[earth:blue] Round #511
[earth:blue] Round #512
[earth:blue] Round #513
[earth:blue] Round #514
[earth:blue] Round #515
[earth:blue] Round #516
[earth:blue] Round #517
[earth:blue] Round #518
[earth:blue] Round #519
[earth:blue] Round #520
[earth:blue] Round #521
[earth:blue] Round #522
[earth:blue] Round #523
[earth:blue] Round #524
[earth:blue] Round #525
[earth:blue] Round #526
[earth:blue] Round #527
[earth:blue] Round #528
[earth:blue] Round #529
[earth:blue] Round #530
[earth:blue] Round #531
[earth:blue] Round #532
[earth:blue] Round #533
[earth:blue] Round #534
[earth:blue] Round #535
[earth:blue] Round #536
[earth:blue] Round #537
[earth:blue] Round #538
[earth:blue] Round #539
[earth:blue] Round #540
[earth:blue] Round #541
[earth:blue] Round #542
[earth:blue] Round #543
[earth:blue] Round #544
[earth:blue] Round #545
[earth:blue] Round #546
[earth:blue] Round #547
[earth:blue] Round #548
[earth:blue] Round #549
[earth:blue] Round #550
[earth:blue] Round #551
[earth:blue] Round #552
[earth:blue] Round #553
[earth:blue] Round #554
[earth:blue] Round #555
[earth:blue] Round #556
[earth:blue] Round #557
[earth:blue] Round #558
[earth:blue] Round #559
[earth:blue] Round #560
[earth:blue] Round #561
[earth:blue] Round #562
[earth:blue] Round #563
[earth:blue] Round #564
[earth:blue] Round #565
[earth:blue] Round #566
[earth:blue] Round #567
[earth:blue] Round #568
[earth:blue] Round #569
[earth:blue] Round #570
[earth:blue] Round #571
[earth:blue] Round #572
[earth:blue] Round #573
[earth:blue] Round #574
[earth:blue] Round #575
[earth:blue] Round #576
[earth:blue] Round #577
[earth:blue] Round #578
[earth:blue] Round #579
[earth:blue] Round #580
[earth:blue] Round #581
[earth:blue] Round #582
[earth:blue] Round #583
[earth:blue] Round #584
[earth:blue] Round #585
[earth:blue] Round #586
[earth:blue] Round #587
[earth:blue] Round #588
[earth:blue] Round #589
[earth:blue] Round #590
[earth:blue] Round #591
[earth:blue] Round #592
[earth:blue] Round #593
[earth:blue] Round #594
[earth:blue] Round #595
[earth:blue] Round #596
[earth:blue] Round #597
[earth:blue] Round #598
[earth:blue] Round #599
[earth:blue] Round #600
[earth:blue] Round #601
[earth:blue] Round #602
[earth:blue] Round #603
[earth:blue] Round #604
[earth:blue] Round #605
[earth:blue] Round #606
[earth:blue] Round #607
[earth:blue] Round #608
[earth:blue] Round #609
[earth:blue] Round #610
[earth:blue] Round #611
[earth:blue] Round #612
[earth:blue] Round #613
[earth:blue] Round #614
[earth:blue] Round #615
[earth:blue] Round #616
[earth:blue] Round #617
[earth:blue] Round #618
[earth:blue] Round #619
[earth:blue] Round #620
[earth:blue] Round #621
[earth:blue] Round #622
[earth:blue] Round #623
[earth:blue] Round #624
[earth:blue] Round #625
[earth:blue] Round #626
[earth:blue] Round #627
[earth:blue] Round #628
[earth:blue] Round #629
[earth:blue] Round #630
[earth:blue] Round #631
[earth:blue] Round #632
[earth:blue] Round #633
[earth:blue] Round #634
[earth:blue] Round #635
[earth:blue] Round #636
[earth:blue] Round #637
[earth:blue] Round #638
[earth:blue] Round #639
[earth:blue] Round #640
[earth:blue] Round #641
[earth:blue] Round #642
[earth:blue] Round #643
[earth:blue] Round #644
[earth:blue] Round #645
[earth:blue] Round #646
[earth:blue] Round #647
[earth:blue] Round #648
[earth:blue] Round #649
[earth:blue] Round #650
[earth:blue] Round #651
[earth:blue] Round #652
[earth:blue] Round #653
[earth:blue] Round #654
[earth:blue] Round #655
[earth:blue] Round #656
[earth:blue] Round #657
[earth:blue] Round #658
[earth:blue] Round #659
[earth:blue] Round #660
[earth:blue] Round #661
[earth:blue] Round #662
[earth:blue] Round #663
[earth:blue] Round #664
[earth:blue] Round #665
[earth:blue] Round #666
[earth:blue] Round #667
[earth:blue] Round #668
[earth:blue] Round #669
[earth:blue] Round #670
[earth:blue] Round #671
[earth:blue] Round #672
[earth:blue] Round #673
[earth:blue] Round #674
[earth:blue] Round #675
[earth:blue] Round #676
[earth:blue] Round #677
[earth:blue] Round #678
[earth:blue] Round #679
[earth:blue] Round #680
[earth:blue] Round #681
[earth:blue] Round #682
[earth:blue] Round #683
[earth:blue] Round #684
[earth:blue] Round #685
[earth:blue] Round #686
[earth:blue] Round #687
[earth:blue] Round #688
[earth:blue] Round #689
[earth:blue] Round #690
[earth:blue] Round #691
[earth:blue] Round #692
[earth:blue] Round #693
[earth:blue] Round #694
[earth:blue] Round #695
[earth:blue] Round #696
[earth:blue] Round #697
[earth:blue] Round #698
[earth:blue] Round #699
[earth:blue] Round #700
[earth:blue] Round #701
[earth:blue] Round #702
[earth:blue] Round #703
[earth:blue] Round #704
[earth:blue] Round #705
[earth:blue] Round #706
[earth:blue] Round #707
[earth:blue] Round #708
[earth:blue] Round #709
[earth:blue] Round #710
[earth:blue] Round #711
[earth:blue] Round #712
[earth:blue] Round #713
[earth:blue] Round #714
[earth:blue] Round #715
[earth:blue] Round #716
[earth:blue] Round #717
[earth:blue] Round #718
[earth:blue] Round #719
[earth:blue] Round #720
[earth:blue] Round #721
[earth:blue] Round #722
[earth:blue] Round #723
[earth:blue] Round #724
[earth:blue] Round #725
[earth:blue] Round #726
[earth:blue] Round #727
[earth:blue] Round #728
[earth:blue] Round #729
[earth:blue] Round #730
[earth:blue] Round #731
[earth:blue] Round #732
[earth:blue] Round #733
[earth:blue] Round #734
[earth:blue] Round #735
[earth:blue] Round #736
[earth:blue] Round #737
[earth:blue] Round #738
[earth:blue] Round #739
[earth:blue] Round #740
[earth:blue] Round #741
[earth:blue] Round #742
[earth:blue] Round #743
[earth:blue] Round #744
[earth:blue] Round #745
[earth:blue] Round #746
[earth:blue] Round #747
[earth:blue] Round #748
[earth:blue] Round #749
Saving replay to /player/replay.bc18
Ready to run next game.
(Also looked in /player/battlecode-maps, which should be mounted to the battlecode-maps directory of your scaffold)
Running game server on socket unix:///tmp/battlecode-0
Running game...
[earth:red] Note: Some input files use or override a deprecated API.
[earth:red] Note: Recompile with -Xlint:deprecation for details.
[mars:red] Note: Some input files use or override a deprecated API.
[mars:red] Note: Recompile with -Xlint:deprecation for details.
[earth:red] -- Starting battlecode java engine, vroom vroom! --
[earth:red] -- Note: you may get a warning about stack guards, please ignore it. --
[earth:red] Loading linux library: /battlecode/java/bc/libbattlecode-java-linux.so
[earth:red] Java HotSpot(TM) 64-Bit Server VM warning: You have loaded library /battlecode/java/bc/libbattlecode-java-linux.so which might have disabled stack guard. The VM will try to fix the stack guard now.
[earth:red] It's highly recommended that you fix the library with 'execstack -c <libfile>', or link it with '-z noexecstack'.
[earth:red] -- Engine loaded. --
[earth:red] Player connecting to unix:///tmp/battlecode-socket
[mars:red] -- Starting battlecode java engine, vroom vroom! --
[mars:red] -- Note: you may get a warning about stack guards, please ignore it. --
[mars:red] Loading linux library: /battlecode/java/bc/libbattlecode-java-linux.so
[mars:red] Java HotSpot(TM) 64-Bit Server VM warning: You have loaded library /battlecode/java/bc/libbattlecode-java-linux.so which might have disabled stack guard. The VM will try to fix the stack guard now.
[mars:red] It's highly recommended that you fix the library with 'execstack -c <libfile>', or link it with '-z noexecstack'.
[mars:red] -- Engine loaded. --
[mars:red] Player connecting to unix:///tmp/battlecode-socket
[earth:blue] Note: Some input files use or override a deprecated API.
[earth:blue] Note: Recompile with -Xlint:deprecation for details.
[mars:blue] Note: Some input files use or override a deprecated API.
[mars:blue] Note: Recompile with -Xlint:deprecation for details.
[earth:blue] Structure Base initiated
[earth:blue] -- Starting battlecode java engine, vroom vroom! --
[earth:blue] -- Note: you may get a warning about stack guards, please ignore it. --
[mars:blue] Structure Base initiated
[mars:blue] -- Starting battlecode java engine, vroom vroom! --
[mars:blue] -- Note: you may get a warning about stack guards, please ignore it. --
[earth:blue] Loading linux library: /battlecode/java/bc/libbattlecode-java-linux.so
[earth:blue] Java HotSpot(TM) 64-Bit Server VM warning: You have loaded library /battlecode/java/bc/libbattlecode-java-linux.so which might have disabled stack guard. The VM will try to fix the stack guard now.
[earth:blue] It's highly recommended that you fix the library with 'execstack -c <libfile>', or link it with '-z noexecstack'.
[earth:blue] -- Engine loaded. --
[earth:blue] Player connecting to unix:///tmp/battlecode-socket
[mars:blue] Loading linux library: /battlecode/java/bc/libbattlecode-java-linux.so
[mars:blue] Java HotSpot(TM) 64-Bit Server VM warning: You have loaded library /battlecode/java/bc/libbattlecode-java-linux.so which might have disabled stack guard. The VM will try to fix the stack guard now.
[mars:blue] It's highly recommended that you fix the library with 'execstack -c <libfile>', or link it with '-z noexecstack'.
[mars:blue] -- Engine loaded. --
[mars:blue] Player connecting to unix:///tmp/battlecode-socket
[earth:red] Successfully connected to the manager!
[earth:blue] Successfully connected to the manager!
[earth:blue] Running PlayerController...
[earth:blue] Earth Controller initiated
[earth:blue] Round #1
[mars:red] Successfully connected to the manager!
[mars:blue] Successfully connected to the manager!
[mars:blue] Running PlayerController...
[earth:blue] Round #2
[earth:blue] Round #3
[earth:blue] Unit { id: 2, team: Blue, level: 0, unit_type: Worker, location: OnMap(MapLocation { planet: Earth, x: 19, y: 19 }), health: 100, max_health: 100, vision_range: 50, damage: 0, attack_range: 0, movement_heat: 0, attack_heat: 0, movement_cooldown: 20, attack_cooldown: 0, is_ability_unlocked: true, ability_heat: 500, ability_cooldown: 500, ability_range: 2, has_worker_acted: true, build_health: 5, repair_health: 10, harvest_amount: 3, defense: 5, cannot_attack_range: 10, countdown: 0, max_countdown: 5, target_location: None, self_heal_amount: 1, is_built: false, max_capacity: 8, garrison: [], factory_unit_type: None, factory_rounds_left: None, factory_max_rounds_left: 5, is_used: false, blast_damage: 50, travel_time_decrease: 0 }
[mars:blue] Mars Controller initiated
[earth:blue] Round #4
[earth:blue] Round #5
[earth:blue] Round #6
[earth:blue] Round #7
[earth:blue] Round #8
[earth:blue] Round #9
[earth:blue] Round #10
[earth:blue] Round #11
[earth:blue] Round #12
[earth:blue] Round #13
[earth:blue] Round #14
[earth:blue] Round #15
[earth:blue] Round #16
[earth:blue] Round #17
[earth:blue] Round #18
[earth:blue] Round #19
[earth:blue] Round #20
[earth:blue] Round #21
[earth:blue] Round #22
[earth:blue] Round #23
[earth:blue] Round #24
[earth:blue] Round #25
[earth:blue] Round #26
[earth:blue] Round #27
[earth:blue] Round #28
[earth:blue] Round #29
[earth:blue] Round #30
[earth:blue] Round #31
[earth:blue] Round #32
[earth:blue] Round #33
[earth:blue] Round #34
[earth:blue] Round #35
[earth:blue] Round #36
[earth:blue] Round #37
[earth:blue] Round #38
[earth:blue] Round #39
[earth:blue] Round #40
[earth:blue] Round #41
[earth:blue] Round #42
[earth:blue] Round #43
[earth:blue] Round #44
[earth:blue] Round #45
[earth:blue] Round #46
[earth:blue] Round #47
[earth:blue] Round #48
[earth:blue] Round #49
[earth:blue] Round #50
[earth:blue] Round #51
[earth:blue] Round #52
[earth:blue] Round #53
[earth:blue] Round #54
[earth:blue] Round #55
[earth:blue] Round #56
[earth:blue] Round #57
[earth:blue] Round #58
[earth:blue] Round #59
[earth:blue] Round #60
[earth:blue] Round #61
[earth:blue] Round #62
[earth:blue] Round #63
[earth:blue] Round #64
[earth:blue] Round #65
[earth:blue] Round #66
[earth:blue] Round #67
[earth:blue] Round #68
[earth:blue] Round #69
[earth:blue] Round #70
[earth:blue] Round #71
[earth:blue] Round #72
[earth:blue] Round #73
[earth:blue] Round #74
[earth:blue] Round #75
[earth:blue] Round #76
[earth:blue] Round #77
[earth:blue] Round #78
[earth:blue] Round #79
[earth:blue] Round #80
[earth:blue] Round #81
[earth:blue] Round #82
[earth:blue] Round #83
[earth:blue] Round #84
[earth:blue] Round #85
[earth:blue] Round #86
[earth:blue] Round #87
[earth:blue] Round #88
[earth:blue] Round #89
[earth:blue] Round #90
[earth:blue] Round #91
[earth:blue] Round #92
[earth:blue] Round #93
[earth:blue] Round #94
[earth:blue] Round #95
[earth:blue] Round #96
[earth:blue] Round #97
[earth:blue] Round #98
[earth:blue] Round #99
[earth:blue] Round #100
[earth:blue] Round #101
[earth:blue] Round #102
[earth:blue] Round #103
[earth:blue] Round #104
[earth:blue] Round #105
[earth:blue] Round #106
[earth:blue] Round #107
[earth:blue] Round #108
[earth:blue] Round #109
[earth:blue] Round #110
[earth:blue] Round #111
[earth:blue] Round #112
[earth:blue] Round #113
[earth:blue] Round #114
[earth:blue] Round #115
[earth:blue] Round #116
[earth:blue] Round #117
[earth:blue] Round #118
[earth:blue] Round #119
[earth:blue] Round #120
[earth:blue] Round #121
[earth:blue] Round #122
[earth:blue] Round #123
[earth:blue] Round #124
[earth:blue] Round #125
[earth:blue] Round #126
[earth:blue] Round #127
[earth:blue] Round #128
[earth:blue] Round #129
[earth:blue] Round #130
[earth:blue] Round #131
[earth:blue] Round #132
[earth:blue] Round #133
[earth:blue] Round #134
[earth:blue] Round #135
[earth:blue] Round #136
[earth:blue] Round #137
[earth:blue] Round #138
[earth:blue] Round #139
[earth:blue] Round #140
[earth:blue] Round #141
[earth:blue] Round #142
[earth:blue] Round #143
[earth:blue] Round #144
[earth:blue] Round #145
[earth:blue] Round #146
[earth:blue] Round #147
[earth:blue] Round #148
[earth:blue] Round #149
[earth:blue] Round #150
[earth:blue] Round #151
[earth:blue] Round #152
[earth:blue] Round #153
[earth:blue] Round #154
[earth:blue] Round #155
[earth:blue] Round #156
[earth:blue] Round #157
[earth:blue] Round #158
[earth:blue] Round #159
[earth:blue] Round #160
[earth:blue] Round #161
[earth:blue] Round #162
[earth:blue] Round #163
[earth:blue] Round #164
[earth:blue] Round #165
[earth:blue] Round #166
[earth:blue] Round #167
[earth:blue] Round #168
[earth:blue] Round #169
[earth:blue] Round #170
[earth:blue] Round #171
[earth:blue] Round #172
[earth:blue] Round #173
[earth:blue] Round #174
[earth:blue] Round #175
[earth:blue] Round #176
[earth:blue] Round #177
[earth:blue] Round #178
[earth:blue] Round #179
[earth:blue] Round #180
[earth:blue] Round #181
[earth:blue] Round #182
[earth:blue] Round #183
[earth:blue] Round #184
[earth:blue] Round #185
[earth:blue] Round #186
[earth:blue] Round #187
[earth:blue] Round #188
[earth:blue] Round #189
[earth:blue] Round #190
[earth:blue] Round #191
[earth:blue] Round #192
[earth:blue] Round #193
[earth:blue] Round #194
[earth:blue] Round #195
[earth:blue] Round #196
[earth:blue] Round #197
[earth:blue] Round #198
[earth:blue] Round #199
[earth:blue] Round #200
[earth:blue] Round #201
[earth:blue] Round #202
[earth:blue] Round #203
[earth:blue] Round #204
[earth:blue] Round #205
[earth:blue] Round #206
[earth:blue] Round #207
[earth:blue] Round #208
[earth:blue] Round #209
[earth:blue] Round #210
[earth:blue] Round #211
[earth:blue] Round #212
[earth:blue] Round #213
[earth:blue] Round #214
[earth:blue] Round #215
[earth:blue] Round #216
[earth:blue] Round #217
[earth:blue] Round #218
[earth:blue] Round #219
[earth:blue] Round #220
[earth:blue] Round #221
[earth:blue] Round #222
[earth:blue] Round #223
[earth:blue] Round #224
[earth:blue] Round #225
[earth:blue] Round #226
[earth:blue] Round #227
[earth:blue] Round #228
[earth:blue] Round #229
[earth:blue] Round #230
[earth:blue] Round #231
[earth:blue] Round #232
[earth:blue] Round #233
[earth:blue] Round #234
[earth:blue] Round #235
[earth:blue] Round #236
[earth:blue] Round #237
[earth:blue] Round #238
[earth:blue] Round #239
[earth:blue] Round #240
[earth:blue] Round #241
[earth:blue] Round #242
[earth:blue] Round #243
[earth:blue] Round #244
[earth:blue] Round #245
[earth:blue] Round #246
[earth:blue] Round #247
[earth:blue] Round #248
[earth:blue] Round #249
[earth:blue] Round #250
[earth:blue] Round #251
[earth:blue] Round #252
[earth:blue] Round #253
[earth:blue] Round #254
[earth:blue] Round #255
[earth:blue] Round #256
[earth:blue] Round #257
[earth:blue] Round #258
[earth:blue] Round #259
[earth:blue] Round #260
[earth:blue] Round #261
[earth:blue] Round #262
[earth:blue] Round #263
[earth:blue] Round #264
[earth:blue] Round #265
[earth:blue] Round #266
[earth:blue] Round #267
[earth:blue] Round #268
[earth:blue] Round #269
[earth:blue] Round #270
[earth:blue] Round #271
[earth:blue] Round #272
[earth:blue] Round #273
[earth:blue] Round #274
[earth:blue] Round #275
[earth:blue] Round #276
[earth:blue] Round #277
[earth:blue] Round #278
[earth:blue] Round #279
[earth:blue] Round #280
[earth:blue] Round #281
[earth:blue] Round #282
[earth:blue] Round #283
[earth:blue] Round #284
[earth:blue] Round #285
[earth:blue] Round #286
[earth:blue] Round #287
[earth:blue] Round #288
[earth:blue] Round #289
[earth:blue] Round #290
[earth:blue] Round #291
[earth:blue] Round #292
[earth:blue] Round #293
[earth:blue] Round #294
[earth:blue] Round #295
[earth:blue] Round #296
[earth:blue] Round #297
[earth:blue] Round #298
[earth:blue] Round #299
[earth:blue] Round #300
[earth:blue] Round #301
[earth:blue] Round #302
[earth:blue] Round #303
[earth:blue] Round #304
[earth:blue] Round #305
[earth:blue] Round #306
[earth:blue] Round #307
[earth:blue] Round #308
[earth:blue] Round #309
[earth:blue] Round #310
[earth:blue] Round #311
[earth:blue] Round #312
[earth:blue] Round #313
[earth:blue] Round #314
[earth:blue] Round #315
[earth:blue] Round #316
[earth:blue] Round #317
[earth:blue] Round #318
[earth:blue] Round #319
[earth:blue] Round #320
[earth:blue] Round #321
[earth:blue] Round #322
[earth:blue] Round #323
[earth:blue] Round #324
[earth:blue] Round #325
[earth:blue] Round #326
[earth:blue] Round #327
[earth:blue] Round #328
[earth:blue] Round #329
[earth:blue] Round #330
[earth:blue] Round #331
[earth:blue] Round #332
[earth:blue] Round #333
[earth:blue] Round #334
[earth:blue] Round #335
[earth:blue] Round #336
[earth:blue] Round #337
[earth:blue] Round #338
[earth:blue] Round #339
[earth:blue] Round #340
[earth:blue] Round #341
[earth:blue] Round #342
[earth:blue] Round #343
[earth:blue] Round #344
[earth:blue] Round #345
[earth:blue] Round #346
[earth:blue] Round #347
[earth:blue] Round #348
[earth:blue] Round #349
[earth:blue] Round #350
[earth:blue] Round #351
[earth:blue] Round #352
[earth:blue] Round #353
[earth:blue] Round #354
[earth:blue] Round #355
[earth:blue] Round #356
[earth:blue] Round #357
[earth:blue] Round #358
[earth:blue] Round #359
[earth:blue] Round #360
[earth:blue] Round #361
[earth:blue] Round #362
[earth:blue] Round #363
[earth:blue] Round #364
[earth:blue] Round #365
[earth:blue] Round #366
[earth:blue] Round #367
[earth:blue] Round #368
[earth:blue] Round #369
[earth:blue] Round #370
[earth:blue] Round #371
[earth:blue] Round #372
[earth:blue] Round #373
[earth:blue] Round #374
[earth:blue] Round #375
[earth:blue] Round #376
[earth:blue] Round #377
[earth:blue] Round #378
[earth:blue] Round #379
[earth:blue] Round #380
[earth:blue] Round #381
[earth:blue] Round #382
[earth:blue] Round #383
[earth:blue] Round #384
[earth:blue] Round #385
[earth:blue] Round #386
[earth:blue] Round #387
[earth:blue] Round #388
[earth:blue] Round #389
[earth:blue] Round #390
[earth:blue] Round #391
[earth:blue] Round #392
[earth:blue] Round #393
[earth:blue] Round #394
[earth:blue] Round #395
[earth:blue] Round #396
[earth:blue] Round #397
[earth:blue] Round #398
[earth:blue] Round #399
[earth:blue] Round #400
[earth:blue] Round #401
[earth:blue] Round #402
[earth:blue] Round #403
[earth:blue] Round #404
[earth:blue] Round #405
[earth:blue] Round #406
[earth:blue] Round #407
[earth:blue] Round #408
[earth:blue] Round #409
[earth:blue] Round #410
[earth:blue] Round #411
[earth:blue] Round #412
[earth:blue] Round #413
[earth:blue] Round #414
[earth:blue] Round #415
[earth:blue] Round #416
[earth:blue] Round #417
[earth:blue] Round #418
[earth:blue] Round #419
[earth:blue] Round #420
[earth:blue] Round #421
[earth:blue] Round #422
[earth:blue] Round #423
[earth:blue] Round #424
[earth:blue] Round #425
[earth:blue] Round #426
[earth:blue] Round #427
[earth:blue] Round #428
[earth:blue] Round #429
[earth:blue] Round #430
[earth:blue] Round #431
[earth:blue] Round #432
[earth:blue] Round #433
[earth:blue] Round #434
[earth:blue] Round #435
[earth:blue] Round #436
[earth:blue] Round #437
[earth:blue] Round #438
[earth:blue] Round #439
[earth:blue] Round #440
[earth:blue] Round #441
[earth:blue] Round #442
[earth:blue] Round #443
[earth:blue] Round #444
[earth:blue] Round #445
[earth:blue] Round #446
[earth:blue] Round #447
[earth:blue] Round #448
[earth:blue] Round #449
[earth:blue] Round #450
[earth:blue] Round #451
[earth:blue] Round #452
[earth:blue] Round #453
[earth:blue] Round #454
[earth:blue] Round #455
[earth:blue] Round #456
[earth:blue] Round #457
[earth:blue] Round #458
[earth:blue] Round #459
[earth:blue] Round #460
[earth:blue] Round #461
[earth:blue] Round #462
[earth:blue] Round #463
[earth:blue] Round #464
[earth:blue] Round #465
[earth:blue] Round #466
[earth:blue] Round #467
[earth:blue] Round #468
[earth:blue] Round #469
[earth:blue] Round #470
[earth:blue] Round #471
[earth:blue] Round #472
[earth:blue] Round #473
[earth:blue] Round #474
[earth:blue] Round #475
[earth:blue] Round #476
[earth:blue] Round #477
[earth:blue] Round #478
[earth:blue] Round #479
[earth:blue] Round #480
[earth:blue] Round #481
[earth:blue] Round #482
[earth:blue] Round #483
[earth:blue] Round #484
[earth:blue] Round #485
[earth:blue] Round #486
[earth:blue] Round #487
[earth:blue] Round #488
[earth:blue] Round #489
[earth:blue] Round #490
[earth:blue] Round #491
[earth:blue] Round #492
[earth:blue] Round #493
[earth:blue] Round #494
[earth:blue] Round #495
[earth:blue] Round #496
[earth:blue] Round #497
[earth:blue] Round #498
[earth:blue] Round #499
[earth:blue] Round #500
[earth:blue] Round #501
[earth:blue] Round #502
[earth:blue] Round #503
[earth:blue] Round #504
[earth:blue] Round #505
[earth:blue] Round #506
[earth:blue] Round #507
[earth:blue] Round #508
[earth:blue] Round #509
[earth:blue] Round #510
[earth:blue] Round #511
[earth:blue] Round #512
[earth:blue] Round #513
[earth:blue] Round #514
[earth:blue] Round #515
[earth:blue] Round #516
[earth:blue] Round #517
[earth:blue] Round #518
[earth:blue] Round #519
[earth:blue] Round #520
[earth:blue] Round #521
[earth:blue] Round #522
[earth:blue] Round #523
[earth:blue] Round #524
[earth:blue] Round #525
[earth:blue] Round #526
[earth:blue] Round #527
[earth:blue] Round #528
[earth:blue] Round #529
[earth:blue] Round #530
[earth:blue] Round #531
[earth:blue] Round #532
[earth:blue] Round #533
[earth:blue] Round #534
[earth:blue] Round #535
[earth:blue] Round #536
[earth:blue] Round #537
[earth:blue] Round #538
[earth:blue] Round #539
[earth:blue] Round #540
[earth:blue] Round #541
[earth:blue] Round #542
[earth:blue] Round #543
[earth:blue] Round #544
[earth:blue] Round #545
[earth:blue] Round #546
[earth:blue] Round #547
[earth:blue] Round #548
[earth:blue] Round #549
[earth:blue] Round #550
[earth:blue] Round #551
[earth:blue] Round #552
[earth:blue] Round #553
[earth:blue] Round #554
[earth:blue] Round #555
[earth:blue] Round #556
[earth:blue] Round #557
[earth:blue] Round #558
[earth:blue] Round #559
[earth:blue] Round #560
[earth:blue] Round #561
[earth:blue] Round #562
[earth:blue] Round #563
[earth:blue] Round #564
[earth:blue] Round #565
[earth:blue] Round #566
[earth:blue] Round #567
[earth:blue] Round #568
[earth:blue] Round #569
[earth:blue] Round #570
[earth:blue] Round #571
[earth:blue] Round #572
[earth:blue] Round #573
[earth:blue] Round #574
[earth:blue] Round #575
[earth:blue] Round #576
[earth:blue] Round #577
[earth:blue] Round #578
[earth:blue] Round #579
[earth:blue] Round #580
[earth:blue] Round #581
[earth:blue] Round #582
[earth:blue] Round #583
[earth:blue] Round #584
[earth:blue] Round #585
[earth:blue] Round #586
[earth:blue] Round #587
[earth:blue] Round #588
[earth:blue] Round #589
[earth:blue] Round #590
[earth:blue] Round #591
[earth:blue] Round #592
[earth:blue] Round #593
[earth:blue] Round #594
[earth:blue] Round #595
[earth:blue] Round #596
[earth:blue] Round #597
[earth:blue] Round #598
[earth:blue] Round #599
[earth:blue] Round #600
[earth:blue] Round #601
[earth:blue] Round #602
[earth:blue] Round #603
[earth:blue] Round #604
[earth:blue] Round #605
[earth:blue] Round #606
[earth:blue] Round #607
[earth:blue] Round #608
[earth:blue] Round #609
[earth:blue] Round #610
[earth:blue] Round #611
[earth:blue] Round #612
[earth:blue] Round #613
[earth:blue] Round #614
[earth:blue] Round #615
[earth:blue] Round #616
[earth:blue] Round #617
[earth:blue] Round #618
[earth:blue] Round #619
[earth:blue] Round #620
[earth:blue] Round #621
[earth:blue] Round #622
[earth:blue] Round #623
[earth:blue] Round #624
[earth:blue] Round #625
[earth:blue] Round #626
[earth:blue] Round #627
[earth:blue] Round #628
[earth:blue] Round #629
[earth:blue] Round #630
[earth:blue] Round #631
[earth:blue] Round #632
[earth:blue] Round #633
[earth:blue] Round #634
[earth:blue] Round #635
[earth:blue] Round #636
[earth:blue] Round #637
[earth:blue] Round #638
[earth:blue] Round #639
[earth:blue] Round #640
[earth:blue] Round #641
[earth:blue] Round #642
[earth:blue] Round #643
[earth:blue] Round #644
[earth:blue] Round #645
[earth:blue] Round #646
[earth:blue] Round #647
[earth:blue] Round #648
[earth:blue] Round #649
[earth:blue] Round #650
[earth:blue] Round #651
[earth:blue] Round #652
[earth:blue] Round #653
[earth:blue] Round #654
[earth:blue] Round #655
[earth:blue] Round #656
[earth:blue] Round #657
[earth:blue] Round #658
[earth:blue] Round #659
[earth:blue] Round #660
[earth:blue] Round #661
[earth:blue] Round #662
[earth:blue] Round #663
[earth:blue] Round #664
[earth:blue] Round #665
[earth:blue] Round #666
[earth:blue] Round #667
[earth:blue] Round #668
[earth:blue] Round #669
[earth:blue] Round #670
[earth:blue] Round #671
[earth:blue] Round #672
[earth:blue] Round #673
[earth:blue] Round #674
[earth:blue] Round #675
[earth:blue] Round #676
[earth:blue] Round #677
[earth:blue] Round #678
[earth:blue] Round #679
[earth:blue] Round #680
[earth:blue] Round #681
[earth:blue] Round #682
[earth:blue] Round #683
[earth:blue] Round #684
[earth:blue] Round #685
[earth:blue] Round #686
[earth:blue] Round #687
[earth:blue] Round #688
[earth:blue] Round #689
[earth:blue] Round #690
[earth:blue] Round #691
[earth:blue] Round #692
[earth:blue] Round #693
[earth:blue] Round #694
[earth:blue] Round #695
[earth:blue] Round #696
[earth:blue] Round #697
[earth:blue] Round #698
[earth:blue] Round #699
[earth:blue] Round #700
[earth:blue] Round #701
[earth:blue] Round #702
[earth:blue] Round #703
[earth:blue] Round #704
[earth:blue] Round #705
[earth:blue] Round #706
[earth:blue] Round #707
[earth:blue] Round #708
[earth:blue] Round #709
[earth:blue] Round #710
[earth:blue] Round #711
[earth:blue] Round #712
[earth:blue] Round #713
[earth:blue] Round #714
[earth:blue] Round #715
[earth:blue] Round #716
[earth:blue] Round #717
[earth:blue] Round #718
[earth:blue] Round #719
[earth:blue] Round #720
[earth:blue] Round #721
[earth:blue] Round #722
[earth:blue] Round #723
[earth:blue] Round #724
[earth:blue] Round #725
[earth:blue] Round #726
[earth:blue] Round #727
[earth:blue] Round #728
[earth:blue] Round #729
[earth:blue] Round #730
[earth:blue] Round #731
[earth:blue] Round #732
[earth:blue] Round #733
[earth:blue] Round #734
[earth:blue] Round #735
[earth:blue] Round #736
[earth:blue] Round #737
[earth:blue] Round #738
[earth:blue] Round #739
[earth:blue] Round #740
[earth:blue] Round #741
[earth:blue] Round #742
[earth:blue] Round #743
[earth:blue] Round #744
[earth:blue] Round #745
[earth:blue] Round #746
[earth:blue] Round #747
[earth:blue] Round #748
[earth:blue] Round #749
Saving replay to /player/replay.bc18
Ready to run next game.
Loading map /player/battlecode-maps/ataleoftwobots.bc18map
Running game server on socket unix:///tmp/battlecode-0
Running game...
[earth:red] Note: Some input files use or override a deprecated API.
[earth:red] Note: Recompile with -Xlint:deprecation for details.
[mars:red] Note: Some input files use or override a deprecated API.
[mars:red] Note: Recompile with -Xlint:deprecation for details.
[earth:red] -- Starting battlecode java engine, vroom vroom! --
[earth:red] -- Note: you may get a warning about stack guards, please ignore it. --
[earth:red] Loading linux library: /battlecode/java/bc/libbattlecode-java-linux.so
[earth:red] Java HotSpot(TM) 64-Bit Server VM warning: You have loaded library /battlecode/java/bc/libbattlecode-java-linux.so which might have disabled stack guard. The VM will try to fix the stack guard now.
[earth:red] It's highly recommended that you fix the library with 'execstack -c <libfile>', or link it with '-z noexecstack'.
[earth:red] -- Engine loaded. --
[earth:red] Player connecting to unix:///tmp/battlecode-socket
[mars:red] -- Starting battlecode java engine, vroom vroom! --
[earth:blue] Note: Some input files use or override a deprecated API.
[earth:blue] Note: Recompile with -Xlint:deprecation for details.
[mars:red] -- Note: you may get a warning about stack guards, please ignore it. --
[mars:red] Loading linux library: /battlecode/java/bc/libbattlecode-java-linux.so
[mars:red] Java HotSpot(TM) 64-Bit Server VM warning: You have loaded library /battlecode/java/bc/libbattlecode-java-linux.so which might have disabled stack guard. The VM will try to fix the stack guard now.
[mars:red] It's highly recommended that you fix the library with 'execstack -c <libfile>', or link it with '-z noexecstack'.
[mars:red] -- Engine loaded. --
[mars:red] Player connecting to unix:///tmp/battlecode-socket
[earth:blue] Structure Base initiated
[earth:blue] -- Starting battlecode java engine, vroom vroom! --
[mars:blue] Note: Some input files use or override a deprecated API.
[mars:blue] Note: Recompile with -Xlint:deprecation for details.
[earth:blue] -- Note: you may get a warning about stack guards, please ignore it. --
[earth:blue] Loading linux library: /battlecode/java/bc/libbattlecode-java-linux.so
[earth:blue] Java HotSpot(TM) 64-Bit Server VM warning: You have loaded library /battlecode/java/bc/libbattlecode-java-linux.so which might have disabled stack guard. The VM will try to fix the stack guard now.
[earth:blue] It's highly recommended that you fix the library with 'execstack -c <libfile>', or link it with '-z noexecstack'.
[earth:blue] -- Engine loaded. --
[earth:blue] Player connecting to unix:///tmp/battlecode-socket
[mars:blue] Structure Base initiated
[mars:blue] -- Starting battlecode java engine, vroom vroom! --
[mars:blue] -- Note: you may get a warning about stack guards, please ignore it. --
[mars:blue] Loading linux library: /battlecode/java/bc/libbattlecode-java-linux.so
[mars:blue] Java HotSpot(TM) 64-Bit Server VM warning: You have loaded library /battlecode/java/bc/libbattlecode-java-linux.so which might have disabled stack guard. The VM will try to fix the stack guard now.
[mars:blue] It's highly recommended that you fix the library with 'execstack -c <libfile>', or link it with '-z noexecstack'.
[mars:blue] -- Engine loaded. --
[mars:blue] Player connecting to unix:///tmp/battlecode-socket
[earth:red] Successfully connected to the manager!
[earth:blue] Successfully connected to the manager!
[earth:blue] Running PlayerController...
[earth:blue] Earth Controller initiated
[earth:blue] Round #1
[mars:red] Successfully connected to the manager!
[mars:blue] Successfully connected to the manager!
[mars:blue] Running PlayerController...
[mars:blue] Mars Controller initiated
[earth:blue] Round #2
[earth:blue] Round #3
[earth:blue] Unit { id: 2, team: Blue, level: 0, unit_type: Worker, location: OnMap(MapLocation { planet: Earth, x: 3, y: 29 }), health: 100, max_health: 100, vision_range: 50, damage: 0, attack_range: 0, movement_heat: 0, attack_heat: 0, movement_cooldown: 20, attack_cooldown: 0, is_ability_unlocked: true, ability_heat: 0, ability_cooldown: 500, ability_range: 2, has_worker_acted: false, build_health: 5, repair_health: 10, harvest_amount: 3, defense: 5, cannot_attack_range: 10, countdown: 0, max_countdown: 5, target_location: None, self_heal_amount: 1, is_built: false, max_capacity: 8, garrison: [], factory_unit_type: None, factory_rounds_left: None, factory_max_rounds_left: 5, is_used: false, blast_damage: 50, travel_time_decrease: 0 }
[earth:blue] Round #4
[earth:blue] Unit { id: 2, team: Blue, level: 0, unit_type: Worker, location: OnMap(MapLocation { planet: Earth, x: 2, y: 29 }), health: 100, max_health: 100, vision_range: 50, damage: 0, attack_range: 0, movement_heat: 10, attack_heat: 0, movement_cooldown: 20, attack_cooldown: 0, is_ability_unlocked: true, ability_heat: 500, ability_cooldown: 500, ability_range: 2, has_worker_acted: true, build_health: 5, repair_health: 10, harvest_amount: 3, defense: 5, cannot_attack_range: 10, countdown: 0, max_countdown: 5, target_location: None, self_heal_amount: 1, is_built: false, max_capacity: 8, garrison: [], factory_unit_type: None, factory_rounds_left: None, factory_max_rounds_left: 5, is_used: false, blast_damage: 50, travel_time_decrease: 0 }
[earth:blue] Round #5
[earth:blue] Round #6
[earth:blue] Round #7
[earth:blue] Round #8
[earth:blue] Round #9
[earth:blue] Round #10
[earth:blue] Round #11
[earth:blue] Round #12
[earth:blue] Round #13
[earth:blue] Round #14
[earth:blue] Round #15
[earth:blue] Round #16
[earth:blue] Round #17
[earth:blue] Round #18
[earth:blue] Round #19
[earth:blue] Round #20
[earth:blue] Round #21
[earth:blue] Round #22
[earth:blue] Round #23
[earth:blue] Round #24
[earth:blue] Round #25
[earth:blue] Round #26
[earth:blue] Round #27
[earth:blue] Round #28
[earth:blue] Round #29
[earth:blue] Round #30
[earth:blue] Round #31
[earth:blue] Round #32
[earth:blue] Round #33
[earth:blue] Round #34
[earth:blue] Round #35
[earth:blue] Round #36
[earth:blue] Round #37
[earth:blue] Round #38
[earth:blue] Round #39
[earth:blue] Round #40
[earth:blue] Round #41
[earth:blue] Round #42
[earth:blue] Round #43
[earth:blue] Round #44
[earth:blue] Round #45
[earth:blue] Round #46
[earth:blue] Round #47
[earth:blue] Round #48
[earth:blue] Round #49
[earth:blue] Round #50
[earth:blue] Round #51
[earth:blue] Round #52
[earth:blue] Round #53
[earth:blue] Round #54
[earth:blue] Round #55
[earth:blue] Round #56
[earth:blue] Round #57
[earth:blue] Round #58
[earth:blue] Round #59
[earth:blue] Round #60
[earth:blue] Round #61
[earth:blue] Round #62
[earth:blue] Round #63
[earth:blue] Round #64
[earth:blue] Round #65
[earth:blue] Round #66
[earth:blue] Round #67
[earth:blue] Round #68
[earth:blue] Round #69
[earth:blue] Round #70
[earth:blue] Round #71
[earth:blue] Round #72
[earth:blue] Round #73
[earth:blue] Round #74
[earth:blue] Round #75
[earth:blue] Round #76
[earth:blue] Round #77
[earth:blue] Round #78
[earth:blue] Round #79
[earth:blue] Round #80
[earth:blue] Round #81
[earth:blue] Round #82
[earth:blue] Round #83
[earth:blue] Round #84
[earth:blue] Round #85
[earth:blue] Round #86
[earth:blue] Round #87
[earth:blue] Round #88
[earth:blue] Round #89
[earth:blue] Round #90
[earth:blue] Round #91
[earth:blue] Round #92
[earth:blue] Round #93
[earth:blue] Round #94
[earth:blue] Round #95
[earth:blue] Round #96
[earth:blue] Round #97
[earth:blue] Round #98
[earth:blue] Round #99
[earth:blue] Round #100
[earth:blue] Round #101
[earth:blue] Round #102
[earth:blue] Round #103
[earth:blue] Round #104
[earth:blue] Round #105
[earth:blue] Round #106
[earth:blue] Round #107
[earth:blue] Round #108
[earth:blue] Round #109
[earth:blue] Round #110
[earth:blue] Round #111
[earth:blue] Round #112
[earth:blue] Round #113
[earth:blue] Round #114
[earth:blue] Round #115
[earth:blue] Round #116
[earth:blue] Round #117
[earth:blue] Round #118
[earth:blue] Round #119
[earth:blue] Round #120
[earth:blue] Round #121
[earth:blue] Round #122
[earth:blue] Round #123
[earth:blue] Round #124
[earth:blue] Round #125
[earth:blue] Round #126
[earth:blue] Round #127
[earth:blue] Round #128
[earth:blue] Round #129
[earth:blue] Round #130
[earth:blue] Round #131
[earth:blue] Round #132
[earth:blue] Round #133
[earth:blue] Round #134
[earth:blue] Round #135
[earth:blue] Round #136
[earth:blue] Round #137
[earth:blue] Round #138
[earth:blue] Round #139
[earth:blue] Round #140
[earth:blue] Round #141
[earth:blue] Round #142
[earth:blue] Round #143
[earth:blue] Round #144
[earth:blue] Round #145
[earth:blue] Round #146
[earth:blue] Round #147
[earth:blue] Round #148
[earth:blue] Round #149
[earth:blue] Round #150
[earth:blue] Round #151
[earth:blue] Round #152
[earth:blue] Round #153
[earth:blue] Round #154
[earth:blue] Round #155
[earth:blue] Round #156
[earth:blue] Round #157
[earth:blue] Round #158
[earth:blue] Round #159
[earth:blue] Round #160
[earth:blue] Round #161
[earth:blue] Round #162
[earth:blue] Round #163
[earth:blue] Round #164
[earth:blue] Round #165
[earth:blue] Round #166
[earth:blue] Round #167
[earth:blue] Round #168
[earth:blue] Round #169
[earth:blue] Round #170
[earth:blue] Round #171
[earth:blue] Round #172
[earth:blue] Round #173
[earth:blue] Round #174
[earth:blue] Round #175
[earth:blue] Round #176
[earth:blue] Round #177
[earth:blue] Round #178
[earth:blue] Round #179
[earth:blue] Round #180
[earth:blue] Round #181
[earth:blue] Round #182
[earth:blue] Round #183
[earth:blue] Round #184
[earth:blue] Round #185
[earth:blue] Round #186
[earth:blue] Round #187
[earth:blue] Round #188
[earth:blue] Round #189
[earth:blue] Round #190
[earth:blue] Round #191
[earth:blue] Round #192
[earth:blue] Round #193
[earth:blue] Round #194
[earth:blue] Round #195
[earth:blue] Round #196
[earth:blue] Round #197
[earth:blue] Round #198
[earth:blue] Round #199
[earth:blue] Round #200
[earth:blue] Round #201
[earth:blue] Round #202
[earth:blue] Round #203
[earth:blue] Round #204
[earth:blue] Round #205
[earth:blue] Round #206
[earth:blue] Round #207
[earth:blue] Round #208
[earth:blue] Round #209
[earth:blue] Round #210
[earth:blue] Round #211
[earth:blue] Round #212
[earth:blue] Round #213
[earth:blue] Round #214
[earth:blue] Round #215
[earth:blue] Round #216
[earth:blue] Round #217
[earth:blue] Round #218
[earth:blue] Round #219
[earth:blue] Round #220
[earth:blue] Round #221
[earth:blue] Round #222
[earth:blue] Round #223
[earth:blue] Round #224
[earth:blue] Round #225
[earth:blue] Round #226
[earth:blue] Round #227
[earth:blue] Round #228
[earth:blue] Round #229
[earth:blue] Round #230
[earth:blue] Round #231
[earth:blue] Round #232
[earth:blue] Round #233
[earth:blue] Round #234
[earth:blue] Round #235
[earth:blue] Round #236
[earth:blue] Round #237
[earth:blue] Round #238
[earth:blue] Round #239
[earth:blue] Round #240
[earth:blue] Round #241
[earth:blue] Round #242
[earth:blue] Round #243
[earth:blue] Round #244
[earth:blue] Round #245
[earth:blue] Round #246
[earth:blue] Round #247
[earth:blue] Round #248
[earth:blue] Round #249
[earth:blue] Round #250
[earth:blue] Round #251
[earth:blue] Round #252
[earth:blue] Round #253
[earth:blue] Round #254
[earth:blue] Round #255
[earth:blue] Round #256
[earth:blue] Round #257
[earth:blue] Round #258
[earth:blue] Round #259
[earth:blue] Round #260
[earth:blue] Round #261
[earth:blue] Round #262
[earth:blue] Round #263
[earth:blue] Round #264
[earth:blue] Round #265
[earth:blue] Round #266
[earth:blue] Round #267
[earth:blue] Round #268
[earth:blue] Round #269
[earth:blue] Round #270
[earth:blue] Round #271
[earth:blue] Round #272
[earth:blue] Round #273
[earth:blue] Round #274
[earth:blue] Round #275
[earth:blue] Round #276
[earth:blue] Round #277
[earth:blue] Round #278
[earth:blue] Round #279
[earth:blue] Round #280
[earth:blue] Round #281
[earth:blue] Round #282
[earth:blue] Round #283
[earth:blue] Round #284
[earth:blue] Round #285
[earth:blue] Round #286
[earth:blue] Round #287
[earth:blue] Round #288
[earth:blue] Round #289
[earth:blue] Round #290
[earth:blue] Round #291
[earth:blue] Round #292
[earth:blue] Round #293
[earth:blue] Round #294
[earth:blue] Round #295
[earth:blue] Round #296
[earth:blue] Round #297
[earth:blue] Round #298
[earth:blue] Round #299
[earth:blue] Round #300
[earth:blue] Round #301
[earth:blue] Round #302
[earth:blue] Round #303
[earth:blue] Round #304
[earth:blue] Round #305
[earth:blue] Round #306
[earth:blue] Round #307
[earth:blue] Round #308
[earth:blue] Round #309
[earth:blue] Round #310
[earth:blue] Round #311
[earth:blue] Round #312
[earth:blue] Round #313
[earth:blue] Round #314
[earth:blue] Round #315
[earth:blue] Round #316
[earth:blue] Round #317
[earth:blue] Round #318
[earth:blue] Round #319
[earth:blue] Round #320
[earth:blue] Round #321
[earth:blue] Round #322
[earth:blue] Round #323
[earth:blue] Round #324
[earth:blue] Round #325
[earth:blue] Round #326
[earth:blue] Round #327
[earth:blue] Round #328
[earth:blue] Round #329
[earth:blue] Round #330
[earth:blue] Round #331
[earth:blue] Round #332
[earth:blue] Round #333
[earth:blue] Round #334
[earth:blue] Round #335
[earth:blue] Round #336
[earth:blue] Round #337
[earth:blue] Round #338
[earth:blue] Round #339
[earth:blue] Round #340
[earth:blue] Round #341
[earth:blue] Round #342
[earth:blue] Round #343
[earth:blue] Round #344
[earth:blue] Round #345
[earth:blue] Round #346
[earth:blue] Round #347
[earth:blue] Round #348
[earth:blue] Round #349
[earth:blue] Round #350
[earth:blue] Round #351
[earth:blue] Round #352
[earth:blue] Round #353
[earth:blue] Round #354
[earth:blue] Round #355
[earth:blue] Round #356
[earth:blue] Round #357
[earth:blue] Round #358
[earth:blue] Round #359
[earth:blue] Round #360
[earth:blue] Round #361
[earth:blue] Round #362
[earth:blue] Round #363
[earth:blue] Round #364
[earth:blue] Round #365
[earth:blue] Round #366
[earth:blue] Round #367
[earth:blue] Round #368
[earth:blue] Round #369
[earth:blue] Round #370
[earth:blue] Round #371
[earth:blue] Round #372
[earth:blue] Round #373
[earth:blue] Round #374
[earth:blue] Round #375
[earth:blue] Round #376
[earth:blue] Round #377
[earth:blue] Round #378
[earth:blue] Round #379
[earth:blue] Round #380
[earth:blue] Round #381
[earth:blue] Round #382
[earth:blue] Round #383
[earth:blue] Round #384
[earth:blue] Round #385
[earth:blue] Round #386
[earth:blue] Round #387
[earth:blue] Round #388
[earth:blue] Round #389
[earth:blue] Round #390
[earth:blue] Round #391
[earth:blue] Round #392
[earth:blue] Round #393
[earth:blue] Round #394
[earth:blue] Round #395
[earth:blue] Round #396
[earth:blue] Round #397
[earth:blue] Round #398
[earth:blue] Round #399
[earth:blue] Round #400
[earth:blue] Round #401
[earth:blue] Round #402
[earth:blue] Round #403
[earth:blue] Round #404
[earth:blue] Round #405
[earth:blue] Round #406
[earth:blue] Round #407
[earth:blue] Round #408
[earth:blue] Round #409
[earth:blue] Round #410
[earth:blue] Round #411
[earth:blue] Round #412
[earth:blue] Round #413
[earth:blue] Round #414
[earth:blue] Round #415
[earth:blue] Round #416
[earth:blue] Round #417
[earth:blue] Round #418
[earth:blue] Round #419
[earth:blue] Round #420
[earth:blue] Round #421
[earth:blue] Round #422
[earth:blue] Round #423
[earth:blue] Round #424
[earth:blue] Round #425
[earth:blue] Round #426
[earth:blue] Round #427
[earth:blue] Round #428
[earth:blue] Round #429
[earth:blue] Round #430
[earth:blue] Round #431
[earth:blue] Round #432
[earth:blue] Round #433
[earth:blue] Round #434
[earth:blue] Round #435
[earth:blue] Round #436
[earth:blue] Round #437
[earth:blue] Round #438
[earth:blue] Round #439
[earth:blue] Round #440
[earth:blue] Round #441
[earth:blue] Round #442
[earth:blue] Round #443
[earth:blue] Round #444
[earth:blue] Round #445
[earth:blue] Round #446
[earth:blue] Round #447
[earth:blue] Round #448
[earth:blue] Round #449
[earth:blue] Round #450
[earth:blue] Round #451
[earth:blue] Round #452
[earth:blue] Round #453
[earth:blue] Round #454
[earth:blue] Round #455
[earth:blue] Round #456
[earth:blue] Round #457
[earth:blue] Round #458
[earth:blue] Round #459
[earth:blue] Round #460
[earth:blue] Round #461
[earth:blue] Round #462
[earth:blue] Round #463
[earth:blue] Round #464
[earth:blue] Round #465
[earth:blue] Round #466
[earth:blue] Round #467
[earth:blue] Round #468
[earth:blue] Round #469
[earth:blue] Round #470
[earth:blue] Round #471
[earth:blue] Round #472
[earth:blue] Round #473
[earth:blue] Round #474
[earth:blue] Round #475
[earth:blue] Round #476
[earth:blue] Round #477
[earth:blue] Round #478
[earth:blue] Round #479
[earth:blue] Round #480
[earth:blue] Round #481
[earth:blue] Round #482
[earth:blue] Round #483
[earth:blue] Round #484
[earth:blue] Round #485
[earth:blue] Round #486
[earth:blue] Round #487
[earth:blue] Round #488
[earth:blue] Round #489
[earth:blue] Round #490
[earth:blue] Round #491
[earth:blue] Round #492
[earth:blue] Round #493
[earth:blue] Round #494
[earth:blue] Round #495
[earth:blue] Round #496
[earth:blue] Round #497
[earth:blue] Round #498
[earth:blue] Round #499
[earth:blue] Round #500
[earth:blue] Round #501
[earth:blue] Round #502
[earth:blue] Round #503
[earth:blue] Round #504
[earth:blue] Round #505
[earth:blue] Round #506
[earth:blue] Round #507
[earth:blue] Round #508
[earth:blue] Round #509
[earth:blue] Round #510
[earth:blue] Round #511
[earth:blue] Round #512
[earth:blue] Round #513
[earth:blue] Round #514
[earth:blue] Round #515
[earth:blue] Round #516
[earth:blue] Round #517
[earth:blue] Round #518
[earth:blue] Round #519
[earth:blue] Round #520
[earth:blue] Round #521
[earth:blue] Round #522
[earth:blue] Round #523
[earth:blue] Round #524
[earth:blue] Round #525
[earth:blue] Round #526
[earth:blue] Round #527
[earth:blue] Round #528
[earth:blue] Round #529
[earth:blue] Round #530
[earth:blue] Round #531
[earth:blue] Round #532
[earth:blue] Round #533
[earth:blue] Round #534
[earth:blue] Round #535
[earth:blue] Round #536
[earth:blue] Round #537
[earth:blue] Round #538
[earth:blue] Round #539
[earth:blue] Round #540
[earth:blue] Round #541
[earth:blue] Round #542
[earth:blue] Round #543
[earth:blue] Round #544
[earth:blue] Round #545
[earth:blue] Round #546
[earth:blue] Round #547
[earth:blue] Round #548
[earth:blue] Round #549
[earth:blue] Round #550
[earth:blue] Round #551
[earth:blue] Round #552
[earth:blue] Round #553
[earth:blue] Round #554
[earth:blue] Round #555
[earth:blue] Round #556
[earth:blue] Round #557
[earth:blue] Round #558
[earth:blue] Round #559
[earth:blue] Round #560
[earth:blue] Round #561
[earth:blue] Round #562
[earth:blue] Round #563
[earth:blue] Round #564
[earth:blue] Round #565
[earth:blue] Round #566
[earth:blue] Round #567
[earth:blue] Round #568
[earth:blue] Round #569
[earth:blue] Round #570
[earth:blue] Round #571
[earth:blue] Round #572
[earth:blue] Round #573
[earth:blue] Round #574
[earth:blue] Round #575
[earth:blue] Round #576
[earth:blue] Round #577
[earth:blue] Round #578
[earth:blue] Round #579
[earth:blue] Round #580
[earth:blue] Round #581
[earth:blue] Round #582
[earth:blue] Round #583
[earth:blue] Round #584
[earth:blue] Round #585
[earth:blue] Round #586
[earth:blue] Round #587
[earth:blue] Round #588
[earth:blue] Round #589
[earth:blue] Round #590
[earth:blue] Round #591
[earth:blue] Round #592
[earth:blue] Round #593
[earth:blue] Round #594
[earth:blue] Round #595
[earth:blue] Round #596
[earth:blue] Round #597
[earth:blue] Round #598
[earth:blue] Round #599
[earth:blue] Round #600
[earth:blue] Round #601
[earth:blue] Round #602
[earth:blue] Round #603
[earth:blue] Round #604
[earth:blue] Round #605
[earth:blue] Round #606
[earth:blue] Round #607
[earth:blue] Round #608
[earth:blue] Round #609
[earth:blue] Round #610
[earth:blue] Round #611
[earth:blue] Round #612
[earth:blue] Round #613
[earth:blue] Round #614
[earth:blue] Round #615
[earth:blue] Round #616
[earth:blue] Round #617
[earth:blue] Round #618
[earth:blue] Round #619
[earth:blue] Round #620
[earth:blue] Round #621
[earth:blue] Round #622
[earth:blue] Round #623
[earth:blue] Round #624
[earth:blue] Round #625
[earth:blue] Round #626
[earth:blue] Round #627
[earth:blue] Round #628
[earth:blue] Round #629
[earth:blue] Round #630
[earth:blue] Round #631
[earth:blue] Round #632
[earth:blue] Round #633
[earth:blue] Round #634
[earth:blue] Round #635
[earth:blue] Round #636
[earth:blue] Round #637
[earth:blue] Round #638
[earth:blue] Round #639
[earth:blue] Round #640
[earth:blue] Round #641
[earth:blue] Round #642
[earth:blue] Round #643
[earth:blue] Round #644
[earth:blue] Round #645
[earth:blue] Round #646
[earth:blue] Round #647
[earth:blue] Round #648
[earth:blue] Round #649
[earth:blue] Round #650
[earth:blue] Round #651
[earth:blue] Round #652
[earth:blue] Round #653
[earth:blue] Round #654
[earth:blue] Round #655
[earth:blue] Round #656
[earth:blue] Round #657
[earth:blue] Round #658
[earth:blue] Round #659
[earth:blue] Round #660
[earth:blue] Round #661
[earth:blue] Round #662
[earth:blue] Round #663
[earth:blue] Round #664
[earth:blue] Round #665
[earth:blue] Round #666
[earth:blue] Round #667
[earth:blue] Round #668
[earth:blue] Round #669
[earth:blue] Round #670
[earth:blue] Round #671
[earth:blue] Round #672
[earth:blue] Round #673
[earth:blue] Round #674
[earth:blue] Round #675
[earth:blue] Round #676
[earth:blue] Round #677
[earth:blue] Round #678
[earth:blue] Round #679
[earth:blue] Round #680
[earth:blue] Round #681
[earth:blue] Round #682
[earth:blue] Round #683
[earth:blue] Round #684
[earth:blue] Round #685
[earth:blue] Round #686
[earth:blue] Round #687
[earth:blue] Round #688
[earth:blue] Round #689
[earth:blue] Round #690
[earth:blue] Round #691
[earth:blue] Round #692
[earth:blue] Round #693
[earth:blue] Round #694
[earth:blue] Round #695
[earth:blue] Round #696
[earth:blue] Round #697
[earth:blue] Round #698
[earth:blue] Round #699
[earth:blue] Round #700
[earth:blue] Round #701
[earth:blue] Round #702
[earth:blue] Round #703
[earth:blue] Round #704
[earth:blue] Round #705
[earth:blue] Round #706
[earth:blue] Round #707
[earth:blue] Round #708
[earth:blue] Round #709
[earth:blue] Round #710
[earth:blue] Round #711
[earth:blue] Round #712
[earth:blue] Round #713
[earth:blue] Round #714
[earth:blue] Round #715
[earth:blue] Round #716
[earth:blue] Round #717
[earth:blue] Round #718
[earth:blue] Round #719
[earth:blue] Round #720
[earth:blue] Round #721
[earth:blue] Round #722
[earth:blue] Round #723
[earth:blue] Round #724
[earth:blue] Round #725
[earth:blue] Round #726
[earth:blue] Round #727
[earth:blue] Round #728
[earth:blue] Round #729
[earth:blue] Round #730
[earth:blue] Round #731
[earth:blue] Round #732
[earth:blue] Round #733
[earth:blue] Round #734
[earth:blue] Round #735
[earth:blue] Round #736
[earth:blue] Round #737
[earth:blue] Round #738
[earth:blue] Round #739
[earth:blue] Round #740
[earth:blue] Round #741
[earth:blue] Round #742
[earth:blue] Round #743
[earth:blue] Round #744
[earth:blue] Round #745
[earth:blue] Round #746
[earth:blue] Round #747
[earth:blue] Round #748
[earth:blue] Round #749
Saving replay to /player/replay.bc18
Ready to run next game.
Loading map /player/battlecode-maps/checkers.bc18map
Running game server on socket unix:///tmp/battlecode-0
Running game...
[earth:red] Note: Some input files use or override a deprecated API.
[earth:red] Note: Recompile with -Xlint:deprecation for details.
[mars:red] Note: Some input files use or override a deprecated API.
[mars:red] Note: Recompile with -Xlint:deprecation for details.
[earth:red] -- Starting battlecode java engine, vroom vroom! --
[earth:red] -- Note: you may get a warning about stack guards, please ignore it. --
[earth:red] Loading linux library: /battlecode/java/bc/libbattlecode-java-linux.so
[earth:red] Java HotSpot(TM) 64-Bit Server VM warning: You have loaded library /battlecode/java/bc/libbattlecode-java-linux.so which might have disabled stack guard. The VM will try to fix the stack guard now.
[earth:red] It's highly recommended that you fix the library with 'execstack -c <libfile>', or link it with '-z noexecstack'.
[earth:red] -- Engine loaded. --
[earth:red] Player connecting to unix:///tmp/battlecode-socket
[mars:red] -- Starting battlecode java engine, vroom vroom! --
[mars:red] -- Note: you may get a warning about stack guards, please ignore it. --
[earth:blue] Note: Some input files use or override a deprecated API.
[earth:blue] Note: Recompile with -Xlint:deprecation for details.
[mars:red] Loading linux library: /battlecode/java/bc/libbattlecode-java-linux.so
[mars:red] Java HotSpot(TM) 64-Bit Server VM warning: You have loaded library /battlecode/java/bc/libbattlecode-java-linux.so which might have disabled stack guard. The VM will try to fix the stack guard now.
[mars:red] It's highly recommended that you fix the library with 'execstack -c <libfile>', or link it with '-z noexecstack'.
[mars:red] -- Engine loaded. --
[mars:red] Player connecting to unix:///tmp/battlecode-socket
[mars:blue] Note: Some input files use or override a deprecated API.
[mars:blue] Note: Recompile with -Xlint:deprecation for details.
[earth:blue] Structure Base initiated
[earth:blue] -- Starting battlecode java engine, vroom vroom! --
[earth:blue] -- Note: you may get a warning about stack guards, please ignore it. --
[earth:blue] Loading linux library: /battlecode/java/bc/libbattlecode-java-linux.so
[earth:blue] Java HotSpot(TM) 64-Bit Server VM warning: You have loaded library /battlecode/java/bc/libbattlecode-java-linux.so which might have disabled stack guard. The VM will try to fix the stack guard now.
[earth:blue] It's highly recommended that you fix the library with 'execstack -c <libfile>', or link it with '-z noexecstack'.
[earth:blue] -- Engine loaded. --
[earth:blue] Player connecting to unix:///tmp/battlecode-socket
[mars:blue] Structure Base initiated
[mars:blue] -- Starting battlecode java engine, vroom vroom! --
[mars:blue] -- Note: you may get a warning about stack guards, please ignore it. --
[mars:blue] Loading linux library: /battlecode/java/bc/libbattlecode-java-linux.so
[mars:blue] Java HotSpot(TM) 64-Bit Server VM warning: You have loaded library /battlecode/java/bc/libbattlecode-java-linux.so which might have disabled stack guard. The VM will try to fix the stack guard now.
[mars:blue] It's highly recommended that you fix the library with 'execstack -c <libfile>', or link it with '-z noexecstack'.
[mars:blue] -- Engine loaded. --
[mars:blue] Player connecting to unix:///tmp/battlecode-socket
[earth:blue] Successfully connected to the manager!
[earth:red] Successfully connected to the manager!
[earth:blue] Running PlayerController...
[earth:blue] Earth Controller initiated
[earth:blue] Round #1
[mars:red] Successfully connected to the manager!
[mars:blue] Successfully connected to the manager!
[mars:blue] Running PlayerController...
[mars:blue] Mars Controller initiated
[earth:blue] Round #2
[earth:blue] Round #3
[earth:blue] Round #4
[earth:blue] Round #5
[earth:blue] Round #6
[earth:blue] Round #7
[earth:blue] Round #8
[earth:blue] Round #9
[earth:blue] Round #10
[earth:blue] Round #11
[earth:blue] Round #12
[earth:blue] Round #13
[earth:blue] Round #14
[earth:blue] Round #15
[earth:blue] Round #16
[earth:blue] Round #17
[earth:blue] Round #18
[earth:blue] Round #19
[earth:blue] Round #20
[earth:blue] Round #21
[earth:blue] Round #22
[earth:blue] Round #23
[earth:blue] Round #24
[earth:blue] Round #25
[earth:blue] Round #26
[earth:blue] Round #27
[earth:blue] Round #28
[earth:blue] Round #29
[earth:blue] Round #30
[earth:blue] Round #31
[earth:blue] Round #32
[earth:blue] Round #33
[earth:blue] Round #34
[earth:blue] Round #35
[earth:blue] Round #36
[earth:blue] Round #37
[earth:blue] Round #38
[earth:blue] Round #39
[earth:blue] Round #40
[earth:blue] Round #41
[earth:blue] Round #42
[earth:blue] Round #43
[earth:blue] Round #44
[earth:blue] Round #45
[earth:blue] Round #46
[earth:blue] Round #47
[earth:blue] Round #48
[earth:blue] Round #49
[earth:blue] Round #50
[earth:blue] Round #51
[earth:blue] Round #52
[earth:blue] Round #53
[earth:blue] Round #54
[earth:blue] Round #55
[earth:blue] Round #56
[earth:blue] Round #57
[earth:blue] Round #58
[earth:blue] Round #59
[earth:blue] Round #60
[earth:blue] Round #61
[earth:blue] Round #62
[earth:blue] Round #63
[earth:blue] Round #64
[earth:blue] Round #65
[earth:blue] Round #66
[earth:blue] Round #67
[earth:blue] Round #68
[earth:blue] Round #69
[earth:blue] Round #70
[earth:blue] Round #71
[earth:blue] Round #72
[earth:blue] Round #73
[earth:blue] Round #74
[earth:blue] Round #75
[earth:blue] Round #76
[earth:blue] Round #77
[earth:blue] Round #78
[earth:blue] Round #79
[earth:blue] Round #80
[earth:blue] Round #81
[earth:blue] Round #82
[earth:blue] Round #83
[earth:blue] Round #84
[earth:blue] Round #85
[earth:blue] Round #86
[earth:blue] Round #87
[earth:blue] Round #88
[earth:blue] Round #89
[earth:blue] Round #90
[earth:blue] Round #91
[earth:blue] Round #92
[earth:blue] Round #93
[earth:blue] Round #94
[earth:blue] Round #95
[earth:blue] Round #96
[earth:blue] Round #97
[earth:blue] Round #98
[earth:blue] Round #99
[earth:blue] Round #100
[earth:blue] Round #101
[earth:blue] Round #102
[earth:blue] Round #103
[earth:blue] Round #104
[earth:blue] Round #105
[earth:blue] Round #106
[earth:blue] Round #107
[earth:blue] Round #108
[earth:blue] Round #109
[earth:blue] Round #110
[earth:blue] Round #111
[earth:blue] Round #112
[earth:blue] Round #113
[earth:blue] Round #114
[earth:blue] Round #115
[earth:blue] Round #116
[earth:blue] Round #117
[earth:blue] Round #118
[earth:blue] Round #119
[earth:blue] Round #120
[earth:blue] Round #121
[earth:blue] Round #122
[earth:blue] Round #123
[earth:blue] Round #124
[earth:blue] Round #125
[earth:blue] Round #126
[earth:blue] Round #127
[earth:blue] Round #128
[earth:blue] Round #129
[earth:blue] Round #130
[earth:blue] Round #131
[earth:blue] Round #132
[earth:blue] Round #133
[earth:blue] Round #134
[earth:blue] Round #135
[earth:blue] Round #136
[earth:blue] Round #137
[earth:blue] Round #138
[earth:blue] Round #139
[earth:blue] Round #140
[earth:blue] Round #141
[earth:blue] Round #142
[earth:blue] Round #143
[earth:blue] Round #144
[earth:blue] Round #145
[earth:blue] Round #146
[earth:blue] Round #147
[earth:blue] Round #148
[earth:blue] Round #149
[earth:blue] Round #150
[earth:blue] Round #151
[earth:blue] Round #152
[earth:blue] Round #153
[earth:blue] Round #154
[earth:blue] Round #155
[earth:blue] Round #156
[earth:blue] Round #157
[earth:blue] Round #158
[earth:blue] Round #159
[earth:blue] Round #160
[earth:blue] Round #161
[earth:blue] Round #162
[earth:blue] Round #163
[earth:blue] Round #164
[earth:blue] Round #165
[earth:blue] Round #166
[earth:blue] Round #167
[earth:blue] Round #168
[earth:blue] Round #169
[earth:blue] Round #170
[earth:blue] Round #171
[earth:blue] Round #172
[earth:blue] Round #173
[earth:blue] Round #174
[earth:blue] Round #175
[earth:blue] Round #176
[earth:blue] Round #177
[earth:blue] Round #178
[earth:blue] Round #179
[earth:blue] Round #180
[earth:blue] Round #181
[earth:blue] Round #182
[earth:blue] Round #183
[earth:blue] Round #184
[earth:blue] Round #185
[earth:blue] Round #186
[earth:blue] Round #187
[earth:blue] Round #188
[earth:blue] Round #189
[earth:blue] Round #190
[earth:blue] Round #191
[earth:blue] Round #192
[earth:blue] Round #193
[earth:blue] Round #194
[earth:blue] Round #195
[earth:blue] Round #196
[earth:blue] Round #197
[earth:blue] Round #198
[earth:blue] Round #199
[earth:blue] Round #200
[earth:blue] Round #201
[earth:blue] Round #202
[earth:blue] Round #203
[earth:blue] Round #204
[earth:blue] Round #205
[earth:blue] Round #206
[earth:blue] Round #207
[earth:blue] Round #208
[earth:blue] Round #209
[earth:blue] Round #210
[earth:blue] Round #211
[earth:blue] Round #212
[earth:blue] Round #213
[earth:blue] Round #214
[earth:blue] Round #215
[earth:blue] Round #216
[earth:blue] Round #217
[earth:blue] Round #218
[earth:blue] Round #219
[earth:blue] Round #220
[earth:blue] Round #221
[earth:blue] Round #222
[earth:blue] Round #223
[earth:blue] Round #224
[earth:blue] Round #225
[earth:blue] Round #226
[earth:blue] Round #227
[earth:blue] Round #228
[earth:blue] Round #229
[earth:blue] Round #230
[earth:blue] Round #231
[earth:blue] Round #232
[earth:blue] Round #233
[earth:blue] Round #234
[earth:blue] Round #235
[earth:blue] Round #236
[earth:blue] Round #237
[earth:blue] Round #238
[earth:blue] Round #239
[earth:blue] Round #240
[earth:blue] Round #241
[earth:blue] Round #242
[earth:blue] Round #243
[earth:blue] Round #244
[earth:blue] Round #245
[earth:blue] Round #246
[earth:blue] Round #247
[earth:blue] Round #248
[earth:blue] Round #249
[earth:blue] Round #250
[earth:blue] Round #251
[earth:blue] Round #252
[earth:blue] Round #253
[earth:blue] Round #254
[earth:blue] Round #255
[earth:blue] Round #256
[earth:blue] Round #257
[earth:blue] Round #258
[earth:blue] Round #259
[earth:blue] Round #260
[earth:blue] Round #261
[earth:blue] Round #262
[earth:blue] Round #263
[earth:blue] Round #264
[earth:blue] Round #265
[earth:blue] Round #266
[earth:blue] Round #267
[earth:blue] Round #268
[earth:blue] Round #269
[earth:blue] Round #270
[earth:blue] Round #271
[earth:blue] Round #272
[earth:blue] Round #273
[earth:blue] Round #274
[earth:blue] Round #275
[earth:blue] Round #276
[earth:blue] Round #277
[earth:blue] Round #278
[earth:blue] Round #279
[earth:blue] Round #280
[earth:blue] Round #281
[earth:blue] Round #282
[earth:blue] Round #283
[earth:blue] Round #284
[earth:blue] Round #285
[earth:blue] Round #286
[earth:blue] Round #287
[earth:blue] Round #288
[earth:blue] Round #289
[earth:blue] Round #290
[earth:blue] Round #291
[earth:blue] Round #292
[earth:blue] Round #293
[earth:blue] Round #294
[earth:blue] Round #295
[earth:blue] Round #296
[earth:blue] Round #297
[earth:blue] Round #298
[earth:blue] Round #299
[earth:blue] Round #300
[earth:blue] Round #301
[earth:blue] Round #302
[earth:blue] Round #303
[earth:blue] Round #304
[earth:blue] Round #305
[earth:blue] Round #306
[earth:blue] Round #307
[earth:blue] Round #308
[earth:blue] Round #309
[earth:blue] Round #310
[earth:blue] Round #311
[earth:blue] Round #312
[earth:blue] Round #313
[earth:blue] Round #314
[earth:blue] Round #315
[earth:blue] Round #316
[earth:blue] Round #317
[earth:blue] Round #318
[earth:blue] Round #319
[earth:blue] Round #320
[earth:blue] Round #321
[earth:blue] Round #322
[earth:blue] Round #323
[earth:blue] Round #324
[earth:blue] Round #325
[earth:blue] Round #326
[earth:blue] Round #327
[earth:blue] Round #328
[earth:blue] Round #329
[earth:blue] Round #330
[earth:blue] Round #331
[earth:blue] Round #332
[earth:blue] Round #333
[earth:blue] Round #334
[earth:blue] Round #335
[earth:blue] Round #336
[earth:blue] Round #337
[earth:blue] Round #338
[earth:blue] Round #339
[earth:blue] Round #340
[earth:blue] Round #341
[earth:blue] Round #342
[earth:blue] Round #343
[earth:blue] Round #344
[earth:blue] Round #345
[earth:blue] Round #346
[earth:blue] Round #347
[earth:blue] Round #348
[earth:blue] Round #349
[earth:blue] Round #350
[earth:blue] Round #351
[earth:blue] Round #352
[earth:blue] Round #353
[earth:blue] Round #354
[earth:blue] Round #355
[earth:blue] Round #356
[earth:blue] Round #357
[earth:blue] Round #358
[earth:blue] Round #359
[earth:blue] Round #360
[earth:blue] Round #361
[earth:blue] Round #362
[earth:blue] Round #363
[earth:blue] Round #364
[earth:blue] Round #365
[earth:blue] Round #366
[earth:blue] Round #367
[earth:blue] Round #368
[earth:blue] Round #369
[earth:blue] Round #370
[earth:blue] Round #371
[earth:blue] Round #372
[earth:blue] Round #373
[earth:blue] Round #374
[earth:blue] Round #375
[earth:blue] Round #376
[earth:blue] Round #377
[earth:blue] Round #378
[earth:blue] Round #379
[earth:blue] Round #380
[earth:blue] Round #381
[earth:blue] Round #382
[earth:blue] Round #383
[earth:blue] Round #384
[earth:blue] Round #385
[earth:blue] Round #386
[earth:blue] Round #387
[earth:blue] Round #388
[earth:blue] Round #389
[earth:blue] Round #390
[earth:blue] Round #391
[earth:blue] Round #392
[earth:blue] Round #393
[earth:blue] Round #394
[earth:blue] Round #395
[earth:blue] Round #396
[earth:blue] Round #397
[earth:blue] Round #398
[earth:blue] Round #399
[earth:blue] Round #400
[earth:blue] Round #401
[earth:blue] Round #402
[earth:blue] Round #403
[earth:blue] Round #404
[earth:blue] Round #405
[earth:blue] Round #406
[earth:blue] Round #407
[earth:blue] Round #408
[earth:blue] Round #409
[earth:blue] Round #410
[earth:blue] Round #411
[earth:blue] Round #412
[earth:blue] Round #413
[earth:blue] Round #414
[earth:blue] Round #415
[earth:blue] Round #416
[earth:blue] Round #417
[earth:blue] Round #418
[earth:blue] Round #419
[earth:blue] Round #420
[earth:blue] Round #421
[earth:blue] Round #422
[earth:blue] Round #423
[earth:blue] Round #424
[earth:blue] Round #425
[earth:blue] Round #426
[earth:blue] Round #427
[earth:blue] Round #428
[earth:blue] Round #429
[earth:blue] Round #430
[earth:blue] Round #431
[earth:blue] Round #432
[earth:blue] Round #433
[earth:blue] Round #434
[earth:blue] Round #435
[earth:blue] Round #436
[earth:blue] Round #437
[earth:blue] Round #438
[earth:blue] Round #439
[earth:blue] Round #440
[earth:blue] Round #441
[earth:blue] Round #442
[earth:blue] Round #443
[earth:blue] Round #444
[earth:blue] Round #445
[earth:blue] Round #446
[earth:blue] Round #447
[earth:blue] Round #448
[earth:blue] Round #449
[earth:blue] Round #450
[earth:blue] Round #451
[earth:blue] Round #452
[earth:blue] Round #453
[earth:blue] Round #454
[earth:blue] Round #455
[earth:blue] Round #456
[earth:blue] Round #457
[earth:blue] Round #458
[earth:blue] Round #459
[earth:blue] Round #460
[earth:blue] Round #461
[earth:blue] Round #462
[earth:blue] Round #463
[earth:blue] Round #464
[earth:blue] Round #465
[earth:blue] Round #466
[earth:blue] Round #467
[earth:blue] Round #468
[earth:blue] Round #469
[earth:blue] Round #470
[earth:blue] Round #471
[earth:blue] Round #472
[earth:blue] Round #473
[earth:blue] Round #474
[earth:blue] Round #475
[earth:blue] Round #476
[earth:blue] Round #477
[earth:blue] Round #478
[earth:blue] Round #479
[earth:blue] Round #480
[earth:blue] Round #481
[earth:blue] Round #482
[earth:blue] Round #483
[earth:blue] Round #484
[earth:blue] Round #485
[earth:blue] Round #486
[earth:blue] Round #487
[earth:blue] Round #488
[earth:blue] Round #489
[earth:blue] Round #490
[earth:blue] Round #491
[earth:blue] Round #492
[earth:blue] Round #493
[earth:blue] Round #494
[earth:blue] Round #495
[earth:blue] Round #496
[earth:blue] Round #497
[earth:blue] Round #498
[earth:blue] Round #499
[earth:blue] Round #500
[earth:blue] Round #501
[earth:blue] Round #502
[earth:blue] Round #503
[earth:blue] Round #504
[earth:blue] Round #505
[earth:blue] Round #506
[earth:blue] Round #507
[earth:blue] Round #508
[earth:blue] Round #509
[earth:blue] Round #510
[earth:blue] Round #511
[earth:blue] Round #512
[earth:blue] Round #513
[earth:blue] Round #514
[earth:blue] Round #515
[earth:blue] Round #516
[earth:blue] Round #517
[earth:blue] Round #518
[earth:blue] Round #519
[earth:blue] Round #520
[earth:blue] Round #521
[earth:blue] Round #522
[earth:blue] Round #523
[earth:blue] Round #524
[earth:blue] Round #525
[earth:blue] Round #526
[earth:blue] Round #527
[earth:blue] Round #528
[earth:blue] Round #529
[earth:blue] Round #530
[earth:blue] Round #531
[earth:blue] Round #532
[earth:blue] Round #533
[earth:blue] Round #534
[earth:blue] Round #535
[earth:blue] Round #536
[earth:blue] Round #537
[earth:blue] Round #538
[earth:blue] Round #539
[earth:blue] Round #540
[earth:blue] Round #541
[earth:blue] Round #542
[earth:blue] Round #543
[earth:blue] Round #544
[earth:blue] Round #545
[earth:blue] Round #546
[earth:blue] Round #547
[earth:blue] Round #548
[earth:blue] Round #549
[earth:blue] Round #550
[earth:blue] Round #551
[earth:blue] Round #552
[earth:blue] Round #553
[earth:blue] Round #554
[earth:blue] Round #555
[earth:blue] Round #556
[earth:blue] Round #557
[earth:blue] Round #558
[earth:blue] Round #559
[earth:blue] Round #560
[earth:blue] Round #561
[earth:blue] Round #562
[earth:blue] Round #563
[earth:blue] Round #564
[earth:blue] Round #565
[earth:blue] Round #566
[earth:blue] Round #567
[earth:blue] Round #568
[earth:blue] Round #569
[earth:blue] Round #570
[earth:blue] Round #571
[earth:blue] Round #572
[earth:blue] Round #573
[earth:blue] Round #574
[earth:blue] Round #575
[earth:blue] Round #576
[earth:blue] Round #577
[earth:blue] Round #578
[earth:blue] Round #579
[earth:blue] Round #580
[earth:blue] Round #581
[earth:blue] Round #582
[earth:blue] Round #583
[earth:blue] Round #584
[earth:blue] Round #585
[earth:blue] Round #586
[earth:blue] Round #587
[earth:blue] Round #588
[earth:blue] Round #589
[earth:blue] Round #590
[earth:blue] Round #591
[earth:blue] Round #592
[earth:blue] Round #593
[earth:blue] Round #594
[earth:blue] Round #595
[earth:blue] Round #596
[earth:blue] Round #597
[earth:blue] Round #598
[earth:blue] Round #599
[earth:blue] Round #600
[earth:blue] Round #601
[earth:blue] Round #602
[earth:blue] Round #603
[earth:blue] Round #604
[earth:blue] Round #605
[earth:blue] Round #606
[earth:blue] Round #607
[earth:blue] Round #608
[earth:blue] Round #609
[earth:blue] Round #610
[earth:blue] Round #611
[earth:blue] Round #612
[earth:blue] Round #613
[earth:blue] Round #614
[earth:blue] Round #615
[earth:blue] Round #616
[earth:blue] Round #617
[earth:blue] Round #618
[earth:blue] Round #619
[earth:blue] Round #620
[earth:blue] Round #621
[earth:blue] Round #622
[earth:blue] Round #623
[earth:blue] Round #624
[earth:blue] Round #625
[earth:blue] Round #626
[earth:blue] Round #627
[earth:blue] Round #628
[earth:blue] Round #629
[earth:blue] Round #630
[earth:blue] Round #631
[earth:blue] Round #632
[earth:blue] Round #633
[earth:blue] Round #634
[earth:blue] Round #635
[earth:blue] Round #636
[earth:blue] Round #637
[earth:blue] Round #638
[earth:blue] Round #639
[earth:blue] Round #640
[earth:blue] Round #641
[earth:blue] Round #642
[earth:blue] Round #643
[earth:blue] Round #644
[earth:blue] Round #645
[earth:blue] Round #646
[earth:blue] Round #647
[earth:blue] Round #648
[earth:blue] Round #649
[earth:blue] Round #650
[earth:blue] Round #651
[earth:blue] Round #652
[earth:blue] Round #653
[earth:blue] Round #654
[earth:blue] Round #655
[earth:blue] Round #656
[earth:blue] Round #657
[earth:blue] Round #658
[earth:blue] Round #659
[earth:blue] Round #660
[earth:blue] Round #661
[earth:blue] Round #662
[earth:blue] Round #663
[earth:blue] Round #664
[earth:blue] Round #665
[earth:blue] Round #666
[earth:blue] Round #667
[earth:blue] Round #668
[earth:blue] Round #669
[earth:blue] Round #670
[earth:blue] Round #671
[earth:blue] Round #672
[earth:blue] Round #673
[earth:blue] Round #674
[earth:blue] Round #675
[earth:blue] Round #676
[earth:blue] Round #677
[earth:blue] Round #678
[earth:blue] Round #679
[earth:blue] Round #680
[earth:blue] Round #681
[earth:blue] Round #682
[earth:blue] Round #683
[earth:blue] Round #684
[earth:blue] Round #685
[earth:blue] Round #686
[earth:blue] Round #687
[earth:blue] Round #688
[earth:blue] Round #689
[earth:blue] Round #690
[earth:blue] Round #691
[earth:blue] Round #692
[earth:blue] Round #693
[earth:blue] Round #694
[earth:blue] Round #695
[earth:blue] Round #696
[earth:blue] Round #697
[earth:blue] Round #698
[earth:blue] Round #699
[earth:blue] Round #700
[earth:blue] Round #701
[earth:blue] Round #702
[earth:blue] Round #703
[earth:blue] Round #704
[earth:blue] Round #705
[earth:blue] Round #706
[earth:blue] Round #707
[earth:blue] Round #708
[earth:blue] Round #709
[earth:blue] Round #710
[earth:blue] Round #711
[earth:blue] Round #712
[earth:blue] Round #713
[earth:blue] Round #714
[earth:blue] Round #715
[earth:blue] Round #716
[earth:blue] Round #717
[earth:blue] Round #718
[earth:blue] Round #719
[earth:blue] Round #720
[earth:blue] Round #721
[earth:blue] Round #722
[earth:blue] Round #723
[earth:blue] Round #724
[earth:blue] Round #725
[earth:blue] Round #726
[earth:blue] Round #727
[earth:blue] Round #728
[earth:blue] Round #729
[earth:blue] Round #730
[earth:blue] Round #731
[earth:blue] Round #732
[earth:blue] Round #733
[earth:blue] Round #734
[earth:blue] Round #735
[earth:blue] Round #736
[earth:blue] Round #737
[earth:blue] Round #738
[earth:blue] Round #739
[earth:blue] Round #740
[earth:blue] Round #741
[earth:blue] Round #742
[earth:blue] Round #743
[earth:blue] Round #744
[earth:blue] Round #745
[earth:blue] Round #746
[earth:blue] Round #747
[earth:blue] Round #748
[earth:blue] Round #749
Saving replay to /player/replay.bc18
Ready to run next game.
Loading map /player/battlecode-maps/harmony.bc18map
Running game server on socket unix:///tmp/battlecode-0
Running game...
[earth:red] Note: Some input files use or override a deprecated API.
[earth:red] Note: Recompile with -Xlint:deprecation for details.
[earth:red] -- Starting battlecode java engine, vroom vroom! --
[mars:red] Note: Some input files use or override a deprecated API.
[earth:red] -- Note: you may get a warning about stack guards, please ignore it. --
[mars:red] Note: Recompile with -Xlint:deprecation for details.
[earth:red] Loading linux library: /battlecode/java/bc/libbattlecode-java-linux.so
[earth:red] Java HotSpot(TM) 64-Bit Server VM warning: You have loaded library /battlecode/java/bc/libbattlecode-java-linux.so which might have disabled stack guard. The VM will try to fix the stack guard now.
[earth:red] It's highly recommended that you fix the library with 'execstack -c <libfile>', or link it with '-z noexecstack'.
[earth:red] -- Engine loaded. --
[earth:red] Player connecting to unix:///tmp/battlecode-socket
[mars:red] -- Starting battlecode java engine, vroom vroom! --
[mars:red] -- Note: you may get a warning about stack guards, please ignore it. --
[mars:red] Loading linux library: /battlecode/java/bc/libbattlecode-java-linux.so
[mars:red] Java HotSpot(TM) 64-Bit Server VM warning: You have loaded library /battlecode/java/bc/libbattlecode-java-linux.so which might have disabled stack guard. The VM will try to fix the stack guard now.
[mars:red] It's highly recommended that you fix the library with 'execstack -c <libfile>', or link it with '-z noexecstack'.
[mars:red] -- Engine loaded. --
[mars:red] Player connecting to unix:///tmp/battlecode-socket
[earth:blue] Note: Some input files use or override a deprecated API.
[earth:blue] Note: Recompile with -Xlint:deprecation for details.
[mars:blue] Note: Some input files use or override a deprecated API.
[mars:blue] Note: Recompile with -Xlint:deprecation for details.
[earth:blue] Structure Base initiated
[earth:blue] -- Starting battlecode java engine, vroom vroom! --
[earth:blue] -- Note: you may get a warning about stack guards, please ignore it. --
[mars:blue] Structure Base initiated
[mars:blue] -- Starting battlecode java engine, vroom vroom! --
[earth:blue] Loading linux library: /battlecode/java/bc/libbattlecode-java-linux.so
[earth:blue] Java HotSpot(TM) 64-Bit Server VM warning: You have loaded library /battlecode/java/bc/libbattlecode-java-linux.so which might have disabled stack guard. The VM will try to fix the stack guard now.
[earth:blue] It's highly recommended that you fix the library with 'execstack -c <libfile>', or link it with '-z noexecstack'.
[earth:blue] -- Engine loaded. --
[earth:blue] Player connecting to unix:///tmp/battlecode-socket
[mars:blue] -- Note: you may get a warning about stack guards, please ignore it. --
[mars:blue] Loading linux library: /battlecode/java/bc/libbattlecode-java-linux.so
[mars:blue] Java HotSpot(TM) 64-Bit Server VM warning: You have loaded library /battlecode/java/bc/libbattlecode-java-linux.so which might have disabled stack guard. The VM will try to fix the stack guard now.
[mars:blue] It's highly recommended that you fix the library with 'execstack -c <libfile>', or link it with '-z noexecstack'.
[mars:blue] -- Engine loaded. --
[mars:blue] Player connecting to unix:///tmp/battlecode-socket
[earth:red] Successfully connected to the manager!
[earth:blue] Successfully connected to the manager!
[earth:blue] Running PlayerController...
[earth:blue] Earth Controller initiated
[earth:blue] Round #1
[mars:red] Successfully connected to the manager!
[mars:blue] Successfully connected to the manager!
[mars:blue] Running PlayerController...
[mars:blue] Mars Controller initiated
[earth:blue] Round #2
[earth:blue] Round #3
[earth:blue] Unit { id: 49768, team: Blue, level: 0, unit_type: Worker, location: OnMap(MapLocation { planet: Earth, x: 1, y: 2 }), health: 100, max_health: 100, vision_range: 50, damage: 0, attack_range: 0, movement_heat: 0, attack_heat: 0, movement_cooldown: 20, attack_cooldown: 0, is_ability_unlocked: true, ability_heat: 0, ability_cooldown: 500, ability_range: 2, has_worker_acted: false, build_health: 5, repair_health: 10, harvest_amount: 3, defense: 5, cannot_attack_range: 10, countdown: 0, max_countdown: 5, target_location: None, self_heal_amount: 1, is_built: false, max_capacity: 8, garrison: [], factory_unit_type: None, factory_rounds_left: None, factory_max_rounds_left: 5, is_used: false, blast_damage: 50, travel_time_decrease: 0 }
[earth:blue] Round #4
[earth:blue] Round #5
[earth:blue] Round #6
[earth:blue] Round #7
[earth:blue] Round #8
[earth:blue] Round #9
[earth:blue] Round #10
[earth:blue] Round #11
[earth:blue] Round #12
[earth:blue] Round #13
[earth:blue] Round #14
[earth:blue] Round #15
[earth:blue] Round #16
[earth:blue] Round #17
[earth:blue] Round #18
[earth:blue] Round #19
[earth:blue] Round #20
[earth:blue] Round #21
[earth:blue] Round #22
[earth:blue] Round #23
[earth:blue] Round #24
[earth:blue] Round #25
[earth:blue] Round #26
[earth:blue] Round #27
[earth:blue] Round #28
[earth:blue] Round #29
[earth:blue] Round #30
[earth:blue] Round #31
[earth:blue] Round #32
[earth:blue] Round #33
[earth:blue] Round #34
[earth:blue] Round #35
[earth:blue] Round #36
[earth:blue] Round #37
[earth:blue] Round #38
[earth:blue] Round #39
[earth:blue] Round #40
[earth:blue] Round #41
[earth:blue] Round #42
[earth:blue] Round #43
[earth:blue] Round #44
[earth:blue] Round #45
[earth:blue] Round #46
[earth:blue] Round #47
[earth:blue] Round #48
[earth:blue] Round #49
[earth:blue] Round #50
[earth:blue] Round #51
[earth:blue] Round #52
[earth:blue] Round #53
[earth:blue] Round #54
[earth:blue] Round #55
[earth:blue] Round #56
[earth:blue] Round #57
[earth:blue] Round #58
[earth:blue] Round #59
[earth:blue] Round #60
[earth:blue] Round #61
[earth:blue] Round #62
[earth:blue] Round #63
[earth:blue] Round #64
[earth:blue] Round #65
[earth:blue] Round #66
[earth:blue] Round #67
[earth:blue] Round #68
[earth:blue] Round #69
[earth:blue] Round #70
[earth:blue] Round #71
[earth:blue] Round #72
[earth:blue] Round #73
[earth:blue] Round #74
[earth:blue] Round #75
[earth:blue] Round #76
[earth:blue] Round #77
[earth:blue] Round #78
[earth:blue] Round #79
[earth:blue] Round #80
[earth:blue] Round #81
[earth:blue] Round #82
[earth:blue] Round #83
[earth:blue] Round #84
[earth:blue] Round #85
[earth:blue] Round #86
[earth:blue] Round #87
[earth:blue] Round #88
[earth:blue] Round #89
[earth:blue] Round #90
[earth:blue] Round #91
[earth:blue] Round #92
[earth:blue] Round #93
[earth:blue] Round #94
[earth:blue] Round #95
[earth:blue] Round #96
[earth:blue] Round #97
[earth:blue] Round #98
[earth:blue] Round #99
[earth:blue] Round #100
[earth:blue] Round #101
[earth:blue] Round #102
[earth:blue] Round #103
[earth:blue] Round #104
[earth:blue] Round #105
[earth:blue] Round #106
[earth:blue] Round #107
[earth:blue] Round #108
[earth:blue] Round #109
[earth:blue] Round #110
[earth:blue] Round #111
[earth:blue] Round #112
[earth:blue] Round #113
[earth:blue] Round #114
[earth:blue] Round #115
[earth:blue] Round #116
[earth:blue] Round #117
[earth:blue] Round #118
[earth:blue] Round #119
[earth:blue] Round #120
[earth:blue] Round #121
[earth:blue] Round #122
[earth:blue] Round #123
[earth:blue] Round #124
[earth:blue] Round #125
[earth:blue] Round #126
[earth:blue] Round #127
[earth:blue] Round #128
[earth:blue] Round #129
[earth:blue] Round #130
[earth:blue] Round #131
[earth:blue] Round #132
[earth:blue] Round #133
[earth:blue] Round #134
[earth:blue] Round #135
[earth:blue] Round #136
[earth:blue] Round #137
[earth:blue] Round #138
[earth:blue] Round #139
[earth:blue] Round #140
[earth:blue] Round #141
[earth:blue] Round #142
[earth:blue] Round #143
[earth:blue] Round #144
[earth:blue] Round #145
[earth:blue] Round #146
[earth:blue] Round #147
[earth:blue] Round #148
[earth:blue] Round #149
[earth:blue] Round #150
[earth:blue] Round #151
[earth:blue] Round #152
[earth:blue] Round #153
[earth:blue] Round #154
[earth:blue] Round #155
[earth:blue] Round #156
[earth:blue] Round #157
[earth:blue] Round #158
[earth:blue] Round #159
[earth:blue] Round #160
[earth:blue] Round #161
[earth:blue] Round #162
[earth:blue] Round #163
[earth:blue] Round #164
[earth:blue] Round #165
[earth:blue] Round #166
[earth:blue] Round #167
[earth:blue] Round #168
[earth:blue] Round #169
[earth:blue] Round #170
[earth:blue] Round #171
[earth:blue] Round #172
[earth:blue] Round #173
[earth:blue] Round #174
[earth:blue] Round #175
[earth:blue] Round #176
[earth:blue] Round #177
[earth:blue] Round #178
[earth:blue] Round #179
[earth:blue] Round #180
[earth:blue] Round #181
[earth:blue] Round #182
[earth:blue] Round #183
[earth:blue] Round #184
[earth:blue] Round #185
[earth:blue] Round #186
[earth:blue] Round #187
[earth:blue] Round #188
[earth:blue] Round #189
[earth:blue] Round #190
[earth:blue] Round #191
[earth:blue] Round #192
[earth:blue] Round #193
[earth:blue] Round #194
[earth:blue] Round #195
[earth:blue] Round #196
[earth:blue] Round #197
[earth:blue] Round #198
[earth:blue] Round #199
[earth:blue] Round #200
[earth:blue] Round #201
[earth:blue] Round #202
[earth:blue] Round #203
[earth:blue] Round #204
[earth:blue] Round #205
[earth:blue] Round #206
[earth:blue] Round #207
[earth:blue] Round #208
[earth:blue] Round #209
[earth:blue] Round #210
[earth:blue] Round #211
[earth:blue] Round #212
[earth:blue] Round #213
[earth:blue] Round #214
[earth:blue] Round #215
[earth:blue] Round #216
[earth:blue] Round #217
[earth:blue] Round #218
[earth:blue] Round #219
[earth:blue] Round #220
[earth:blue] Round #221
[earth:blue] Round #222
[earth:blue] Round #223
[earth:blue] Round #224
[earth:blue] Round #225
[earth:blue] Round #226
[earth:blue] Round #227
[earth:blue] Round #228
[earth:blue] Round #229
[earth:blue] Round #230
[earth:blue] Round #231
[earth:blue] Round #232
[earth:blue] Round #233
[earth:blue] Round #234
[earth:blue] Round #235
[earth:blue] Round #236
[earth:blue] Round #237
[earth:blue] Round #238
[earth:blue] Round #239
[earth:blue] Round #240
[earth:blue] Round #241
[earth:blue] Round #242
[earth:blue] Round #243
[earth:blue] Round #244
[earth:blue] Round #245
[earth:blue] Round #246
[earth:blue] Round #247
[earth:blue] Round #248
[earth:blue] Round #249
[earth:blue] Round #250
[earth:blue] Round #251
[earth:blue] Round #252
[earth:blue] Round #253
[earth:blue] Round #254
[earth:blue] Round #255
[earth:blue] Round #256
[earth:blue] Round #257
[earth:blue] Round #258
[earth:blue] Round #259
[earth:blue] Round #260
[earth:blue] Round #261
[earth:blue] Round #262
[earth:blue] Round #263
[earth:blue] Round #264
[earth:blue] Round #265
[earth:blue] Round #266
[earth:blue] Round #267
[earth:blue] Round #268
[earth:blue] Round #269
[earth:blue] Round #270
[earth:blue] Round #271
[earth:blue] Round #272
[earth:blue] Round #273
[earth:blue] Round #274
[earth:blue] Round #275
[earth:blue] Round #276
[earth:blue] Round #277
[earth:blue] Round #278
[earth:blue] Round #279
[earth:blue] Round #280
[earth:blue] Round #281
[earth:blue] Round #282
[earth:blue] Round #283
[earth:blue] Round #284
[earth:blue] Round #285
[earth:blue] Round #286
[earth:blue] Round #287
[earth:blue] Round #288
[earth:blue] Round #289
[earth:blue] Round #290
[earth:blue] Round #291
[earth:blue] Round #292
[earth:blue] Round #293
[earth:blue] Round #294
[earth:blue] Round #295
[earth:blue] Round #296
[earth:blue] Round #297
[earth:blue] Round #298
[earth:blue] Round #299
[earth:blue] Round #300
[earth:blue] Round #301
[earth:blue] Round #302
[earth:blue] Round #303
[earth:blue] Round #304
[earth:blue] Round #305
[earth:blue] Round #306
[earth:blue] Round #307
[earth:blue] Round #308
[earth:blue] Round #309
[earth:blue] Round #310
[earth:blue] Round #311
[earth:blue] Round #312
[earth:blue] Round #313
[earth:blue] Round #314
[earth:blue] Round #315
[earth:blue] Round #316
[earth:blue] Round #317
[earth:blue] Round #318
[earth:blue] Round #319
[earth:blue] Round #320
[earth:blue] Round #321
[earth:blue] Round #322
[earth:blue] Round #323
[earth:blue] Round #324
[earth:blue] Round #325
[earth:blue] Round #326
[earth:blue] Round #327
[earth:blue] Round #328
[earth:blue] Round #329
[earth:blue] Round #330
[earth:blue] Round #331
[earth:blue] Round #332
[earth:blue] Round #333
[earth:blue] Round #334
[earth:blue] Round #335
[earth:blue] Round #336
[earth:blue] Round #337
[earth:blue] Round #338
[earth:blue] Round #339
[earth:blue] Round #340
[earth:blue] Round #341
[earth:blue] Round #342
[earth:blue] Round #343
[earth:blue] Round #344
[earth:blue] Round #345
[earth:blue] Round #346
[earth:blue] Round #347
[earth:blue] Round #348
[earth:blue] Round #349
[earth:blue] Round #350
[earth:blue] Round #351
[earth:blue] Round #352
[earth:blue] Round #353
[earth:blue] Round #354
[earth:blue] Round #355
[earth:blue] Round #356
[earth:blue] Round #357
[earth:blue] Round #358
[earth:blue] Round #359
[earth:blue] Round #360
[earth:blue] Round #361
[earth:blue] Round #362
[earth:blue] Round #363
[earth:blue] Round #364
[earth:blue] Round #365
[earth:blue] Round #366
[earth:blue] Round #367
[earth:blue] Round #368
[earth:blue] Round #369
[earth:blue] Round #370
[earth:blue] Round #371
[earth:blue] Round #372
[earth:blue] Round #373
[earth:blue] Round #374
[earth:blue] Round #375
[earth:blue] Round #376
[earth:blue] Round #377
[earth:blue] Round #378
[earth:blue] Round #379
[earth:blue] Round #380
[earth:blue] Round #381
[earth:blue] Round #382
[earth:blue] Round #383
[earth:blue] Round #384
[earth:blue] Round #385
[earth:blue] Round #386
[earth:blue] Round #387
[earth:blue] Round #388
[earth:blue] Round #389
[earth:blue] Round #390
[earth:blue] Round #391
[earth:blue] Round #392
[earth:blue] Round #393
[earth:blue] Round #394
[earth:blue] Round #395
[earth:blue] Round #396
[earth:blue] Round #397
[earth:blue] Round #398
[earth:blue] Round #399
[earth:blue] Round #400
[earth:blue] Round #401
[earth:blue] Round #402
[earth:blue] Round #403
[earth:blue] Round #404
[earth:blue] Round #405
[earth:blue] Round #406
[earth:blue] Round #407
[earth:blue] Round #408
[earth:blue] Round #409
[earth:blue] Round #410
[earth:blue] Round #411
[earth:blue] Round #412
[earth:blue] Round #413
[earth:blue] Round #414
[earth:blue] Round #415
[earth:blue] Round #416
[earth:blue] Round #417
[earth:blue] Round #418
[earth:blue] Round #419
[earth:blue] Round #420
[earth:blue] Round #421
[earth:blue] Round #422
[earth:blue] Round #423
[earth:blue] Round #424
[earth:blue] Round #425
[earth:blue] Round #426
[earth:blue] Round #427
[earth:blue] Round #428
[earth:blue] Round #429
[earth:blue] Round #430
[earth:blue] Round #431
[earth:blue] Round #432
[earth:blue] Round #433
[earth:blue] Round #434
[earth:blue] Round #435
[earth:blue] Round #436
[earth:blue] Round #437
[earth:blue] Round #438
[earth:blue] Round #439
[earth:blue] Round #440
[earth:blue] Round #441
[earth:blue] Round #442
[earth:blue] Round #443
[earth:blue] Round #444
[earth:blue] Round #445
[earth:blue] Round #446
[earth:blue] Round #447
[earth:blue] Round #448
[earth:blue] Round #449
[earth:blue] Round #450
[earth:blue] Round #451
[earth:blue] Round #452
[earth:blue] Round #453
[earth:blue] Round #454
[earth:blue] Round #455
[earth:blue] Round #456
[earth:blue] Round #457
[earth:blue] Round #458
[earth:blue] Round #459
[earth:blue] Round #460
[earth:blue] Round #461
[earth:blue] Round #462
[earth:blue] Round #463
[earth:blue] Round #464
[earth:blue] Round #465
[earth:blue] Round #466
[earth:blue] Round #467
[earth:blue] Round #468
[earth:blue] Round #469
[earth:blue] Round #470
[earth:blue] Round #471
[earth:blue] Round #472
[earth:blue] Round #473
[earth:blue] Round #474
[earth:blue] Round #475
[earth:blue] Round #476
[earth:blue] Round #477
[earth:blue] Round #478
[earth:blue] Round #479
[earth:blue] Round #480
[earth:blue] Round #481
[earth:blue] Round #482
[earth:blue] Round #483
[earth:blue] Round #484
[earth:blue] Round #485
[earth:blue] Round #486
[earth:blue] Round #487
[earth:blue] Round #488
[earth:blue] Round #489
[earth:blue] Round #490
[earth:blue] Round #491
[earth:blue] Round #492
[earth:blue] Round #493
[earth:blue] Round #494
[earth:blue] Round #495
[earth:blue] Round #496
[earth:blue] Round #497
[earth:blue] Round #498
[earth:blue] Round #499
[earth:blue] Round #500
[earth:blue] Round #501
[earth:blue] Round #502
[earth:blue] Round #503
[earth:blue] Round #504
[earth:blue] Round #505
[earth:blue] Round #506
[earth:blue] Round #507
[earth:blue] Round #508
[earth:blue] Round #509
[earth:blue] Round #510
[earth:blue] Round #511
[earth:blue] Round #512
[earth:blue] Round #513
[earth:blue] Round #514
[earth:blue] Round #515
[earth:blue] Round #516
[earth:blue] Round #517
[earth:blue] Round #518
[earth:blue] Round #519
[earth:blue] Round #520
[earth:blue] Round #521
[earth:blue] Round #522
[earth:blue] Round #523
[earth:blue] Round #524
[earth:blue] Round #525
[earth:blue] Round #526
[earth:blue] Round #527
[earth:blue] Round #528
[earth:blue] Round #529
[earth:blue] Round #530
[earth:blue] Round #531
[earth:blue] Round #532
[earth:blue] Round #533
[earth:blue] Round #534
[earth:blue] Round #535
[earth:blue] Round #536
[earth:blue] Round #537
[earth:blue] Round #538
[earth:blue] Round #539
[earth:blue] Round #540
[earth:blue] Round #541
[earth:blue] Round #542
[earth:blue] Round #543
[earth:blue] Round #544
[earth:blue] Round #545
[earth:blue] Round #546
[earth:blue] Round #547
[earth:blue] Round #548
[earth:blue] Round #549
[earth:blue] Round #550
[earth:blue] Round #551
[earth:blue] Round #552
[earth:blue] Round #553
[earth:blue] Round #554
[earth:blue] Round #555
[earth:blue] Round #556
[earth:blue] Round #557
[earth:blue] Round #558
[earth:blue] Round #559
[earth:blue] Round #560
[earth:blue] Round #561
[earth:blue] Round #562
[earth:blue] Round #563
[earth:blue] Round #564
[earth:blue] Round #565
[earth:blue] Round #566
[earth:blue] Round #567
[earth:blue] Round #568
[earth:blue] Round #569
[earth:blue] Round #570
[earth:blue] Round #571
[earth:blue] Round #572
[earth:blue] Round #573
[earth:blue] Round #574
[earth:blue] Round #575
[earth:blue] Round #576
[earth:blue] Round #577
[earth:blue] Round #578
[earth:blue] Round #579
[earth:blue] Round #580
[earth:blue] Round #581
[earth:blue] Round #582
[earth:blue] Round #583
[earth:blue] Round #584
[earth:blue] Round #585
[earth:blue] Round #586
[earth:blue] Round #587
[earth:blue] Round #588
[earth:blue] Round #589
[earth:blue] Round #590
[earth:blue] Round #591
[earth:blue] Round #592
[earth:blue] Round #593
[earth:blue] Round #594
[earth:blue] Round #595
[earth:blue] Round #596
[earth:blue] Round #597
[earth:blue] Round #598
[earth:blue] Round #599
[earth:blue] Round #600
[earth:blue] Round #601
[earth:blue] Round #602
[earth:blue] Round #603
[earth:blue] Round #604
[earth:blue] Round #605
[earth:blue] Round #606
[earth:blue] Round #607
[earth:blue] Round #608
[earth:blue] Round #609
[earth:blue] Round #610
[earth:blue] Round #611
[earth:blue] Round #612
[earth:blue] Round #613
[earth:blue] Round #614
[earth:blue] Round #615
[earth:blue] Round #616
[earth:blue] Round #617
[earth:blue] Round #618
[earth:blue] Round #619
[earth:blue] Round #620
[earth:blue] Round #621
[earth:blue] Round #622
[earth:blue] Round #623
[earth:blue] Round #624
[earth:blue] Round #625
[earth:blue] Round #626
[earth:blue] Round #627
[earth:blue] Round #628
[earth:blue] Round #629
[earth:blue] Round #630
[earth:blue] Round #631
[earth:blue] Round #632
[earth:blue] Round #633
[earth:blue] Round #634
[earth:blue] Round #635
[earth:blue] Round #636
[earth:blue] Round #637
[earth:blue] Round #638
[earth:blue] Round #639
[earth:blue] Round #640
[earth:blue] Round #641
[earth:blue] Round #642
[earth:blue] Round #643
[earth:blue] Round #644
[earth:blue] Round #645
[earth:blue] Round #646
[earth:blue] Round #647
[earth:blue] Round #648
[earth:blue] Round #649
[earth:blue] Round #650
[earth:blue] Round #651
[earth:blue] Round #652
[earth:blue] Round #653
[earth:blue] Round #654
[earth:blue] Round #655
[earth:blue] Round #656
[earth:blue] Round #657
[earth:blue] Round #658
[earth:blue] Round #659
[earth:blue] Round #660
[earth:blue] Round #661
[earth:blue] Round #662
[earth:blue] Round #663
[earth:blue] Round #664
[earth:blue] Round #665
[earth:blue] Round #666
[earth:blue] Round #667
[earth:blue] Round #668
[earth:blue] Round #669
[earth:blue] Round #670
[earth:blue] Round #671
[earth:blue] Round #672
[earth:blue] Round #673
[earth:blue] Round #674
[earth:blue] Round #675
[earth:blue] Round #676
[earth:blue] Round #677
[earth:blue] Round #678
[earth:blue] Round #679
[earth:blue] Round #680
[earth:blue] Round #681
[earth:blue] Round #682
[earth:blue] Round #683
[earth:blue] Round #684
[earth:blue] Round #685
[earth:blue] Round #686
[earth:blue] Round #687
[earth:blue] Round #688
[earth:blue] Round #689
[earth:blue] Round #690
[earth:blue] Round #691
[earth:blue] Round #692
[earth:blue] Round #693
[earth:blue] Round #694
[earth:blue] Round #695
[earth:blue] Round #696
[earth:blue] Round #697
[earth:blue] Round #698
[earth:blue] Round #699
[earth:blue] Round #700
[earth:blue] Round #701
[earth:blue] Round #702
[earth:blue] Round #703
[earth:blue] Round #704
[earth:blue] Round #705
[earth:blue] Round #706
[earth:blue] Round #707
[earth:blue] Round #708
[earth:blue] Round #709
[earth:blue] Round #710
[earth:blue] Round #711
[earth:blue] Round #712
[earth:blue] Round #713
[earth:blue] Round #714
[earth:blue] Round #715
[earth:blue] Round #716
[earth:blue] Round #717
[earth:blue] Round #718
[earth:blue] Round #719
[earth:blue] Round #720
[earth:blue] Round #721
[earth:blue] Round #722
[earth:blue] Round #723
[earth:blue] Round #724
[earth:blue] Round #725
[earth:blue] Round #726
[earth:blue] Round #727
[earth:blue] Round #728
[earth:blue] Round #729
[earth:blue] Round #730
[earth:blue] Round #731
[earth:blue] Round #732
[earth:blue] Round #733
[earth:blue] Round #734
[earth:blue] Round #735
[earth:blue] Round #736
[earth:blue] Round #737
[earth:blue] Round #738
[earth:blue] Round #739
[earth:blue] Round #740
[earth:blue] Round #741
[earth:blue] Round #742
[earth:blue] Round #743
[earth:blue] Round #744
[earth:blue] Round #745
[earth:blue] Round #746
[earth:blue] Round #747
[earth:blue] Round #748
[earth:blue] Round #749
Saving replay to /player/replay.bc18
Ready to run next game.
Loading map /player/battlecode-maps/healer.bc18map
Running game server on socket unix:///tmp/battlecode-0
Running game...
[earth:red] Note: Some input files use or override a deprecated API.
[earth:red] Note: Recompile with -Xlint:deprecation for details.
[earth:red] -- Starting battlecode java engine, vroom vroom! --
[earth:red] -- Note: you may get a warning about stack guards, please ignore it. --
[earth:red] Loading linux library: /battlecode/java/bc/libbattlecode-java-linux.so
[earth:red] Java HotSpot(TM) 64-Bit Server VM warning: You have loaded library /battlecode/java/bc/libbattlecode-java-linux.so which might have disabled stack guard. The VM will try to fix the stack guard now.
[earth:red] It's highly recommended that you fix the library with 'execstack -c <libfile>', or link it with '-z noexecstack'.
[earth:red] -- Engine loaded. --
[earth:red] Player connecting to unix:///tmp/battlecode-socket
[mars:red] Note: Some input files use or override a deprecated API.
[mars:red] Note: Recompile with -Xlint:deprecation for details.
[mars:red] -- Starting battlecode java engine, vroom vroom! --
[mars:red] -- Note: you may get a warning about stack guards, please ignore it. --
[mars:red] Loading linux library: /battlecode/java/bc/libbattlecode-java-linux.so
[mars:red] Java HotSpot(TM) 64-Bit Server VM warning: You have loaded library /battlecode/java/bc/libbattlecode-java-linux.so which might have disabled stack guard. The VM will try to fix the stack guard now.
[mars:red] It's highly recommended that you fix the library with 'execstack -c <libfile>', or link it with '-z noexecstack'.
[mars:red] -- Engine loaded. --
[mars:red] Player connecting to unix:///tmp/battlecode-socket
[earth:blue] Note: Some input files use or override a deprecated API.
[earth:blue] Note: Recompile with -Xlint:deprecation for details.
[mars:blue] Note: Some input files use or override a deprecated API.
[mars:blue] Note: Recompile with -Xlint:deprecation for details.
[earth:blue] Structure Base initiated
[earth:blue] -- Starting battlecode java engine, vroom vroom! --
[earth:blue] -- Note: you may get a warning about stack guards, please ignore it. --
[mars:blue] Structure Base initiated
[mars:blue] -- Starting battlecode java engine, vroom vroom! --
[earth:blue] Loading linux library: /battlecode/java/bc/libbattlecode-java-linux.so
[earth:blue] Java HotSpot(TM) 64-Bit Server VM warning: You have loaded library /battlecode/java/bc/libbattlecode-java-linux.so which might have disabled stack guard. The VM will try to fix the stack guard now.
[earth:blue] It's highly recommended that you fix the library with 'execstack -c <libfile>', or link it with '-z noexecstack'.
[earth:blue] -- Engine loaded. --
[earth:blue] Player connecting to unix:///tmp/battlecode-socket
[mars:blue] -- Note: you may get a warning about stack guards, please ignore it. --
[mars:blue] Loading linux library: /battlecode/java/bc/libbattlecode-java-linux.so
[mars:blue] Java HotSpot(TM) 64-Bit Server VM warning: You have loaded library /battlecode/java/bc/libbattlecode-java-linux.so which might have disabled stack guard. The VM will try to fix the stack guard now.
[mars:blue] It's highly recommended that you fix the library with 'execstack -c <libfile>', or link it with '-z noexecstack'.
[mars:blue] -- Engine loaded. --
[mars:blue] Player connecting to unix:///tmp/battlecode-socket
[earth:red] Successfully connected to the manager!
[earth:blue] Successfully connected to the manager!
[earth:blue] Running PlayerController...
[earth:blue] Earth Controller initiated
[earth:blue] Round #1
[mars:red] Successfully connected to the manager!
[mars:blue] Successfully connected to the manager!
[mars:blue] Running PlayerController...
[mars:blue] Mars Controller initiated
[earth:blue] Round #2
[earth:blue] Round #3
[earth:blue] Round #4
[earth:blue] Round #5
[earth:blue] Round #6
[earth:blue] Round #7
[earth:blue] Round #8
[earth:blue] Round #9
[earth:blue] Round #10
[earth:blue] Round #11
[earth:blue] Round #12
[earth:blue] Round #13
[earth:blue] Round #14
[earth:blue] Round #15
[earth:blue] Round #16
[earth:blue] Round #17
[earth:blue] Round #18
[earth:blue] Round #19
[earth:blue] Round #20
[earth:blue] Round #21
[earth:blue] Round #22
[earth:blue] Round #23
[earth:blue] Round #24
[earth:blue] Round #25
[earth:blue] Round #26
[earth:blue] Round #27
[earth:blue] Round #28
[earth:blue] Round #29
[earth:blue] Round #30
[earth:blue] Round #31
[earth:blue] Round #32
[earth:blue] Round #33
[earth:blue] Round #34
[earth:blue] Round #35
[earth:blue] Round #36
[earth:blue] Round #37
[earth:blue] Round #38
[earth:blue] Round #39
[earth:blue] Round #40
[earth:blue] Round #41
[earth:blue] Round #42
[earth:blue] Round #43
[earth:blue] Round #44
[earth:blue] Round #45
[earth:blue] Round #46
[earth:blue] Round #47
[earth:blue] Round #48
[earth:blue] Round #49
[earth:blue] Round #50
[earth:blue] Round #51
[earth:blue] Round #52
[earth:blue] Round #53
[earth:blue] Round #54
[earth:blue] Round #55
[earth:blue] Round #56
[earth:blue] Round #57
[earth:blue] Round #58
[earth:blue] Round #59
[earth:blue] Round #60
[earth:blue] Round #61
[earth:blue] Round #62
[earth:blue] Round #63
[earth:blue] Round #64
[earth:blue] Round #65
[earth:blue] Round #66
[earth:blue] Round #67
[earth:blue] Round #68
[earth:blue] Round #69
[earth:blue] Round #70
[earth:blue] Round #71
[earth:blue] Round #72
[earth:blue] Round #73
[earth:blue] Round #74
[earth:blue] Round #75
[earth:blue] Round #76
[earth:blue] Round #77
[earth:blue] Round #78
[earth:blue] Round #79
[earth:blue] Round #80
[earth:blue] Round #81
[earth:blue] Round #82
[earth:blue] Round #83
[earth:blue] Round #84
[earth:blue] Round #85
[earth:blue] Round #86
[earth:blue] Round #87
[earth:blue] Round #88
[earth:blue] Round #89
[earth:blue] Round #90
[earth:blue] Round #91
[earth:blue] Round #92
[earth:blue] Round #93
[earth:blue] Round #94
[earth:blue] Round #95
[earth:blue] Round #96
[earth:blue] Round #97
[earth:blue] Round #98
[earth:blue] Round #99
[earth:blue] Round #100
[earth:blue] Round #101
[earth:blue] Round #102
[earth:blue] Round #103
[earth:blue] Round #104
[earth:blue] Round #105
[earth:blue] Round #106
[earth:blue] Round #107
[earth:blue] Round #108
[earth:blue] Round #109
[earth:blue] Round #110
[earth:blue] Round #111
[earth:blue] Round #112
[earth:blue] Round #113
[earth:blue] Round #114
[earth:blue] Round #115
[earth:blue] Round #116
[earth:blue] Round #117
[earth:blue] Round #118
[earth:blue] Round #119
[earth:blue] Round #120
[earth:blue] Round #121
[earth:blue] Round #122
[earth:blue] Round #123
[earth:blue] Round #124
[earth:blue] Round #125
[earth:blue] Round #126
[earth:blue] Round #127
[earth:blue] Round #128
[earth:blue] Round #129
[earth:blue] Round #130
[earth:blue] Round #131
[earth:blue] Round #132
[earth:blue] Round #133
[earth:blue] Round #134
[earth:blue] Round #135
[earth:blue] Round #136
[earth:blue] Round #137
[earth:blue] Round #138
[earth:blue] Round #139
[earth:blue] Round #140
[earth:blue] Round #141
[earth:blue] Round #142
[earth:blue] Round #143
[earth:blue] Round #144
[earth:blue] Round #145
[earth:blue] Round #146
[earth:blue] Round #147
[earth:blue] Round #148
[earth:blue] Round #149
[earth:blue] Round #150
[earth:blue] Round #151
[earth:blue] Round #152
[earth:blue] Round #153
[earth:blue] Round #154
[earth:blue] Round #155
[earth:blue] Round #156
[earth:blue] Round #157
[earth:blue] Round #158
[earth:blue] Round #159
[earth:blue] Round #160
[earth:blue] Round #161
[earth:blue] Round #162
[earth:blue] Round #163
[earth:blue] Round #164
[earth:blue] Round #165
[earth:blue] Round #166
[earth:blue] Round #167
[earth:blue] Round #168
[earth:blue] Round #169
[earth:blue] Round #170
[earth:blue] Round #171
[earth:blue] Round #172
[earth:blue] Round #173
[earth:blue] Round #174
[earth:blue] Round #175
[earth:blue] Round #176
[earth:blue] Round #177
[earth:blue] Round #178
[earth:blue] Round #179
[earth:blue] Round #180
[earth:blue] Round #181
[earth:blue] Round #182
[earth:blue] Round #183
[earth:blue] Round #184
[earth:blue] Round #185
[earth:blue] Round #186
[earth:blue] Round #187
[earth:blue] Round #188
[earth:blue] Round #189
[earth:blue] Round #190
[earth:blue] Round #191
[earth:blue] Round #192
[earth:blue] Round #193
[earth:blue] Round #194
[earth:blue] Round #195
[earth:blue] Round #196
[earth:blue] Round #197
[earth:blue] Round #198
[earth:blue] Round #199
[earth:blue] Round #200
[earth:blue] Round #201
[earth:blue] Round #202
[earth:blue] Round #203
[earth:blue] Round #204
[earth:blue] Round #205
[earth:blue] Round #206
[earth:blue] Round #207
[earth:blue] Round #208
[earth:blue] Round #209
[earth:blue] Round #210
[earth:blue] Round #211
[earth:blue] Round #212
[earth:blue] Round #213
[earth:blue] Round #214
[earth:blue] Round #215
[earth:blue] Round #216
[earth:blue] Round #217
[earth:blue] Round #218
[earth:blue] Round #219
[earth:blue] Round #220
[earth:blue] Round #221
[earth:blue] Round #222
[earth:blue] Round #223
[earth:blue] Round #224
[earth:blue] Round #225
[earth:blue] Round #226
[earth:blue] Round #227
[earth:blue] Round #228
[earth:blue] Round #229
[earth:blue] Round #230
[earth:blue] Round #231
[earth:blue] Round #232
[earth:blue] Round #233
[earth:blue] Round #234
[earth:blue] Round #235
[earth:blue] Round #236
[earth:blue] Round #237
[earth:blue] Round #238
[earth:blue] Round #239
[earth:blue] Round #240
[earth:blue] Round #241
[earth:blue] Round #242
[earth:blue] Round #243
[earth:blue] Round #244
[earth:blue] Round #245
[earth:blue] Round #246
[earth:blue] Round #247
[earth:blue] Round #248
[earth:blue] Round #249
[earth:blue] Round #250
[earth:blue] Round #251
[earth:blue] Round #252
[earth:blue] Round #253
[earth:blue] Round #254
[earth:blue] Round #255
[earth:blue] Round #256
[earth:blue] Round #257
[earth:blue] Round #258
[earth:blue] Round #259
[earth:blue] Round #260
[earth:blue] Round #261
[earth:blue] Round #262
[earth:blue] Round #263
[earth:blue] Round #264
[earth:blue] Round #265
[earth:blue] Round #266
[earth:blue] Round #267
[earth:blue] Round #268
[earth:blue] Round #269
[earth:blue] Round #270
[earth:blue] Round #271
[earth:blue] Round #272
[earth:blue] Round #273
[earth:blue] Round #274
[earth:blue] Round #275
[earth:blue] Round #276
[earth:blue] Round #277
[earth:blue] Round #278
[earth:blue] Round #279
[earth:blue] Round #280
[earth:blue] Round #281
[earth:blue] Round #282
[earth:blue] Round #283
[earth:blue] Round #284
[earth:blue] Round #285
[earth:blue] Round #286
[earth:blue] Round #287
[earth:blue] Round #288
[earth:blue] Round #289
[earth:blue] Round #290
[earth:blue] Round #291
[earth:blue] Round #292
[earth:blue] Round #293
[earth:blue] Round #294
[earth:blue] Round #295
[earth:blue] Round #296
[earth:blue] Round #297
[earth:blue] Round #298
[earth:blue] Round #299
[earth:blue] Round #300
[earth:blue] Round #301
[earth:blue] Round #302
[earth:blue] Round #303
[earth:blue] Round #304
[earth:blue] Round #305
[earth:blue] Round #306
[earth:blue] Round #307
[earth:blue] Round #308
[earth:blue] Round #309
[earth:blue] Round #310
[earth:blue] Round #311
[earth:blue] Round #312
[earth:blue] Round #313
[earth:blue] Round #314
[earth:blue] Round #315
[earth:blue] Round #316
[earth:blue] Round #317
[earth:blue] Round #318
[earth:blue] Round #319
[earth:blue] Round #320
[earth:blue] Round #321
[earth:blue] Round #322
[earth:blue] Round #323
[earth:blue] Round #324
[earth:blue] Round #325
[earth:blue] Round #326
[earth:blue] Round #327
[earth:blue] Round #328
[earth:blue] Round #329
[earth:blue] Round #330
[earth:blue] Round #331
[earth:blue] Round #332
[earth:blue] Round #333
[earth:blue] Round #334
[earth:blue] Round #335
[earth:blue] Round #336
[earth:blue] Round #337
[earth:blue] Round #338
[earth:blue] Round #339
[earth:blue] Round #340
[earth:blue] Round #341
[earth:blue] Round #342
[earth:blue] Round #343
[earth:blue] Round #344
[earth:blue] Round #345
[earth:blue] Round #346
[earth:blue] Round #347
[earth:blue] Round #348
[earth:blue] Round #349
[earth:blue] Round #350
[earth:blue] Round #351
[earth:blue] Round #352
[earth:blue] Round #353
[earth:blue] Round #354
[earth:blue] Round #355
[earth:blue] Round #356
[earth:blue] Round #357
[earth:blue] Round #358
[earth:blue] Round #359
[earth:blue] Round #360
[earth:blue] Round #361
[earth:blue] Round #362
[earth:blue] Round #363
[earth:blue] Round #364
[earth:blue] Round #365
[earth:blue] Round #366
[earth:blue] Round #367
[earth:blue] Round #368
[earth:blue] Round #369
[earth:blue] Round #370
[earth:blue] Round #371
[earth:blue] Round #372
[earth:blue] Round #373
[earth:blue] Round #374
[earth:blue] Round #375
[earth:blue] Round #376
[earth:blue] Round #377
[earth:blue] Round #378
[earth:blue] Round #379
[earth:blue] Round #380
[earth:blue] Round #381
[earth:blue] Round #382
[earth:blue] Round #383
[earth:blue] Round #384
[earth:blue] Round #385
[earth:blue] Round #386
[earth:blue] Round #387
[earth:blue] Round #388
[earth:blue] Round #389
[earth:blue] Round #390
[earth:blue] Round #391
[earth:blue] Round #392
[earth:blue] Round #393
[earth:blue] Round #394
[earth:blue] Round #395
[earth:blue] Round #396
[earth:blue] Round #397
[earth:blue] Round #398
[earth:blue] Round #399
[earth:blue] Round #400
[earth:blue] Round #401
[earth:blue] Round #402
[earth:blue] Round #403
[earth:blue] Round #404
[earth:blue] Round #405
[earth:blue] Round #406
[earth:blue] Round #407
[earth:blue] Round #408
[earth:blue] Round #409
[earth:blue] Round #410
[earth:blue] Round #411
[earth:blue] Round #412
[earth:blue] Round #413
[earth:blue] Round #414
[earth:blue] Round #415
[earth:blue] Round #416
[earth:blue] Round #417
[earth:blue] Round #418
[earth:blue] Round #419
[earth:blue] Round #420
[earth:blue] Round #421
[earth:blue] Round #422
[earth:blue] Round #423
[earth:blue] Round #424
[earth:blue] Round #425
[earth:blue] Round #426
[earth:blue] Round #427
[earth:blue] Round #428
[earth:blue] Round #429
[earth:blue] Round #430
[earth:blue] Round #431
[earth:blue] Round #432
[earth:blue] Round #433
[earth:blue] Round #434
[earth:blue] Round #435
[earth:blue] Round #436
[earth:blue] Round #437
[earth:blue] Round #438
[earth:blue] Round #439
[earth:blue] Round #440
[earth:blue] Round #441
[earth:blue] Round #442
[earth:blue] Round #443
[earth:blue] Round #444
[earth:blue] Round #445
[earth:blue] Round #446
[earth:blue] Round #447
[earth:blue] Round #448
[earth:blue] Round #449
[earth:blue] Round #450
[earth:blue] Round #451
[earth:blue] Round #452
[earth:blue] Round #453
[earth:blue] Round #454
[earth:blue] Round #455
[earth:blue] Round #456
[earth:blue] Round #457
[earth:blue] Round #458
[earth:blue] Round #459
[earth:blue] Round #460
[earth:blue] Round #461
[earth:blue] Round #462
[earth:blue] Round #463
[earth:blue] Round #464
[earth:blue] Round #465
[earth:blue] Round #466
[earth:blue] Round #467
[earth:blue] Round #468
[earth:blue] Round #469
[earth:blue] Round #470
[earth:blue] Round #471
[earth:blue] Round #472
[earth:blue] Round #473
[earth:blue] Round #474
[earth:blue] Round #475
[earth:blue] Round #476
[earth:blue] Round #477
[earth:blue] Round #478
[earth:blue] Round #479
[earth:blue] Round #480
[earth:blue] Round #481
[earth:blue] Round #482
[earth:blue] Round #483
[earth:blue] Round #484
[earth:blue] Round #485
[earth:blue] Round #486
[earth:blue] Round #487
[earth:blue] Round #488
[earth:blue] Round #489
[earth:blue] Round #490
[earth:blue] Round #491
[earth:blue] Round #492
[earth:blue] Round #493
[earth:blue] Round #494
[earth:blue] Round #495
[earth:blue] Round #496
[earth:blue] Round #497
[earth:blue] Round #498
[earth:blue] Round #499
[earth:blue] Round #500
[earth:blue] Round #501
[earth:blue] Round #502
[earth:blue] Round #503
[earth:blue] Round #504
[earth:blue] Round #505
[earth:blue] Round #506
[earth:blue] Round #507
[earth:blue] Round #508
[earth:blue] Round #509
[earth:blue] Round #510
[earth:blue] Round #511
[earth:blue] Round #512
[earth:blue] Round #513
[earth:blue] Round #514
[earth:blue] Round #515
[earth:blue] Round #516
[earth:blue] Round #517
[earth:blue] Round #518
[earth:blue] Round #519
[earth:blue] Round #520
[earth:blue] Round #521
[earth:blue] Round #522
[earth:blue] Round #523
[earth:blue] Round #524
[earth:blue] Round #525
[earth:blue] Round #526
[earth:blue] Round #527
[earth:blue] Round #528
[earth:blue] Round #529
[earth:blue] Round #530
[earth:blue] Round #531
[earth:blue] Round #532
[earth:blue] Round #533
[earth:blue] Round #534
[earth:blue] Round #535
[earth:blue] Round #536
[earth:blue] Round #537
[earth:blue] Round #538
[earth:blue] Round #539
[earth:blue] Round #540
[earth:blue] Round #541
[earth:blue] Round #542
[earth:blue] Round #543
[earth:blue] Round #544
[earth:blue] Round #545
[earth:blue] Round #546
[earth:blue] Round #547
[earth:blue] Round #548
[earth:blue] Round #549
[earth:blue] Round #550
[earth:blue] Round #551
[earth:blue] Round #552
[earth:blue] Round #553
[earth:blue] Round #554
[earth:blue] Round #555
[earth:blue] Round #556
[earth:blue] Round #557
[earth:blue] Round #558
[earth:blue] Round #559
[earth:blue] Round #560
[earth:blue] Round #561
[earth:blue] Round #562
[earth:blue] Round #563
[earth:blue] Round #564
[earth:blue] Round #565
[earth:blue] Round #566
[earth:blue] Round #567
[earth:blue] Round #568
[earth:blue] Round #569
[earth:blue] Round #570
[earth:blue] Round #571
[earth:blue] Round #572
[earth:blue] Round #573
[earth:blue] Round #574
[earth:blue] Round #575
[earth:blue] Round #576
[earth:blue] Round #577
[earth:blue] Round #578
[earth:blue] Round #579
[earth:blue] Round #580
[earth:blue] Round #581
[earth:blue] Round #582
[earth:blue] Round #583
[earth:blue] Round #584
[earth:blue] Round #585
[earth:blue] Round #586
[earth:blue] Round #587
[earth:blue] Round #588
[earth:blue] Round #589
[earth:blue] Round #590
[earth:blue] Round #591
[earth:blue] Round #592
[earth:blue] Round #593
[earth:blue] Round #594
[earth:blue] Round #595
[earth:blue] Round #596
[earth:blue] Round #597
[earth:blue] Round #598
[earth:blue] Round #599
[earth:blue] Round #600
[earth:blue] Round #601
[earth:blue] Round #602
[earth:blue] Round #603
[earth:blue] Round #604
[earth:blue] Round #605
[earth:blue] Round #606
[earth:blue] Round #607
[earth:blue] Round #608
[earth:blue] Round #609
[earth:blue] Round #610
[earth:blue] Round #611
[earth:blue] Round #612
[earth:blue] Round #613
[earth:blue] Round #614
[earth:blue] Round #615
[earth:blue] Round #616
[earth:blue] Round #617
[earth:blue] Round #618
[earth:blue] Round #619
[earth:blue] Round #620
[earth:blue] Round #621
[earth:blue] Round #622
[earth:blue] Round #623
[earth:blue] Round #624
[earth:blue] Round #625
[earth:blue] Round #626
[earth:blue] Round #627
[earth:blue] Round #628
[earth:blue] Round #629
[earth:blue] Round #630
[earth:blue] Round #631
[earth:blue] Round #632
[earth:blue] Round #633
[earth:blue] Round #634
[earth:blue] Round #635
[earth:blue] Round #636
[earth:blue] Round #637
[earth:blue] Round #638
[earth:blue] Round #639
[earth:blue] Round #640
[earth:blue] Round #641
[earth:blue] Round #642
[earth:blue] Round #643
[earth:blue] Round #644
[earth:blue] Round #645
[earth:blue] Round #646
[earth:blue] Round #647
[earth:blue] Round #648
[earth:blue] Round #649
[earth:blue] Round #650
[earth:blue] Round #651
[earth:blue] Round #652
[earth:blue] Round #653
[earth:blue] Round #654
[earth:blue] Round #655
[earth:blue] Round #656
[earth:blue] Round #657
[earth:blue] Round #658
[earth:blue] Round #659
[earth:blue] Round #660
[earth:blue] Round #661
[earth:blue] Round #662
[earth:blue] Round #663
[earth:blue] Round #664
[earth:blue] Round #665
[earth:blue] Round #666
[earth:blue] Round #667
[earth:blue] Round #668
[earth:blue] Round #669
[earth:blue] Round #670
[earth:blue] Round #671
[earth:blue] Round #672
[earth:blue] Round #673
[earth:blue] Round #674
[earth:blue] Round #675
[earth:blue] Round #676
[earth:blue] Round #677
[earth:blue] Round #678
[earth:blue] Round #679
[earth:blue] Round #680
[earth:blue] Round #681
[earth:blue] Round #682
[earth:blue] Round #683
[earth:blue] Round #684
[earth:blue] Round #685
[earth:blue] Round #686
[earth:blue] Round #687
[earth:blue] Round #688
[earth:blue] Round #689
[earth:blue] Round #690
[earth:blue] Round #691
[earth:blue] Round #692
[earth:blue] Round #693
[earth:blue] Round #694
[earth:blue] Round #695
[earth:blue] Round #696
[earth:blue] Round #697
[earth:blue] Round #698
[earth:blue] Round #699
[earth:blue] Round #700
[earth:blue] Round #701
[earth:blue] Round #702
[earth:blue] Round #703
[earth:blue] Round #704
[earth:blue] Round #705
[earth:blue] Round #706
[earth:blue] Round #707
[earth:blue] Round #708
[earth:blue] Round #709
[earth:blue] Round #710
[earth:blue] Round #711
[earth:blue] Round #712
[earth:blue] Round #713
[earth:blue] Round #714
[earth:blue] Round #715
[earth:blue] Round #716
[earth:blue] Round #717
[earth:blue] Round #718
[earth:blue] Round #719
[earth:blue] Round #720
[earth:blue] Round #721
[earth:blue] Round #722
[earth:blue] Round #723
[earth:blue] Round #724
[earth:blue] Round #725
[earth:blue] Round #726
[earth:blue] Round #727
[earth:blue] Round #728
[earth:blue] Round #729
[earth:blue] Round #730
[earth:blue] Round #731
[earth:blue] Round #732
[earth:blue] Round #733
[earth:blue] Round #734
[earth:blue] Round #735
[earth:blue] Round #736
[earth:blue] Round #737
[earth:blue] Round #738
[earth:blue] Round #739
[earth:blue] Round #740
[earth:blue] Round #741
[earth:blue] Round #742
[earth:blue] Round #743
[earth:blue] Round #744
[earth:blue] Round #745
[earth:blue] Round #746
[earth:blue] Round #747
[earth:blue] Round #748
[earth:blue] Round #749
Saving replay to /player/replay.bc18
Ready to run next game.
Loading map /player/battlecode-maps/medium-maze.bc18map
Running game server on socket unix:///tmp/battlecode-0
Running game...
[earth:red] Note: Some input files use or override a deprecated API.
[earth:red] Note: Recompile with -Xlint:deprecation for details.
[mars:red] Note: Some input files use or override a deprecated API.
[mars:red] Note: Recompile with -Xlint:deprecation for details.
[earth:red] -- Starting battlecode java engine, vroom vroom! --
[earth:red] -- Note: you may get a warning about stack guards, please ignore it. --
[mars:red] -- Starting battlecode java engine, vroom vroom! --
[earth:red] Loading linux library: /battlecode/java/bc/libbattlecode-java-linux.so
[earth:red] Java HotSpot(TM) 64-Bit Server VM warning: You have loaded library /battlecode/java/bc/libbattlecode-java-linux.so which might have disabled stack guard. The VM will try to fix the stack guard now.
[earth:red] It's highly recommended that you fix the library with 'execstack -c <libfile>', or link it with '-z noexecstack'.
[earth:red] -- Engine loaded. --
[earth:red] Player connecting to unix:///tmp/battlecode-socket
[mars:red] -- Note: you may get a warning about stack guards, please ignore it. --
[earth:blue] Note: Some input files use or override a deprecated API.
[earth:blue] Note: Recompile with -Xlint:deprecation for details.
[mars:red] Loading linux library: /battlecode/java/bc/libbattlecode-java-linux.so
[mars:red] Java HotSpot(TM) 64-Bit Server VM warning: You have loaded library /battlecode/java/bc/libbattlecode-java-linux.so which might have disabled stack guard. The VM will try to fix the stack guard now.
[mars:red] It's highly recommended that you fix the library with 'execstack -c <libfile>', or link it with '-z noexecstack'.
[mars:red] -- Engine loaded. --
[mars:red] Player connecting to unix:///tmp/battlecode-socket
[mars:blue] Note: Some input files use or override a deprecated API.
[mars:blue] Note: Recompile with -Xlint:deprecation for details.
[earth:blue] Structure Base initiated
[earth:blue] -- Starting battlecode java engine, vroom vroom! --
[earth:blue] -- Note: you may get a warning about stack guards, please ignore it. --
[earth:blue] Loading linux library: /battlecode/java/bc/libbattlecode-java-linux.so
[earth:blue] Java HotSpot(TM) 64-Bit Server VM warning: You have loaded library /battlecode/java/bc/libbattlecode-java-linux.so which might have disabled stack guard. The VM will try to fix the stack guard now.
[earth:blue] It's highly recommended that you fix the library with 'execstack -c <libfile>', or link it with '-z noexecstack'.
[earth:blue] -- Engine loaded. --
[earth:blue] Player connecting to unix:///tmp/battlecode-socket
[mars:blue] Structure Base initiated
[mars:blue] -- Starting battlecode java engine, vroom vroom! --
[mars:blue] -- Note: you may get a warning about stack guards, please ignore it. --
[mars:blue] Loading linux library: /battlecode/java/bc/libbattlecode-java-linux.so
[mars:blue] Java HotSpot(TM) 64-Bit Server VM warning: You have loaded library /battlecode/java/bc/libbattlecode-java-linux.so which might have disabled stack guard. The VM will try to fix the stack guard now.
[mars:blue] It's highly recommended that you fix the library with 'execstack -c <libfile>', or link it with '-z noexecstack'.
[mars:blue] -- Engine loaded. --
[mars:blue] Player connecting to unix:///tmp/battlecode-socket
[earth:red] Successfully connected to the manager!
[earth:blue] Successfully connected to the manager!
[earth:blue] Running PlayerController...
[earth:blue] Earth Controller initiated
[earth:blue] Round #1
[mars:red] Successfully connected to the manager!
[mars:blue] Successfully connected to the manager!
[mars:blue] Running PlayerController...
[mars:blue] Mars Controller initiated
[earth:blue] Round #2
[earth:blue] Round #3
[earth:blue] Round #4
[earth:blue] Round #5
[earth:blue] Round #6
[earth:blue] Round #7
[earth:blue] Round #8
[earth:blue] Round #9
[earth:blue] Round #10
[earth:blue] Round #11
[earth:blue] Round #12
[earth:blue] Round #13
[earth:blue] Round #14
[earth:blue] Round #15
[earth:blue] Round #16
[earth:blue] Round #17
[earth:blue] Round #18
[earth:blue] Round #19
[earth:blue] Round #20
[earth:blue] Round #21
[earth:blue] Round #22
[earth:blue] Round #23
[earth:blue] Round #24
[earth:blue] Round #25
[earth:blue] Round #26
[earth:blue] Round #27
[earth:blue] Round #28
[earth:blue] Round #29
[earth:blue] Round #30
[earth:blue] Round #31
[earth:blue] Round #32
[earth:blue] Round #33
[earth:blue] Round #34
[earth:blue] Round #35
[earth:blue] Round #36
[earth:blue] Round #37
[earth:blue] Round #38
[earth:blue] Round #39
[earth:blue] Round #40
[earth:blue] Round #41
[earth:blue] Round #42
[earth:blue] Round #43
[earth:blue] Round #44
[earth:blue] Round #45
[earth:blue] Round #46
[earth:blue] Round #47
[earth:blue] Round #48
[earth:blue] Round #49
[earth:blue] Round #50
[earth:blue] Round #51
[earth:blue] Round #52
[earth:blue] Round #53
[earth:blue] Round #54
[earth:blue] Round #55
[earth:blue] Round #56
[earth:blue] Round #57
[earth:blue] Round #58
[earth:blue] Round #59
[earth:blue] Round #60
[earth:blue] Round #61
[earth:blue] Round #62
[earth:blue] Round #63
[earth:blue] Round #64
[earth:blue] Round #65
[earth:blue] Round #66
[earth:blue] Round #67
[earth:blue] Round #68
[earth:blue] Round #69
[earth:blue] Round #70
[earth:blue] Round #71
[earth:blue] Round #72
[earth:blue] Round #73
[earth:blue] Round #74
[earth:blue] Round #75
[earth:blue] Round #76
[earth:blue] Round #77
[earth:blue] Round #78
[earth:blue] Round #79
[earth:blue] Round #80
[earth:blue] Round #81
[earth:blue] Round #82
[earth:blue] Round #83
[earth:blue] Round #84
[earth:blue] Round #85
[earth:blue] Round #86
[earth:blue] Round #87
[earth:blue] Round #88
[earth:blue] Round #89
[earth:blue] Round #90
[earth:blue] Round #91
[earth:blue] Round #92
[earth:blue] Round #93
[earth:blue] Round #94
[earth:blue] Round #95
[earth:blue] Round #96
[earth:blue] Round #97
[earth:blue] Round #98
[earth:blue] Round #99
[earth:blue] Round #100
[earth:blue] Round #101
[earth:blue] Round #102
[earth:blue] Round #103
[earth:blue] Round #104
[earth:blue] Round #105
[earth:blue] Round #106
[earth:blue] Round #107
[earth:blue] Round #108
[earth:blue] Round #109
[earth:blue] Round #110
[earth:blue] Round #111
[earth:blue] Round #112
[earth:blue] Round #113
[earth:blue] Round #114
[earth:blue] Round #115
[earth:blue] Round #116
[earth:blue] Round #117
[earth:blue] Round #118
[earth:blue] Round #119
[earth:blue] Round #120
[earth:blue] Round #121
[earth:blue] Round #122
[earth:blue] Round #123
[earth:blue] Round #124
[earth:blue] Round #125
[earth:blue] Round #126
[earth:blue] Round #127
[earth:blue] Round #128
[earth:blue] Round #129
[earth:blue] Round #130
[earth:blue] Round #131
[earth:blue] Round #132
[earth:blue] Round #133
[earth:blue] Round #134
[earth:blue] Round #135
[earth:blue] Round #136
[earth:blue] Round #137
[earth:blue] Round #138
[earth:blue] Round #139
[earth:blue] Round #140
[earth:blue] Round #141
[earth:blue] Round #142
[earth:blue] Round #143
[earth:blue] Round #144
[earth:blue] Round #145
[earth:blue] Round #146
[earth:blue] Round #147
[earth:blue] Round #148
[earth:blue] Round #149
[earth:blue] Round #150
[earth:blue] Round #151
[earth:blue] Round #152
[earth:blue] Round #153
[earth:blue] Round #154
[earth:blue] Round #155
[earth:blue] Round #156
[earth:blue] Round #157
[earth:blue] Round #158
[earth:blue] Round #159
[earth:blue] Round #160
[earth:blue] Round #161
[earth:blue] Round #162
[earth:blue] Round #163
[earth:blue] Round #164
[earth:blue] Round #165
[earth:blue] Round #166
[earth:blue] Round #167
[earth:blue] Round #168
[earth:blue] Round #169
[earth:blue] Round #170
[earth:blue] Round #171
[earth:blue] Round #172
[earth:blue] Round #173
[earth:blue] Round #174
[earth:blue] Round #175
[earth:blue] Round #176
[earth:blue] Round #177
[earth:blue] Round #178
[earth:blue] Round #179
[earth:blue] Round #180
[earth:blue] Round #181
[earth:blue] Round #182
[earth:blue] Round #183
[earth:blue] Round #184
[earth:blue] Round #185
[earth:blue] Round #186
[earth:blue] Round #187
[earth:blue] Round #188
[earth:blue] Round #189
[earth:blue] Round #190
[earth:blue] Round #191
[earth:blue] Round #192
[earth:blue] Round #193
[earth:blue] Round #194
[earth:blue] Round #195
[earth:blue] Round #196
[earth:blue] Round #197
[earth:blue] Round #198
[earth:blue] Round #199
[earth:blue] Round #200
[earth:blue] Round #201
[earth:blue] Round #202
[earth:blue] Round #203
[earth:blue] Round #204
[earth:blue] Round #205
[earth:blue] Round #206
[earth:blue] Round #207
[earth:blue] Round #208
[earth:blue] Round #209
[earth:blue] Round #210
[earth:blue] Round #211
[earth:blue] Round #212
[earth:blue] Round #213
[earth:blue] Round #214
[earth:blue] Round #215
[earth:blue] Round #216
[earth:blue] Round #217
[earth:blue] Round #218
[earth:blue] Round #219
[earth:blue] Round #220
[earth:blue] Round #221
[earth:blue] Round #222
[earth:blue] Round #223
[earth:blue] Round #224
[earth:blue] Round #225
[earth:blue] Round #226
[earth:blue] Round #227
[earth:blue] Round #228
[earth:blue] Round #229
[earth:blue] Round #230
[earth:blue] Round #231
[earth:blue] Round #232
[earth:blue] Round #233
[earth:blue] Round #234
[earth:blue] Round #235
[earth:blue] Round #236
[earth:blue] Round #237
[earth:blue] Round #238
[earth:blue] Round #239
[earth:blue] Round #240
[earth:blue] Round #241
[earth:blue] Round #242
[earth:blue] Round #243
[earth:blue] Round #244
[earth:blue] Round #245
[earth:blue] Round #246
[earth:blue] Round #247
[earth:blue] Round #248
[earth:blue] Round #249
[earth:blue] Round #250
[earth:blue] Round #251
[earth:blue] Round #252
[earth:blue] Round #253
[earth:blue] Round #254
[earth:blue] Round #255
[earth:blue] Round #256
[earth:blue] Round #257
[earth:blue] Round #258
[earth:blue] Round #259
[earth:blue] Round #260
[earth:blue] Round #261
[earth:blue] Round #262
[earth:blue] Round #263
[earth:blue] Round #264
[earth:blue] Round #265
[earth:blue] Round #266
[earth:blue] Round #267
[earth:blue] Round #268
[earth:blue] Round #269
[earth:blue] Round #270
[earth:blue] Round #271
[earth:blue] Round #272
[earth:blue] Round #273
[earth:blue] Round #274
[earth:blue] Round #275
[earth:blue] Round #276
[earth:blue] Round #277
[earth:blue] Round #278
[earth:blue] Round #279
[earth:blue] Round #280
[earth:blue] Round #281
[earth:blue] Round #282
[earth:blue] Round #283
[earth:blue] Round #284
[earth:blue] Round #285
[earth:blue] Round #286
[earth:blue] Round #287
[earth:blue] Round #288
[earth:blue] Round #289
[earth:blue] Round #290
[earth:blue] Round #291
[earth:blue] Round #292
[earth:blue] Round #293
[earth:blue] Round #294
[earth:blue] Round #295
[earth:blue] Round #296
[earth:blue] Round #297
[earth:blue] Round #298
[earth:blue] Round #299
[earth:blue] Round #300
[earth:blue] Round #301
[earth:blue] Round #302
[earth:blue] Round #303
[earth:blue] Round #304
[earth:blue] Round #305
[earth:blue] Round #306
[earth:blue] Round #307
[earth:blue] Round #308
[earth:blue] Round #309
[earth:blue] Round #310
[earth:blue] Round #311
[earth:blue] Round #312
[earth:blue] Round #313
[earth:blue] Round #314
[earth:blue] Round #315
[earth:blue] Round #316
[earth:blue] Round #317
[earth:blue] Round #318
[earth:blue] Round #319
[earth:blue] Round #320
[earth:blue] Round #321
[earth:blue] Round #322
[earth:blue] Round #323
[earth:blue] Round #324
[earth:blue] Round #325
[earth:blue] Round #326
[earth:blue] Round #327
[earth:blue] Round #328
[earth:blue] Round #329
[earth:blue] Round #330
[earth:blue] Round #331
[earth:blue] Round #332
[earth:blue] Round #333
[earth:blue] Round #334
[earth:blue] Round #335
[earth:blue] Round #336
[earth:blue] Round #337
[earth:blue] Round #338
[earth:blue] Round #339
[earth:blue] Round #340
[earth:blue] Round #341
[earth:blue] Round #342
[earth:blue] Round #343
[earth:blue] Round #344
[earth:blue] Round #345
[earth:blue] Round #346
[earth:blue] Round #347
[earth:blue] Round #348
[earth:blue] Round #349
[earth:blue] Round #350
[earth:blue] Round #351
[earth:blue] Round #352
[earth:blue] Round #353
[earth:blue] Round #354
[earth:blue] Round #355
[earth:blue] Round #356
[earth:blue] Round #357
[earth:blue] Round #358
[earth:blue] Round #359
[earth:blue] Round #360
[earth:blue] Round #361
[earth:blue] Round #362
[earth:blue] Round #363
[earth:blue] Round #364
[earth:blue] Round #365
[earth:blue] Round #366
[earth:blue] Round #367
[earth:blue] Round #368
[earth:blue] Round #369
[earth:blue] Round #370
[earth:blue] Round #371
[earth:blue] Round #372
[earth:blue] Round #373
[earth:blue] Round #374
[earth:blue] Round #375
[earth:blue] Round #376
[earth:blue] Round #377
[earth:blue] Round #378
[earth:blue] Round #379
[earth:blue] Round #380
[earth:blue] Round #381
[earth:blue] Round #382
[earth:blue] Round #383
[earth:blue] Round #384
[earth:blue] Round #385
[earth:blue] Round #386
[earth:blue] Round #387
[earth:blue] Round #388
[earth:blue] Round #389
[earth:blue] Round #390
[earth:blue] Round #391
[earth:blue] Round #392
[earth:blue] Round #393
[earth:blue] Round #394
[earth:blue] Round #395
[earth:blue] Round #396
[earth:blue] Round #397
[earth:blue] Round #398
[earth:blue] Round #399
[earth:blue] Round #400
[earth:blue] Round #401
[earth:blue] Round #402
[earth:blue] Round #403
[earth:blue] Round #404
[earth:blue] Round #405
[earth:blue] Round #406
[earth:blue] Round #407
[earth:blue] Round #408
[earth:blue] Round #409
[earth:blue] Round #410
[earth:blue] Round #411
[earth:blue] Round #412
[earth:blue] Round #413
[earth:blue] Round #414
[earth:blue] Round #415
[earth:blue] Round #416
[earth:blue] Round #417
[earth:blue] Round #418
[earth:blue] Round #419
[earth:blue] Round #420
[earth:blue] Round #421
[earth:blue] Round #422
[earth:blue] Round #423
[earth:blue] Round #424
[earth:blue] Round #425
[earth:blue] Round #426
[earth:blue] Round #427
[earth:blue] Round #428
[earth:blue] Round #429
[earth:blue] Round #430
[earth:blue] Round #431
[earth:blue] Round #432
[earth:blue] Round #433
[earth:blue] Round #434
[earth:blue] Round #435
[earth:blue] Round #436
[earth:blue] Round #437
[earth:blue] Round #438
[earth:blue] Round #439
[earth:blue] Round #440
[earth:blue] Round #441
[earth:blue] Round #442
[earth:blue] Round #443
[earth:blue] Round #444
[earth:blue] Round #445
[earth:blue] Round #446
[earth:blue] Round #447
[earth:blue] Round #448
[earth:blue] Round #449
[earth:blue] Round #450
[earth:blue] Round #451
[earth:blue] Round #452
[earth:blue] Round #453
[earth:blue] Round #454
[earth:blue] Round #455
[earth:blue] Round #456
[earth:blue] Round #457
[earth:blue] Round #458
[earth:blue] Round #459
[earth:blue] Round #460
[earth:blue] Round #461
[earth:blue] Round #462
[earth:blue] Round #463
[earth:blue] Round #464
[earth:blue] Round #465
[earth:blue] Round #466
[earth:blue] Round #467
[earth:blue] Round #468
[earth:blue] Round #469
[earth:blue] Round #470
[earth:blue] Round #471
[earth:blue] Round #472
[earth:blue] Round #473
[earth:blue] Round #474
[earth:blue] Round #475
[earth:blue] Round #476
[earth:blue] Round #477
[earth:blue] Round #478
[earth:blue] Round #479
[earth:blue] Round #480
[earth:blue] Round #481
[earth:blue] Round #482
[earth:blue] Round #483
[earth:blue] Round #484
[earth:blue] Round #485
[earth:blue] Round #486
[earth:blue] Round #487
[earth:blue] Round #488
[earth:blue] Round #489
[earth:blue] Round #490
[earth:blue] Round #491
[earth:blue] Round #492
[earth:blue] Round #493
[earth:blue] Round #494
[earth:blue] Round #495
[earth:blue] Round #496
[earth:blue] Round #497
[earth:blue] Round #498
[earth:blue] Round #499
[earth:blue] Round #500
[earth:blue] Round #501
[earth:blue] Round #502
[earth:blue] Round #503
[earth:blue] Round #504
[earth:blue] Round #505
[earth:blue] Round #506
[earth:blue] Round #507
[earth:blue] Round #508
[earth:blue] Round #509
[earth:blue] Round #510
[earth:blue] Round #511
[earth:blue] Round #512
[earth:blue] Round #513
[earth:blue] Round #514
[earth:blue] Round #515
[earth:blue] Round #516
[earth:blue] Round #517
[earth:blue] Round #518
[earth:blue] Round #519
[earth:blue] Round #520
[earth:blue] Round #521
[earth:blue] Round #522
[earth:blue] Round #523
[earth:blue] Round #524
[earth:blue] Round #525
[earth:blue] Round #526
[earth:blue] Round #527
[earth:blue] Round #528
[earth:blue] Round #529
[earth:blue] Round #530
[earth:blue] Round #531
[earth:blue] Round #532
[earth:blue] Round #533
[earth:blue] Round #534
[earth:blue] Round #535
[earth:blue] Round #536
[earth:blue] Round #537
[earth:blue] Round #538
[earth:blue] Round #539
[earth:blue] Round #540
[earth:blue] Round #541
[earth:blue] Round #542
[earth:blue] Round #543
[earth:blue] Round #544
[earth:blue] Round #545
[earth:blue] Round #546
[earth:blue] Round #547
[earth:blue] Round #548
[earth:blue] Round #549
[earth:blue] Round #550
[earth:blue] Round #551
[earth:blue] Round #552
[earth:blue] Round #553
[earth:blue] Round #554
[earth:blue] Round #555
[earth:blue] Round #556
[earth:blue] Round #557
[earth:blue] Round #558
[earth:blue] Round #559
[earth:blue] Round #560
[earth:blue] Round #561
[earth:blue] Round #562
[earth:blue] Round #563
[earth:blue] Round #564
[earth:blue] Round #565
[earth:blue] Round #566
[earth:blue] Round #567
[earth:blue] Round #568
[earth:blue] Round #569
[earth:blue] Round #570
[earth:blue] Round #571
[earth:blue] Round #572
[earth:blue] Round #573
[earth:blue] Round #574
[earth:blue] Round #575
[earth:blue] Round #576
[earth:blue] Round #577
[earth:blue] Round #578
[earth:blue] Round #579
[earth:blue] Round #580
[earth:blue] Round #581
[earth:blue] Round #582
[earth:blue] Round #583
[earth:blue] Round #584
[earth:blue] Round #585
[earth:blue] Round #586
[earth:blue] Round #587
[earth:blue] Round #588
[earth:blue] Round #589
[earth:blue] Round #590
[earth:blue] Round #591
[earth:blue] Round #592
[earth:blue] Round #593
[earth:blue] Round #594
[earth:blue] Round #595
[earth:blue] Round #596
[earth:blue] Round #597
[earth:blue] Round #598
[earth:blue] Round #599
[earth:blue] Round #600
[earth:blue] Round #601
[earth:blue] Round #602
[earth:blue] Round #603
[earth:blue] Round #604
[earth:blue] Round #605
[earth:blue] Round #606
[earth:blue] Round #607
[earth:blue] Round #608
[earth:blue] Round #609
[earth:blue] Round #610
[earth:blue] Round #611
[earth:blue] Round #612
[earth:blue] Round #613
[earth:blue] Round #614
[earth:blue] Round #615
[earth:blue] Round #616
[earth:blue] Round #617
[earth:blue] Round #618
[earth:blue] Round #619
[earth:blue] Round #620
[earth:blue] Round #621
[earth:blue] Round #622
[earth:blue] Round #623
[earth:blue] Round #624
[earth:blue] Round #625
[earth:blue] Round #626
[earth:blue] Round #627
[earth:blue] Round #628
[earth:blue] Round #629
[earth:blue] Round #630
[earth:blue] Round #631
[earth:blue] Round #632
[earth:blue] Round #633
[earth:blue] Round #634
[earth:blue] Round #635
[earth:blue] Round #636
[earth:blue] Round #637
[earth:blue] Round #638
[earth:blue] Round #639
[earth:blue] Round #640
[earth:blue] Round #641
[earth:blue] Round #642
[earth:blue] Round #643
[earth:blue] Round #644
[earth:blue] Round #645
[earth:blue] Round #646
[earth:blue] Round #647
[earth:blue] Round #648
[earth:blue] Round #649
[earth:blue] Round #650
[earth:blue] Round #651
[earth:blue] Round #652
[earth:blue] Round #653
[earth:blue] Round #654
[earth:blue] Round #655
[earth:blue] Round #656
[earth:blue] Round #657
[earth:blue] Round #658
[earth:blue] Round #659
[earth:blue] Round #660
[earth:blue] Round #661
[earth:blue] Round #662
[earth:blue] Round #663
[earth:blue] Round #664
[earth:blue] Round #665
[earth:blue] Round #666
[earth:blue] Round #667
[earth:blue] Round #668
[earth:blue] Round #669
[earth:blue] Round #670
[earth:blue] Round #671
[earth:blue] Round #672
[earth:blue] Round #673
[earth:blue] Round #674
[earth:blue] Round #675
[earth:blue] Round #676
[earth:blue] Round #677
[earth:blue] Round #678
[earth:blue] Round #679
[earth:blue] Round #680
[earth:blue] Round #681
[earth:blue] Round #682
[earth:blue] Round #683
[earth:blue] Round #684
[earth:blue] Round #685
[earth:blue] Round #686
[earth:blue] Round #687
[earth:blue] Round #688
[earth:blue] Round #689
[earth:blue] Round #690
[earth:blue] Round #691
[earth:blue] Round #692
[earth:blue] Round #693
[earth:blue] Round #694
[earth:blue] Round #695
[earth:blue] Round #696
[earth:blue] Round #697
[earth:blue] Round #698
[earth:blue] Round #699
[earth:blue] Round #700
[earth:blue] Round #701
[earth:blue] Round #702
[earth:blue] Round #703
[earth:blue] Round #704
[earth:blue] Round #705
[earth:blue] Round #706
[earth:blue] Round #707
[earth:blue] Round #708
[earth:blue] Round #709
[earth:blue] Round #710
[earth:blue] Round #711
[earth:blue] Round #712
[earth:blue] Round #713
[earth:blue] Round #714
[earth:blue] Round #715
[earth:blue] Round #716
[earth:blue] Round #717
[earth:blue] Round #718
[earth:blue] Round #719
[earth:blue] Round #720
[earth:blue] Round #721
[earth:blue] Round #722
[earth:blue] Round #723
[earth:blue] Round #724
[earth:blue] Round #725
[earth:blue] Round #726
[earth:blue] Round #727
[earth:blue] Round #728
[earth:blue] Round #729
[earth:blue] Round #730
[earth:blue] Round #731
[earth:blue] Round #732
[earth:blue] Round #733
[earth:blue] Round #734
[earth:blue] Round #735
[earth:blue] Round #736
[earth:blue] Round #737
[earth:blue] Round #738
[earth:blue] Round #739
[earth:blue] Round #740
[earth:blue] Round #741
[earth:blue] Round #742
[earth:blue] Round #743
[earth:blue] Round #744
[earth:blue] Round #745
[earth:blue] Round #746
[earth:blue] Round #747
[earth:blue] Round #748
[earth:blue] Round #749
Saving replay to /player/replay.bc18
Ready to run next game.
Shutting manager down.
Killed
